<html>
<body>
<pre>
<h1>礦ision Build Log</h1>
<h2>Tool Versions:</h2>
IDE-Version: μVision V5.38.0.0
Copyright (C) 2022 ARM Ltd and ARM Germany GmbH. All rights reserved.
License Information: y liuyang20040816@163.com, 1, LIC=NQQMA-1Q1AE-45YT5-GKYSM-1NV0V-VCA1E
 
Tool Versions:
Toolchain:       MDK-ARM Plus  Version: 5.34.0.0
Toolchain Path:  D:\keil-stm32\ARM\ARMCC\Bin
C Compiler:      Armcc.exe V5.06 update 7 (build 960)
Assembler:       Armasm.exe V5.06 update 7 (build 960)
Linker/Locator:  ArmLink.exe V5.06 update 7 (build 960)
Library Manager: ArmAr.exe V5.06 update 7 (build 960)
Hex Converter:   FromElf.exe V5.06 update 7 (build 960)
CPU DLL:         SARMCM3.DLL V5.34.0.0
Dialog DLL:      DCM.DLL V1.17.3.0
Target DLL:      STLink\ST-LINKIII-KEIL_SWO.dll V3.0.8.0
Dialog DLL:      TCM.DLL V1.48.0.0
 
<h2>Project:</h2>
D:\biyelunwen\刘扬 智能家居\ESP8266 - 副本\USER\ESP8266.uvprojx
Project File Date:  04/28/2026

<h2>Output:</h2>
*** Using Compiler 'V5.06 update 7 (build 960)', folder: 'D:\keil-stm32\ARM\ARMCC\Bin'
Build target 'ESP8266'
compiling tasks.c...
..\HARDWARE\Stepper motor\step.h(13): warning:  #1-D: last line of file ends without a newline
  #endif
..\HARDWARE\SU-03T\SU_03T.h(15): warning:  #1295-D: Deprecated declaration SU_03T_Cmd - give arg types
  void SU_03T_Cmd();
..\HARDWARE\SU-03T\SU_03T.h(18): warning:  #1-D: last line of file ends without a newline
  #endif
..\HARDWARE\tasks\tasks.c: 3 warnings, 0 errors
linking...
Program Size: Code=25046 RO-data=10038 RW-data=252 ZI-data=22236  
FromELF: creating hex file...
"..\OBJ\工程模板.axf" - 0 Error(s), 3 Warning(s).

<h2>Software Packages used:</h2>

Package Vendor: Keil
                https://www.keil.com/pack/Keil.STM32F4xx_DFP.3.1.1.pack
                Keil.STM32F4xx_DFP.3.1.1
                STMicroelectronics STM32F4 Series Device Support

<h2>Collection of Component include folders:</h2>

<h2>Collection of Component Files used:</h2>
Build Time Elapsed:  00:00:01
</pre>
</body>
</html>
