Component: ARM Compiler 5.06 update 7 (build 960) Tool: armlink [4d3601]

==============================================================================

Section Cross References

    system_stm32f4xx.o(i.SystemCoreClockUpdate) refers to system_stm32f4xx.o(.data) for .data
    system_stm32f4xx.o(i.SystemInit) refers to system_stm32f4xx.o(i.SetSysClock) for SetSysClock
    main.o(i.Hardware_Init) refers to dht11.o(i.DHT11_Init) for DHT11_Init
    main.o(i.Hardware_Init) refers to pwm.o(i.PWM_Init) for PWM_Init
    main.o(i.Hardware_Init) refers to usart.o(i.uart_init) for uart_init
    main.o(i.Hardware_Init) refers to usart.o(i.uart3_init) for uart3_init
    main.o(i.Hardware_Init) refers to bmp280.o(i.IIC_Init) for IIC_Init
    main.o(i.Hardware_Init) refers to adc.o(i.ADC1_Config) for ADC1_Config
    main.o(i.Hardware_Init) refers to oled.o(i.OLED_Init) for OLED_Init
    main.o(i.Hardware_Init) refers to oled.o(i.OLED_Clear) for OLED_Clear
    main.o(i.Hardware_Init) refers to beep.o(i.Beep_Init) for Beep_Init
    main.o(i.Hardware_Init) refers to w25q128.o(i.W25Qxx_Init) for W25Qxx_Init
    main.o(i.Hardware_Init) refers to key.o(i.key_4X4_Init) for key_4X4_Init
    main.o(i.Hardware_Init) refers to light.o(i.LIGHT_Init) for LIGHT_Init
    main.o(i.Hardware_Init) refers to mq2.o(i.MQ2_Init) for MQ2_Init
    main.o(i.Hardware_Init) refers to mq135.o(i.MQ135_Init) for MQ135_Init
    main.o(i.Hardware_Init) refers to rain.o(i.RAIN_Init) for RAIN_Init
    main.o(i.Hardware_Init) refers to mfrc522.o(i.STM32_SPI3_Init) for STM32_SPI3_Init
    main.o(i.Hardware_Init) refers to step.o(i.Step_Motor_Init) for Step_Motor_Init
    main.o(i.Hardware_Init) refers to printfa.o(i.__0printf) for __2printf
    main.o(i.door) refers to password.o(i.password_check) for password_check
    main.o(i.door) refers to oled.o(i.oled_show_input) for oled_show_input
    main.o(i.door) refers to password.o(i.password_get_input) for password_get_input
    main.o(i.door) refers to oled.o(i.oled_show_old) for oled_show_old
    main.o(i.door) refers to password.o(i.password_compare) for password_compare
    main.o(i.door) refers to password.o(i.password_old_wrong_action) for password_old_wrong_action
    main.o(i.door) refers to password.o(i.password_input_wrong_action) for password_input_wrong_action
    main.o(i.door) refers to password.o(i.password_input_right_action) for password_input_right_action
    main.o(i.door) refers to password.o(i.password_old_right_action) for password_old_right_action
    main.o(i.door) refers to main.o(.data) for .data
    main.o(i.main) refers to misc.o(i.NVIC_PriorityGroupConfig) for NVIC_PriorityGroupConfig
    main.o(i.main) refers to main.o(i.Hardware_Init) for Hardware_Init
    main.o(i.main) refers to bmp280.o(i.bme280Init) for bme280Init
    main.o(i.main) refers to pwm.o(i.PWM_SetCompare1) for PWM_SetCompare1
    main.o(i.main) refers to delay.o(i.delay_ms) for delay_ms
    main.o(i.main) refers to oled.o(i.OLED_ShowString) for OLED_ShowString
    main.o(i.main) refers to esp8266.o(i.ESP8266_Init) for ESP8266_Init
    main.o(i.main) refers to oled.o(i.OLED_Clear) for OLED_Clear
    main.o(i.main) refers to printfa.o(i.__0printf) for __2printf
    main.o(i.main) refers to onenet.o(i.OneNet_DevLink) for OneNet_DevLink
    main.o(i.main) refers to onenet.o(i.OneNET_Subscribe) for OneNET_Subscribe
    main.o(i.main) refers to key.o(i.button_scan) for button_scan
    main.o(i.main) refers to main.o(i.door) for door
    main.o(i.main) refers to tasks.o(i.timer_isr) for timer_isr
    main.o(i.main) refers to main.o(.data) for .data
    startup_stm32f40_41xxx.o(RESET) refers to startup_stm32f40_41xxx.o(STACK) for __initial_sp
    startup_stm32f40_41xxx.o(RESET) refers to startup_stm32f40_41xxx.o(.text) for Reset_Handler
    startup_stm32f40_41xxx.o(RESET) refers to stm32f4xx_it.o(i.NMI_Handler) for NMI_Handler
    startup_stm32f40_41xxx.o(RESET) refers to stm32f4xx_it.o(i.HardFault_Handler) for HardFault_Handler
    startup_stm32f40_41xxx.o(RESET) refers to stm32f4xx_it.o(i.MemManage_Handler) for MemManage_Handler
    startup_stm32f40_41xxx.o(RESET) refers to stm32f4xx_it.o(i.BusFault_Handler) for BusFault_Handler
    startup_stm32f40_41xxx.o(RESET) refers to stm32f4xx_it.o(i.UsageFault_Handler) for UsageFault_Handler
    startup_stm32f40_41xxx.o(RESET) refers to stm32f4xx_it.o(i.SVC_Handler) for SVC_Handler
    startup_stm32f40_41xxx.o(RESET) refers to stm32f4xx_it.o(i.DebugMon_Handler) for DebugMon_Handler
    startup_stm32f40_41xxx.o(RESET) refers to stm32f4xx_it.o(i.PendSV_Handler) for PendSV_Handler
    startup_stm32f40_41xxx.o(RESET) refers to stm32f4xx_it.o(i.SysTick_Handler) for SysTick_Handler
    startup_stm32f40_41xxx.o(RESET) refers to timer.o(i.TIM2_IRQHandler) for TIM2_IRQHandler
    startup_stm32f40_41xxx.o(RESET) refers to usart.o(i.USART1_IRQHandler) for USART1_IRQHandler
    startup_stm32f40_41xxx.o(RESET) refers to esp8266.o(i.USART3_IRQHandler) for USART3_IRQHandler
[...]
    Removing stm32f4xx_can.o(i.CAN_GetFlagStatus), (52 bytes).
    Removing stm32f4xx_can.o(i.CAN_GetITStatus), (168 bytes).
    Removing stm32f4xx_can.o(i.CAN_GetLSBTransmitErrorCounter), (8 bytes).
    Removing stm32f4xx_can.o(i.CAN_GetLastErrorCode), (10 bytes).
    Removing stm32f4xx_can.o(i.CAN_GetReceiveErrorCounter), (6 bytes).
    Removing stm32f4xx_can.o(i.CAN_ITConfig), (16 bytes).
    Removing stm32f4xx_can.o(i.CAN_Init), (232 bytes).
    Removing stm32f4xx_can.o(i.CAN_MessagePending), (22 bytes).
    Removing stm32f4xx_can.o(i.CAN_OperatingModeRequest), (140 bytes).
    Removing stm32f4xx_can.o(i.CAN_Receive), (142 bytes).
    Removing stm32f4xx_can.o(i.CAN_SlaveStartBank), (44 bytes).
    Removing stm32f4xx_can.o(i.CAN_Sleep), (30 bytes).
    Removing stm32f4xx_can.o(i.CAN_StructInit), (32 bytes).
    Removing stm32f4xx_can.o(i.CAN_TTComModeCmd), (90 bytes).
    Removing stm32f4xx_can.o(i.CAN_Transmit), (190 bytes).
    Removing stm32f4xx_can.o(i.CAN_TransmitStatus), (108 bytes).
    Removing stm32f4xx_can.o(i.CAN_WakeUp), (40 bytes).
    Removing stm32f4xx_can.o(i.CheckITStatus), (12 bytes).
    Removing stm32f4xx_crc.o(.rev16_text), (4 bytes).
    Removing stm32f4xx_crc.o(.revsh_text), (4 bytes).
    Removing stm32f4xx_crc.o(i.CRC_CalcBlockCRC), (28 bytes).
    Removing stm32f4xx_crc.o(i.CRC_CalcCRC), (12 bytes).
    Removing stm32f4xx_crc.o(i.CRC_GetCRC), (12 bytes).
    Removing stm32f4xx_crc.o(i.CRC_GetIDRegister), (12 bytes).
    Removing stm32f4xx_crc.o(i.CRC_ResetDR), (12 bytes).
    Removing stm32f4xx_crc.o(i.CRC_SetIDRegister), (12 bytes).
    Removing stm32f4xx_cryp.o(.rev16_text), (4 bytes).
    Removing stm32f4xx_cryp.o(.revsh_text), (4 bytes).
    Removing stm32f4xx_cryp.o(i.CRYP_Cmd), (28 bytes).
    Removing stm32f4xx_cryp.o(i.CRYP_DMACmd), (28 bytes).
    Removing stm32f4xx_cryp.o(i.CRYP_DataIn), (12 bytes).
    Removing stm32f4xx_cryp.o(i.CRYP_DataOut), (12 bytes).
    Removing stm32f4xx_cryp.o(i.CRYP_DeInit), (22 bytes).
    Removing stm32f4xx_cryp.o(i.CRYP_FIFOFlush), (16 bytes).
    Removing stm32f4xx_cryp.o(i.CRYP_GetCmdStatus), (20 bytes).
    Removing stm32f4xx_cryp.o(i.CRYP_GetFlagStatus), (28 bytes).
    Removing stm32f4xx_cryp.o(i.CRYP_GetITStatus), (20 bytes).
    Removing stm32f4xx_cryp.o(i.CRYP_ITConfig), (28 bytes).
    Removing stm32f4xx_cryp.o(i.CRYP_IVInit), (24 bytes).
    Removing stm32f4xx_cryp.o(i.CRYP_IVStructInit), (12 bytes).
    Removing stm32f4xx_cryp.o(i.CRYP_Init), (92 bytes).
    Removing stm32f4xx_cryp.o(i.CRYP_KeyInit), (40 bytes).
    Removing stm32f4xx_cryp.o(i.CRYP_KeyStructInit), (20 bytes).
    Removing stm32f4xx_cryp.o(i.CRYP_PhaseConfig), (20 bytes).
    Removing stm32f4xx_cryp.o(i.CRYP_RestoreContext), (136 bytes).
    Removing stm32f4xx_cryp.o(i.CRYP_SaveContext), (220 bytes).
    Removing stm32f4xx_cryp.o(i.CRYP_StructInit), (12 bytes).
    Removing stm32f4xx_cryp_aes.o(.rev16_text), (4 bytes).
    Removing stm32f4xx_cryp_aes.o(.revsh_text), (4 bytes).
    Removing stm32f4xx_cryp_aes.o(i.CRYP_AES_CBC), (438 bytes).
    Removing stm32f4xx_cryp_aes.o(i.CRYP_AES_CCM), (1444 bytes).
    Removing stm32f4xx_cryp_aes.o(i.CRYP_AES_CTR), (382 bytes).
    Removing stm32f4xx_cryp_aes.o(i.CRYP_AES_ECB), (402 bytes).
    Removing stm32f4xx_cryp_aes.o(i.CRYP_AES_GCM), (1078 bytes).
    Removing stm32f4xx_cryp_des.o(.rev16_text), (4 bytes).
    Removing stm32f4xx_cryp_des.o(.revsh_text), (4 bytes).
    Removing stm32f4xx_cryp_des.o(i.CRYP_DES_CBC), (218 bytes).
    Removing stm32f4xx_cryp_des.o(i.CRYP_DES_ECB), (196 bytes).
    Removing stm32f4xx_cryp_tdes.o(.rev16_text), (4 bytes).
    Removing stm32f4xx_cryp_tdes.o(.revsh_text), (4 bytes).
    Removing stm32f4xx_cryp_tdes.o(i.CRYP_TDES_CBC), (250 bytes).
    Removing stm32f4xx_cryp_tdes.o(i.CRYP_TDES_ECB), (226 bytes).
    Removing stm32f4xx_dac.o(.rev16_text), (4 bytes).
    Removing stm32f4xx_dac.o(.revsh_text), (4 bytes).
    Removing stm32f4xx_dac.o(i.DAC_ClearFlag), (12 bytes).
    Removing stm32f4xx_dac.o(i.DAC_ClearITPendingBit), (12 bytes).
    Removing stm32f4xx_dac.o(i.DAC_Cmd), (24 bytes).
    Removing stm32f4xx_dac.o(i.DAC_DMACmd), (24 bytes).
    Removing stm32f4xx_dac.o(i.DAC_DeInit), (24 bytes).
    Removing stm32f4xx_dac.o(i.DAC_DualSoftwareTriggerCmd), (28 bytes).
    Removing stm32f4xx_dac.o(i.DAC_GetDataOutputValue), (24 bytes).
    Removing stm32f4xx_dac.o(i.DAC_GetFlagStatus), (24 bytes).
    Removing stm32f4xx_dac.o(i.DAC_GetITStatus), (36 bytes).
    Removing stm32f4xx_dac.o(i.DAC_ITConfig), (24 bytes).
    Removing stm32f4xx_dac.o(i.DAC_Init), (40 bytes).
    Removing stm32f4xx_dac.o(i.DAC_SetChannel1Data), (20 bytes).
    Removing stm32f4xx_dac.o(i.DAC_SetChannel2Data), (20 bytes).
    Removing stm32f4xx_dac.o(i.DAC_SetDualChannelData), (28 bytes).
    Removing stm32f4xx_dac.o(i.DAC_SoftwareTriggerCmd), (28 bytes).
    Removing stm32f4xx_dac.o(i.DAC_StructInit), (12 bytes).
    Removing stm32f4xx_dac.o(i.DAC_WaveGenerationCmd), (24 bytes).
    Removing stm32f4xx_dbgmcu.o(.rev16_text), (4 bytes).
    Removing stm32f4xx_dbgmcu.o(.revsh_text), (4 bytes).
    Removing stm32f4xx_dbgmcu.o(i.DBGMCU_APB1PeriphConfig), (24 bytes).
    Removing stm32f4xx_dbgmcu.o(i.DBGMCU_APB2PeriphConfig), (24 bytes).
    Removing stm32f4xx_dbgmcu.o(i.DBGMCU_Config), (24 bytes).
    Removing stm32f4xx_dbgmcu.o(i.DBGMCU_GetDEVID), (16 bytes).
    Removing stm32f4xx_dbgmcu.o(i.DBGMCU_GetREVID), (12 bytes).
    Removing stm32f4xx_dcmi.o(.rev16_text), (4 bytes).
    Removing stm32f4xx_dcmi.o(.revsh_text), (4 bytes).
    Removing stm32f4xx_dcmi.o(i.DCMI_CROPCmd), (28 bytes).
    Removing stm32f4xx_dcmi.o(i.DCMI_CROPConfig), (24 bytes).
    Removing stm32f4xx_dcmi.o(i.DCMI_CaptureCmd), (28 bytes).
    Removing stm32f4xx_dcmi.o(i.DCMI_ClearFlag), (12 bytes).
    Removing stm32f4xx_dcmi.o(i.DCMI_ClearITPendingBit), (12 bytes).
    Removing stm32f4xx_dcmi.o(i.DCMI_Cmd), (28 bytes).
    Removing stm32f4xx_dcmi.o(i.DCMI_DeInit), (28 bytes).
    Removing stm32f4xx_dcmi.o(i.DCMI_GetFlagStatus), (36 bytes).
    Removing stm32f4xx_dcmi.o(i.DCMI_GetITStatus), (20 bytes).
    Removing stm32f4xx_dcmi.o(i.DCMI_ITConfig), (28 bytes).
    Removing stm32f4xx_dcmi.o(i.DCMI_Init), (60 bytes).
    Removing stm32f4xx_dcmi.o(i.DCMI_JPEGCmd), (28 bytes).
    Removing stm32f4xx_dcmi.o(i.DCMI_ReadData), (12 bytes).
    Removing stm32f4xx_dcmi.o(i.DCMI_SetEmbeddedSynchroCodes), (24 bytes).
    Removing stm32f4xx_dcmi.o(i.DCMI_StructInit), (18 bytes).
    Removing stm32f4xx_dma.o(.rev16_text), (4 bytes).
    Removing stm32f4xx_dma.o(.revsh_text), (4 bytes).
    Removing stm32f4xx_dma.o(i.DMA_ClearFlag), (44 bytes).
    Removing stm32f4xx_dma.o(i.DMA_ClearITPendingBit), (44 bytes).
    Removing stm32f4xx_dma.o(i.DMA_DoubleBufferModeCmd), (20 bytes).
    Removing stm32f4xx_dma.o(i.DMA_DoubleBufferModeConfig), (22 bytes).
    Removing stm32f4xx_dma.o(i.DMA_FlowControllerConfig), (20 bytes).
    Removing stm32f4xx_dma.o(i.DMA_GetCmdStatus), (14 bytes).
    Removing stm32f4xx_dma.o(i.DMA_GetCurrDataCounter), (6 bytes).
    Removing stm32f4xx_dma.o(i.DMA_GetCurrentMemoryTarget), (14 bytes).
    Removing stm32f4xx_dma.o(i.DMA_GetFIFOStatus), (8 bytes).
    Removing stm32f4xx_dma.o(i.DMA_GetFlagStatus), (52 bytes).
    Removing stm32f4xx_dma.o(i.DMA_GetITStatus), (84 bytes).
    Removing stm32f4xx_dma.o(i.DMA_ITConfig), (44 bytes).
    Removing stm32f4xx_dma.o(i.DMA_MemoryTargetConfig), (10 bytes).
    Removing stm32f4xx_dma.o(i.DMA_PeriphIncOffsetSizeConfig), (20 bytes).
    Removing stm32f4xx_dma.o(i.DMA_SetCurrDataCounter), (4 bytes).
    Removing stm32f4xx_dma.o(i.DMA_StructInit), (34 bytes).
    Removing stm32f4xx_dma2d.o(.rev16_text), (4 bytes).
    Removing stm32f4xx_dma2d.o(.revsh_text), (4 bytes).
    Removing stm32f4xx_dma2d.o(i.DMA2D_AbortTransfer), (16 bytes).
    Removing stm32f4xx_dma2d.o(i.DMA2D_BGConfig), (108 bytes).
    Removing stm32f4xx_dma2d.o(i.DMA2D_BGStart), (28 bytes).
    Removing stm32f4xx_dma2d.o(i.DMA2D_BG_StructInit), (26 bytes).
    Removing stm32f4xx_dma2d.o(i.DMA2D_ClearFlag), (12 bytes).
    Removing stm32f4xx_dma2d.o(i.DMA2D_ClearITPendingBit), (12 bytes).
    Removing stm32f4xx_dma2d.o(i.DMA2D_DeInit), (24 bytes).
    Removing stm32f4xx_dma2d.o(i.DMA2D_DeadTimeConfig), (44 bytes).
    Removing stm32f4xx_dma2d.o(i.DMA2D_FGConfig), (108 bytes).
    Removing stm32f4xx_dma2d.o(i.DMA2D_FGStart), (28 bytes).
    Removing stm32f4xx_dma2d.o(i.DMA2D_FG_StructInit), (26 bytes).
    Removing stm32f4xx_dma2d.o(i.DMA2D_GetFlagStatus), (20 bytes).
    Removing stm32f4xx_dma2d.o(i.DMA2D_GetITStatus), (36 bytes).
    Removing stm32f4xx_dma2d.o(i.DMA2D_ITConfig), (24 bytes).
    Removing stm32f4xx_dma2d.o(i.DMA2D_Init), (180 bytes).
    Removing stm32f4xx_dma2d.o(i.DMA2D_LineWatermarkConfig), (12 bytes).
    Removing stm32f4xx_dma2d.o(i.DMA2D_StartTransfer), (16 bytes).
    Removing stm32f4xx_dma2d.o(i.DMA2D_StructInit), (24 bytes).
    Removing stm32f4xx_dma2d.o(i.DMA2D_Suspend), (28 bytes).
    Removing stm32f4xx_exti.o(.rev16_text), (4 bytes).
    Removing stm32f4xx_exti.o(.revsh_text), (4 bytes).
    Removing stm32f4xx_exti.o(i.EXTI_ClearFlag), (12 bytes).
    Removing stm32f4xx_exti.o(i.EXTI_ClearITPendingBit), (12 bytes).
    Removing stm32f4xx_exti.o(i.EXTI_DeInit), (36 bytes).
    Removing stm32f4xx_exti.o(i.EXTI_GenerateSWInterrupt), (16 bytes).
    Removing stm32f4xx_exti.o(i.EXTI_GetFlagStatus), (20 bytes).
    Removing stm32f4xx_exti.o(i.EXTI_GetITStatus), (20 bytes).
    Removing stm32f4xx_exti.o(i.EXTI_Init), (112 bytes).
    Removing stm32f4xx_exti.o(i.EXTI_StructInit), (14 bytes).
    Removing stm32f4xx_flash.o(.rev16_text), (4 bytes).
    Removing stm32f4xx_flash.o(.revsh_text), (4 bytes).
    Removing stm32f4xx_flash.o(i.FLASH_ClearFlag), (12 bytes).
    Removing stm32f4xx_flash.o(i.FLASH_DataCacheCmd), (28 bytes).
    Removing stm32f4xx_flash.o(i.FLASH_DataCacheReset), (16 bytes).
    Removing stm32f4xx_flash.o(i.FLASH_EraseAllBank1Sectors), (92 bytes).
    Removing stm32f4xx_flash.o(i.FLASH_EraseAllBank2Sectors), (92 bytes).
    Removing stm32f4xx_flash.o(i.FLASH_EraseAllSectors), (92 bytes).
    Removing stm32f4xx_flash.o(i.FLASH_EraseSector), (108 bytes).
    Removing stm32f4xx_flash.o(i.FLASH_GetFlagStatus), (20 bytes).
    Removing stm32f4xx_flash.o(i.FLASH_GetStatus), (60 bytes).
    Removing stm32f4xx_flash.o(i.FLASH_ITConfig), (24 bytes).
    Removing stm32f4xx_flash.o(i.FLASH_InstructionCacheCmd), (28 bytes).
    Removing stm32f4xx_flash.o(i.FLASH_InstructionCacheReset), (16 bytes).
    Removing stm32f4xx_flash.o(i.FLASH_Lock), (16 bytes).
    Removing stm32f4xx_flash.o(i.FLASH_OB_BORConfig), (24 bytes).
    Removing stm32f4xx_flash.o(i.FLASH_OB_BootConfig), (24 bytes).
    Removing stm32f4xx_flash.o(i.FLASH_OB_GetBOR), (16 bytes).
    Removing stm32f4xx_flash.o(i.FLASH_OB_GetPCROP), (12 bytes).
    Removing stm32f4xx_flash.o(i.FLASH_OB_GetPCROP1), (12 bytes).
    Removing stm32f4xx_flash.o(i.FLASH_OB_GetRDP), (20 bytes).
    Removing stm32f4xx_flash.o(i.FLASH_OB_GetUser), (16 bytes).
    Removing stm32f4xx_flash.o(i.FLASH_OB_GetWRP), (12 bytes).
    Removing stm32f4xx_flash.o(i.FLASH_OB_GetWRP1), (12 bytes).
    Removing stm32f4xx_flash.o(i.FLASH_OB_Launch), (20 bytes).
    Removing stm32f4xx_flash.o(i.FLASH_OB_Lock), (16 bytes).
    Removing stm32f4xx_flash.o(i.FLASH_OB_PCROP1Config), (36 bytes).
    Removing stm32f4xx_flash.o(i.FLASH_OB_PCROPConfig), (36 bytes).
    Removing stm32f4xx_flash.o(i.FLASH_OB_PCROPSelectionConfig), (20 bytes).
    Removing stm32f4xx_flash.o(i.FLASH_OB_RDPConfig), (24 bytes).
    Removing stm32f4xx_flash.o(i.FLASH_OB_Unlock), (36 bytes).
    Removing stm32f4xx_flash.o(i.FLASH_OB_UserConfig), (40 bytes).
    Removing stm32f4xx_flash.o(i.FLASH_OB_WRP1Config), (36 bytes).
    Removing stm32f4xx_flash.o(i.FLASH_OB_WRPConfig), (36 bytes).
    Removing stm32f4xx_flash.o(i.FLASH_PrefetchBufferCmd), (28 bytes).
    Removing stm32f4xx_flash.o(i.FLASH_ProgramByte), (56 bytes).
    Removing stm32f4xx_flash.o(i.FLASH_ProgramDoubleWord), (64 bytes).
    Removing stm32f4xx_flash.o(i.FLASH_ProgramHalfWord), (60 bytes).
    Removing stm32f4xx_flash.o(i.FLASH_ProgramWord), (60 bytes).
    Removing stm32f4xx_flash.o(i.FLASH_SetLatency), (12 bytes).
    Removing stm32f4xx_flash.o(i.FLASH_Unlock), (36 bytes).
    Removing stm32f4xx_flash.o(i.FLASH_WaitForLastOperation), (30 bytes).
    Removing stm32f4xx_flash_ramfunc.o(.rev16_text), (4 bytes).
    Removing stm32f4xx_flash_ramfunc.o(.revsh_text), (4 bytes).
    Removing stm32f4xx_flash_ramfunc.o(i.FLASH_FlashInterfaceCmd), (28 bytes).
    Removing stm32f4xx_flash_ramfunc.o(i.FLASH_FlashSleepModeCmd), (28 bytes).
    Removing stm32f4xx_fsmc.o(.rev16_text), (4 bytes).
    Removing stm32f4xx_fsmc.o(.revsh_text), (4 bytes).
    Removing stm32f4xx_fsmc.o(i.FSMC_ClearFlag), (38 bytes).
    Removing stm32f4xx_fsmc.o(i.FSMC_ClearITPendingBit), (42 bytes).
    Removing stm32f4xx_fsmc.o(i.FSMC_GetECC), (18 bytes).
    Removing stm32f4xx_fsmc.o(i.FSMC_GetFlagStatus), (40 bytes).
    Removing stm32f4xx_fsmc.o(i.FSMC_GetITStatus), (48 bytes).
    Removing stm32f4xx_fsmc.o(i.FSMC_ITConfig), (72 bytes).
    Removing stm32f4xx_fsmc.o(i.FSMC_NANDCmd), (56 bytes).
    Removing stm32f4xx_fsmc.o(i.FSMC_NANDDeInit), (40 bytes).
    Removing stm32f4xx_fsmc.o(i.FSMC_NANDECCCmd), (56 bytes).
    Removing stm32f4xx_fsmc.o(i.FSMC_NANDInit), (104 bytes).
    Removing stm32f4xx_fsmc.o(i.FSMC_NANDStructInit), (54 bytes).
    Removing stm32f4xx_fsmc.o(i.FSMC_NORSRAMCmd), (32 bytes).
    Removing stm32f4xx_fsmc.o(i.FSMC_NORSRAMDeInit), (38 bytes).
    Removing stm32f4xx_fsmc.o(i.FSMC_NORSRAMInit), (200 bytes).
    Removing stm32f4xx_fsmc.o(i.FSMC_NORSRAMStructInit), (48 bytes).
    Removing stm32f4xx_fsmc.o(i.FSMC_PCCARDCmd), (32 bytes).
    Removing stm32f4xx_fsmc.o(i.FSMC_PCCARDDeInit), (26 bytes).
    Removing stm32f4xx_fsmc.o(i.FSMC_PCCARDInit), (102 bytes).
    Removing stm32f4xx_fsmc.o(i.FSMC_PCCARDStructInit), (60 bytes).
    Removing stm32f4xx_fsmc.o(.constdata), (28 bytes).
    Removing stm32f4xx_gpio.o(.rev16_text), (4 bytes).
    Removing stm32f4xx_gpio.o(.revsh_text), (4 bytes).
    Removing stm32f4xx_gpio.o(i.GPIO_DeInit), (260 bytes).
    Removing stm32f4xx_gpio.o(i.GPIO_PinLockConfig), (24 bytes).
    Removing stm32f4xx_gpio.o(i.GPIO_ReadInputData), (6 bytes).
    Removing stm32f4xx_gpio.o(i.GPIO_ReadOutputData), (6 bytes).
    Removing stm32f4xx_gpio.o(i.GPIO_ReadOutputDataBit), (14 bytes).
    Removing stm32f4xx_gpio.o(i.GPIO_StructInit), (18 bytes).
    Removing stm32f4xx_gpio.o(i.GPIO_ToggleBits), (8 bytes).
    Removing stm32f4xx_gpio.o(i.GPIO_Write), (4 bytes).
    Removing stm32f4xx_hash.o(.rev16_text), (4 bytes).
    Removing stm32f4xx_hash.o(.revsh_text), (4 bytes).
    Removing stm32f4xx_hash.o(i.HASH_AutoStartDigest), (28 bytes).
    Removing stm32f4xx_hash.o(i.HASH_ClearFlag), (12 bytes).
    Removing stm32f4xx_hash.o(i.HASH_ClearITPendingBit), (12 bytes).
    Removing stm32f4xx_hash.o(i.HASH_DMACmd), (28 bytes).
    Removing stm32f4xx_hash.o(i.HASH_DataIn), (12 bytes).
    Removing stm32f4xx_hash.o(i.HASH_DeInit), (22 bytes).
    Removing stm32f4xx_hash.o(i.HASH_GetDigest), (72 bytes).
    Removing stm32f4xx_hash.o(i.HASH_GetFlagStatus), (32 bytes).
    Removing stm32f4xx_hash.o(i.HASH_GetITStatus), (28 bytes).
    Removing stm32f4xx_hash.o(i.HASH_GetInFIFOWordsNbr), (16 bytes).
    Removing stm32f4xx_hash.o(i.HASH_ITConfig), (24 bytes).
    Removing stm32f4xx_hash.o(i.HASH_Init), (68 bytes).
    Removing stm32f4xx_hash.o(i.HASH_Reset), (16 bytes).
    Removing stm32f4xx_hash.o(i.HASH_RestoreContext), (68 bytes).
    Removing stm32f4xx_hash.o(i.HASH_SaveContext), (60 bytes).
    Removing stm32f4xx_hash.o(i.HASH_SetLastWordValidBitsNbr), (24 bytes).
    Removing stm32f4xx_hash.o(i.HASH_StartDigest), (16 bytes).
    Removing stm32f4xx_hash.o(i.HASH_StructInit), (12 bytes).
    Removing stm32f4xx_hash_md5.o(.rev16_text), (4 bytes).
    Removing stm32f4xx_hash_md5.o(.revsh_text), (4 bytes).
    Removing stm32f4xx_hash_md5.o(i.HASH_MD5), (158 bytes).
    Removing stm32f4xx_hash_md5.o(i.HMAC_MD5), (320 bytes).
    Removing stm32f4xx_hash_sha1.o(.rev16_text), (4 bytes).
    Removing stm32f4xx_hash_sha1.o(.revsh_text), (4 bytes).
    Removing stm32f4xx_hash_sha1.o(i.HASH_SHA1), (164 bytes).
    Removing stm32f4xx_hash_sha1.o(i.HMAC_SHA1), (324 bytes).
    Removing stm32f4xx_i2c.o(.rev16_text), (4 bytes).
    Removing stm32f4xx_i2c.o(.revsh_text), (4 bytes).
    Removing stm32f4xx_i2c.o(i.I2C_ARPCmd), (20 bytes).
    Removing stm32f4xx_i2c.o(i.I2C_AcknowledgeConfig), (20 bytes).
    Removing stm32f4xx_i2c.o(i.I2C_AnalogFilterCmd), (20 bytes).
    Removing stm32f4xx_i2c.o(i.I2C_CalculatePEC), (20 bytes).
    Removing stm32f4xx_i2c.o(i.I2C_CheckEvent), (24 bytes).
    Removing stm32f4xx_i2c.o(i.I2C_ClearFlag), (6 bytes).
    Removing stm32f4xx_i2c.o(i.I2C_ClearITPendingBit), (6 bytes).
    Removing stm32f4xx_i2c.o(i.I2C_Cmd), (20 bytes).
    Removing stm32f4xx_i2c.o(i.I2C_DMACmd), (20 bytes).
    Removing stm32f4xx_i2c.o(i.I2C_DMALastTransferCmd), (20 bytes).
    Removing stm32f4xx_i2c.o(i.I2C_DeInit), (68 bytes).
    Removing stm32f4xx_i2c.o(i.I2C_DigitalFilterConfig), (16 bytes).
    Removing stm32f4xx_i2c.o(i.I2C_DualAddressCmd), (20 bytes).
    Removing stm32f4xx_i2c.o(i.I2C_FastModeDutyCycleConfig), (22 bytes).
    Removing stm32f4xx_i2c.o(i.I2C_GeneralCallCmd), (20 bytes).
    Removing stm32f4xx_i2c.o(i.I2C_GenerateSTART), (20 bytes).
    Removing stm32f4xx_i2c.o(i.I2C_GenerateSTOP), (20 bytes).
    Removing stm32f4xx_i2c.o(i.I2C_GetFlagStatus), (42 bytes).
    Removing stm32f4xx_i2c.o(i.I2C_GetITStatus), (36 bytes).
    Removing stm32f4xx_i2c.o(i.I2C_GetLastEvent), (14 bytes).
    Removing stm32f4xx_i2c.o(i.I2C_GetPEC), (6 bytes).
    Removing stm32f4xx_i2c.o(i.I2C_ITConfig), (16 bytes).
    Removing stm32f4xx_i2c.o(i.I2C_Init), (184 bytes).
    Removing stm32f4xx_i2c.o(i.I2C_NACKPositionConfig), (22 bytes).
    Removing stm32f4xx_i2c.o(i.I2C_OwnAddress2Config), (16 bytes).
    Removing stm32f4xx_i2c.o(i.I2C_PECPositionConfig), (22 bytes).
    Removing stm32f4xx_i2c.o(i.I2C_ReadRegister), (10 bytes).
    Removing stm32f4xx_i2c.o(i.I2C_ReceiveData), (6 bytes).
    Removing stm32f4xx_i2c.o(i.I2C_SMBusAlertConfig), (22 bytes).
    Removing stm32f4xx_i2c.o(i.I2C_Send7bitAddress), (16 bytes).
    Removing stm32f4xx_i2c.o(i.I2C_SendData), (4 bytes).
    Removing stm32f4xx_i2c.o(i.I2C_SoftwareResetCmd), (20 bytes).
    Removing stm32f4xx_i2c.o(i.I2C_StretchClockCmd), (20 bytes).
    Removing stm32f4xx_i2c.o(i.I2C_StructInit), (28 bytes).
    Removing stm32f4xx_i2c.o(i.I2C_TransmitPEC), (20 bytes).
    Removing stm32f4xx_iwdg.o(.rev16_text), (4 bytes).
    Removing stm32f4xx_iwdg.o(.revsh_text), (4 bytes).
    Removing stm32f4xx_iwdg.o(i.IWDG_Enable), (16 bytes).
    Removing stm32f4xx_iwdg.o(i.IWDG_GetFlagStatus), (20 bytes).
    Removing stm32f4xx_iwdg.o(i.IWDG_ReloadCounter), (16 bytes).
    Removing stm32f4xx_iwdg.o(i.IWDG_SetPrescaler), (12 bytes).
    Removing stm32f4xx_iwdg.o(i.IWDG_SetReload), (12 bytes).
    Removing stm32f4xx_iwdg.o(i.IWDG_WriteAccessCmd), (12 bytes).
    Removing stm32f4xx_ltdc.o(.rev16_text), (4 bytes).
    Removing stm32f4xx_ltdc.o(.revsh_text), (4 bytes).
    Removing stm32f4xx_ltdc.o(i.LTDC_CLUTCmd), (32 bytes).
    Removing stm32f4xx_ltdc.o(i.LTDC_CLUTInit), (26 bytes).
    Removing stm32f4xx_ltdc.o(i.LTDC_CLUTStructInit), (12 bytes).
    Removing stm32f4xx_ltdc.o(i.LTDC_ClearFlag), (12 bytes).
    Removing stm32f4xx_ltdc.o(i.LTDC_ClearITPendingBit), (12 bytes).
    Removing stm32f4xx_ltdc.o(i.LTDC_Cmd), (28 bytes).
    Removing stm32f4xx_ltdc.o(i.LTDC_ColorKeyingConfig), (64 bytes).
    Removing stm32f4xx_ltdc.o(i.LTDC_ColorKeyingStructInit), (10 bytes).
    Removing stm32f4xx_ltdc.o(i.LTDC_DeInit), (24 bytes).
    Removing stm32f4xx_ltdc.o(i.LTDC_DitherCmd), (28 bytes).
    Removing stm32f4xx_ltdc.o(i.LTDC_GetCDStatus), (20 bytes).
    Removing stm32f4xx_ltdc.o(i.LTDC_GetFlagStatus), (20 bytes).
    Removing stm32f4xx_ltdc.o(i.LTDC_GetITStatus), (36 bytes).
    Removing stm32f4xx_ltdc.o(i.LTDC_GetPosStatus), (28 bytes).
    Removing stm32f4xx_ltdc.o(i.LTDC_GetRGBWidth), (44 bytes).
    Removing stm32f4xx_ltdc.o(i.LTDC_ITConfig), (24 bytes).
    Removing stm32f4xx_ltdc.o(i.LTDC_Init), (168 bytes).
    Removing stm32f4xx_ltdc.o(i.LTDC_LIPConfig), (12 bytes).
    Removing stm32f4xx_ltdc.o(i.LTDC_LayerAddress), (4 bytes).
    Removing stm32f4xx_ltdc.o(i.LTDC_LayerAlpha), (4 bytes).
    Removing stm32f4xx_ltdc.o(i.LTDC_LayerCmd), (20 bytes).
    Removing stm32f4xx_ltdc.o(i.LTDC_LayerInit), (150 bytes).
    Removing stm32f4xx_ltdc.o(i.LTDC_LayerPixelFormat), (96 bytes).
    Removing stm32f4xx_ltdc.o(i.LTDC_LayerPosition), (116 bytes).
    Removing stm32f4xx_ltdc.o(i.LTDC_LayerSize), (86 bytes).
    Removing stm32f4xx_ltdc.o(i.LTDC_LayerStructInit), (44 bytes).
    Removing stm32f4xx_ltdc.o(i.LTDC_PosStructInit), (8 bytes).
    Removing stm32f4xx_ltdc.o(i.LTDC_RGBStructInit), (10 bytes).
    Removing stm32f4xx_ltdc.o(i.LTDC_ReloadConfig), (12 bytes).
    Removing stm32f4xx_ltdc.o(i.LTDC_StructInit), (34 bytes).
    Removing stm32f4xx_pwr.o(.rev16_text), (4 bytes).
    Removing stm32f4xx_pwr.o(.revsh_text), (4 bytes).
    Removing stm32f4xx_pwr.o(i.PWR_BackupAccessCmd), (12 bytes).
    Removing stm32f4xx_pwr.o(i.PWR_BackupRegulatorCmd), (12 bytes).
    Removing stm32f4xx_pwr.o(i.PWR_ClearFlag), (16 bytes).
    Removing stm32f4xx_pwr.o(i.PWR_DeInit), (24 bytes).
    Removing stm32f4xx_pwr.o(i.PWR_EnterSTANDBYMode), (32 bytes).
    Removing stm32f4xx_pwr.o(i.PWR_EnterSTOPMode), (56 bytes).
    Removing stm32f4xx_pwr.o(i.PWR_EnterUnderDriveSTOPMode), (56 bytes).
    Removing stm32f4xx_pwr.o(i.PWR_FlashPowerDownCmd), (12 bytes).
    Removing stm32f4xx_pwr.o(i.PWR_GetFlagStatus), (20 bytes).
    Removing stm32f4xx_pwr.o(i.PWR_LowRegulatorLowVoltageCmd), (16 bytes).
    Removing stm32f4xx_pwr.o(i.PWR_MainRegulatorLowVoltageCmd), (16 bytes).
    Removing stm32f4xx_pwr.o(i.PWR_MainRegulatorModeConfig), (20 bytes).
    Removing stm32f4xx_pwr.o(i.PWR_OverDriveCmd), (12 bytes).
    Removing stm32f4xx_pwr.o(i.PWR_OverDriveSWCmd), (12 bytes).
    Removing stm32f4xx_pwr.o(i.PWR_PVDCmd), (12 bytes).
    Removing stm32f4xx_pwr.o(i.PWR_PVDLevelConfig), (20 bytes).
    Removing stm32f4xx_pwr.o(i.PWR_UnderDriveCmd), (28 bytes).
    Removing stm32f4xx_pwr.o(i.PWR_WakeUpPinCmd), (12 bytes).
    Removing stm32f4xx_rcc.o(.rev16_text), (4 bytes).
    Removing stm32f4xx_rcc.o(.revsh_text), (4 bytes).
    Removing stm32f4xx_rcc.o(i.RCC_AHB1PeriphClockLPModeCmd), (24 bytes).
    Removing stm32f4xx_rcc.o(i.RCC_AHB1PeriphResetCmd), (24 bytes).
    Removing stm32f4xx_rcc.o(i.RCC_AHB2PeriphClockCmd), (24 bytes).
    Removing stm32f4xx_rcc.o(i.RCC_AHB2PeriphClockLPModeCmd), (24 bytes).
    Removing stm32f4xx_rcc.o(i.RCC_AHB2PeriphResetCmd), (24 bytes).
    Removing stm32f4xx_rcc.o(i.RCC_AHB3PeriphClockCmd), (24 bytes).
    Removing stm32f4xx_rcc.o(i.RCC_AHB3PeriphClockLPModeCmd), (24 bytes).
    Removing stm32f4xx_rcc.o(i.RCC_AHB3PeriphResetCmd), (24 bytes).
    Removing stm32f4xx_rcc.o(i.RCC_APB1PeriphClockLPModeCmd), (24 bytes).
    Removing stm32f4xx_rcc.o(i.RCC_APB1PeriphResetCmd), (24 bytes).
    Removing stm32f4xx_rcc.o(i.RCC_APB2PeriphClockLPModeCmd), (24 bytes).
    Removing stm32f4xx_rcc.o(i.RCC_APB2PeriphResetCmd), (24 bytes).
    Removing stm32f4xx_rcc.o(i.RCC_AdjustHSICalibrationValue), (20 bytes).
    Removing stm32f4xx_rcc.o(i.RCC_BackupResetCmd), (12 bytes).
    Removing stm32f4xx_rcc.o(i.RCC_ClearFlag), (16 bytes).
    Removing stm32f4xx_rcc.o(i.RCC_ClearITPendingBit), (12 bytes).
    Removing stm32f4xx_rcc.o(i.RCC_ClockSecuritySystemCmd), (12 bytes).
    Removing stm32f4xx_rcc.o(i.RCC_DeInit), (84 bytes).
    Removing stm32f4xx_rcc.o(i.RCC_GetFlagStatus), (52 bytes).
    Removing stm32f4xx_rcc.o(i.RCC_GetITStatus), (20 bytes).
    Removing stm32f4xx_rcc.o(i.RCC_GetSYSCLKSource), (16 bytes).
    Removing stm32f4xx_rcc.o(i.RCC_HCLKConfig), (20 bytes).
    Removing stm32f4xx_rcc.o(i.RCC_HSEConfig), (16 bytes).
    Removing stm32f4xx_rcc.o(i.RCC_HSICmd), (12 bytes).
    Removing stm32f4xx_rcc.o(i.RCC_I2SCLKConfig), (12 bytes).
    Removing stm32f4xx_rcc.o(i.RCC_ITConfig), (24 bytes).
    Removing stm32f4xx_rcc.o(i.RCC_LSEConfig), (28 bytes).
    Removing stm32f4xx_rcc.o(i.RCC_LSEModeConfig), (28 bytes).
    Removing stm32f4xx_rcc.o(i.RCC_LSICmd), (12 bytes).
    Removing stm32f4xx_rcc.o(i.RCC_LTDCCLKDivConfig), (20 bytes).
    Removing stm32f4xx_rcc.o(i.RCC_MCO1Config), (20 bytes).
    Removing stm32f4xx_rcc.o(i.RCC_MCO2Config), (20 bytes).
    Removing stm32f4xx_rcc.o(i.RCC_PCLK1Config), (20 bytes).
    Removing stm32f4xx_rcc.o(i.RCC_PCLK2Config), (20 bytes).
    Removing stm32f4xx_rcc.o(i.RCC_PLLCmd), (12 bytes).
    Removing stm32f4xx_rcc.o(i.RCC_PLLConfig), (40 bytes).
    Removing stm32f4xx_rcc.o(i.RCC_PLLI2SCmd), (12 bytes).
    Removing stm32f4xx_rcc.o(i.RCC_PLLI2SConfig), (16 bytes).
    Removing stm32f4xx_rcc.o(i.RCC_PLLSAICmd), (12 bytes).
    Removing stm32f4xx_rcc.o(i.RCC_PLLSAIConfig), (20 bytes).
    Removing stm32f4xx_rcc.o(i.RCC_RTCCLKCmd), (12 bytes).
    Removing stm32f4xx_rcc.o(i.RCC_RTCCLKConfig), (48 bytes).
    Removing stm32f4xx_rcc.o(i.RCC_SAIBlockACLKConfig), (20 bytes).
    Removing stm32f4xx_rcc.o(i.RCC_SAIBlockBCLKConfig), (20 bytes).
    Removing stm32f4xx_rcc.o(i.RCC_SAIPLLI2SClkDivConfig), (20 bytes).
    Removing stm32f4xx_rcc.o(i.RCC_SAIPLLSAIClkDivConfig), (28 bytes).
    Removing stm32f4xx_rcc.o(i.RCC_SYSCLKConfig), (20 bytes).
    Removing stm32f4xx_rcc.o(i.RCC_TIMCLKPresConfig), (12 bytes).
    Removing stm32f4xx_rcc.o(i.RCC_WaitForHSEStartUp), (44 bytes).
    Removing stm32f4xx_rng.o(.rev16_text), (4 bytes).
    Removing stm32f4xx_rng.o(.revsh_text), (4 bytes).
    Removing stm32f4xx_rng.o(i.RNG_ClearFlag), (16 bytes).
    Removing stm32f4xx_rng.o(i.RNG_ClearITPendingBit), (16 bytes).
    Removing stm32f4xx_rng.o(i.RNG_Cmd), (28 bytes).
    Removing stm32f4xx_rng.o(i.RNG_DeInit), (22 bytes).
    Removing stm32f4xx_rng.o(i.RNG_GetFlagStatus), (20 bytes).
    Removing stm32f4xx_rng.o(i.RNG_GetITStatus), (20 bytes).
    Removing stm32f4xx_rng.o(i.RNG_GetRandomNumber), (12 bytes).
    Removing stm32f4xx_rng.o(i.RNG_ITConfig), (28 bytes).
    Removing stm32f4xx_rtc.o(.rev16_text), (4 bytes).
    Removing stm32f4xx_rtc.o(.revsh_text), (4 bytes).
    Removing stm32f4xx_rtc.o(i.RTC_AlarmCmd), (84 bytes).
    Removing stm32f4xx_rtc.o(i.RTC_AlarmStructInit), (20 bytes).
    Removing stm32f4xx_rtc.o(i.RTC_AlarmSubSecondConfig), (44 bytes).
    Removing stm32f4xx_rtc.o(i.RTC_Bcd2ToByte), (18 bytes).
    Removing stm32f4xx_rtc.o(i.RTC_BypassShadowCmd), (44 bytes).
    Removing stm32f4xx_rtc.o(i.RTC_ByteToBcd2), (24 bytes).
    Removing stm32f4xx_rtc.o(i.RTC_CalibOutputCmd), (44 bytes).
    Removing stm32f4xx_rtc.o(i.RTC_CalibOutputConfig), (40 bytes).
    Removing stm32f4xx_rtc.o(i.RTC_ClearFlag), (28 bytes).
    Removing stm32f4xx_rtc.o(i.RTC_ClearITPendingBit), (28 bytes).
    Removing stm32f4xx_rtc.o(i.RTC_CoarseCalibCmd), (60 bytes).
    Removing stm32f4xx_rtc.o(i.RTC_CoarseCalibConfig), (52 bytes).
    Removing stm32f4xx_rtc.o(i.RTC_DateStructInit), (14 bytes).
    Removing stm32f4xx_rtc.o(i.RTC_DayLightSavingConfig), (44 bytes).
    Removing stm32f4xx_rtc.o(i.RTC_DeInit), (176 bytes).
    Removing stm32f4xx_rtc.o(i.RTC_EnterInitMode), (60 bytes).
    Removing stm32f4xx_rtc.o(i.RTC_ExitInitMode), (16 bytes).
    Removing stm32f4xx_rtc.o(i.RTC_GetAlarm), (108 bytes).
    Removing stm32f4xx_rtc.o(i.RTC_GetAlarmSubSecond), (28 bytes).
    Removing stm32f4xx_rtc.o(i.RTC_GetDate), (76 bytes).
    Removing stm32f4xx_rtc.o(i.RTC_GetFlagStatus), (28 bytes).
    Removing stm32f4xx_rtc.o(i.RTC_GetITStatus), (56 bytes).
    Removing stm32f4xx_rtc.o(i.RTC_GetStoreOperation), (16 bytes).
    Removing stm32f4xx_rtc.o(i.RTC_GetSubSecond), (16 bytes).
    Removing stm32f4xx_rtc.o(i.RTC_GetTime), (80 bytes).
    Removing stm32f4xx_rtc.o(i.RTC_GetTimeStamp), (136 bytes).
    Removing stm32f4xx_rtc.o(i.RTC_GetTimeStampSubSecond), (12 bytes).
    Removing stm32f4xx_rtc.o(i.RTC_GetWakeUpCounter), (12 bytes).
    Removing stm32f4xx_rtc.o(i.RTC_ITConfig), (64 bytes).
    Removing stm32f4xx_rtc.o(i.RTC_Init), (80 bytes).
    Removing stm32f4xx_rtc.o(i.RTC_OutputConfig), (44 bytes).
    Removing stm32f4xx_rtc.o(i.RTC_OutputTypeConfig), (24 bytes).
    Removing stm32f4xx_rtc.o(i.RTC_ReadBackupRegister), (20 bytes).
    Removing stm32f4xx_rtc.o(i.RTC_RefClockCmd), (60 bytes).
    Removing stm32f4xx_rtc.o(i.RTC_SetAlarm), (164 bytes).
    Removing stm32f4xx_rtc.o(i.RTC_SetDate), (152 bytes).
    Removing stm32f4xx_rtc.o(i.RTC_SetTime), (160 bytes).
    Removing stm32f4xx_rtc.o(i.RTC_SetWakeUpCounter), (28 bytes).
    Removing stm32f4xx_rtc.o(i.RTC_SmoothCalibConfig), (76 bytes).
    Removing stm32f4xx_rtc.o(i.RTC_StructInit), (14 bytes).
    Removing stm32f4xx_rtc.o(i.RTC_SynchroShiftConfig), (88 bytes).
    Removing stm32f4xx_rtc.o(i.RTC_TamperCmd), (24 bytes).
    Removing stm32f4xx_rtc.o(i.RTC_TamperFilterConfig), (24 bytes).
    Removing stm32f4xx_rtc.o(i.RTC_TamperPinSelection), (24 bytes).
    Removing stm32f4xx_rtc.o(i.RTC_TamperPinsPrechargeDuration), (24 bytes).
    Removing stm32f4xx_rtc.o(i.RTC_TamperPullUpCmd), (28 bytes).
    Removing stm32f4xx_rtc.o(i.RTC_TamperSamplingFreqConfig), (24 bytes).
    Removing stm32f4xx_rtc.o(i.RTC_TamperTriggerConfig), (28 bytes).
    Removing stm32f4xx_rtc.o(i.RTC_TimeStampCmd), (48 bytes).
    Removing stm32f4xx_rtc.o(i.RTC_TimeStampOnTamperDetectionCmd), (28 bytes).
    Removing stm32f4xx_rtc.o(i.RTC_TimeStampPinSelection), (24 bytes).
    Removing stm32f4xx_rtc.o(i.RTC_TimeStructInit), (12 bytes).
    Removing stm32f4xx_rtc.o(i.RTC_WaitForSynchro), (76 bytes).
    Removing stm32f4xx_rtc.o(i.RTC_WakeUpClockConfig), (40 bytes).
    Removing stm32f4xx_rtc.o(i.RTC_WakeUpCmd), (88 bytes).
    Removing stm32f4xx_rtc.o(i.RTC_WriteBackupRegister), (20 bytes).
    Removing stm32f4xx_rtc.o(i.RTC_WriteProtectionCmd), (24 bytes).
    Removing stm32f4xx_sai.o(.rev16_text), (4 bytes).
    Removing stm32f4xx_sai.o(.revsh_text), (4 bytes).
    Removing stm32f4xx_sai.o(i.SAI_ClearFlag), (8 bytes).
    Removing stm32f4xx_sai.o(i.SAI_ClearITPendingBit), (8 bytes).
    Removing stm32f4xx_sai.o(i.SAI_Cmd), (20 bytes).
    Removing stm32f4xx_sai.o(i.SAI_CompandingModeConfig), (16 bytes).
    Removing stm32f4xx_sai.o(i.SAI_DMACmd), (20 bytes).
    Removing stm32f4xx_sai.o(i.SAI_DeInit), (24 bytes).
    Removing stm32f4xx_sai.o(i.SAI_FlushFIFO), (10 bytes).
    Removing stm32f4xx_sai.o(i.SAI_FrameInit), (48 bytes).
    Removing stm32f4xx_sai.o(i.SAI_FrameStructInit), (18 bytes).
    Removing stm32f4xx_sai.o(i.SAI_GetCmdStatus), (14 bytes).
    Removing stm32f4xx_sai.o(i.SAI_GetFIFOStatus), (8 bytes).
    Removing stm32f4xx_sai.o(i.SAI_GetFlagStatus), (14 bytes).
    Removing stm32f4xx_sai.o(i.SAI_GetITStatus), (22 bytes).
    Removing stm32f4xx_sai.o(i.SAI_ITConfig), (16 bytes).
    Removing stm32f4xx_sai.o(i.SAI_Init), (68 bytes).
    Removing stm32f4xx_sai.o(i.SAI_MonoModeConfig), (18 bytes).
    Removing stm32f4xx_sai.o(i.SAI_MuteFrameCounterConfig), (18 bytes).
    Removing stm32f4xx_sai.o(i.SAI_MuteModeCmd), (20 bytes).
    Removing stm32f4xx_sai.o(i.SAI_MuteValueConfig), (16 bytes).
    Removing stm32f4xx_sai.o(i.SAI_ReceiveData), (4 bytes).
    Removing stm32f4xx_sai.o(i.SAI_SendData), (4 bytes).
    Removing stm32f4xx_sai.o(i.SAI_SlotInit), (38 bytes).
    Removing stm32f4xx_sai.o(i.SAI_SlotStructInit), (14 bytes).
    Removing stm32f4xx_sai.o(i.SAI_StructInit), (26 bytes).
    Removing stm32f4xx_sai.o(i.SAI_TRIStateConfig), (18 bytes).
    Removing stm32f4xx_sdio.o(.rev16_text), (4 bytes).
    Removing stm32f4xx_sdio.o(.revsh_text), (4 bytes).
    Removing stm32f4xx_sdio.o(i.SDIO_CEATAITCmd), (16 bytes).
    Removing stm32f4xx_sdio.o(i.SDIO_ClearFlag), (12 bytes).
    Removing stm32f4xx_sdio.o(i.SDIO_ClearITPendingBit), (12 bytes).
    Removing stm32f4xx_sdio.o(i.SDIO_ClockCmd), (12 bytes).
    Removing stm32f4xx_sdio.o(i.SDIO_CmdStructInit), (14 bytes).
    Removing stm32f4xx_sdio.o(i.SDIO_CommandCompletionCmd), (12 bytes).
    Removing stm32f4xx_sdio.o(i.SDIO_DMACmd), (12 bytes).
    Removing stm32f4xx_sdio.o(i.SDIO_DataConfig), (48 bytes).
    Removing stm32f4xx_sdio.o(i.SDIO_DataStructInit), (20 bytes).
    Removing stm32f4xx_sdio.o(i.SDIO_DeInit), (24 bytes).
    Removing stm32f4xx_sdio.o(i.SDIO_GetCommandResponse), (12 bytes).
    Removing stm32f4xx_sdio.o(i.SDIO_GetDataCounter), (12 bytes).
    Removing stm32f4xx_sdio.o(i.SDIO_GetFIFOCount), (12 bytes).
    Removing stm32f4xx_sdio.o(i.SDIO_GetFlagStatus), (20 bytes).
    Removing stm32f4xx_sdio.o(i.SDIO_GetITStatus), (20 bytes).
    Removing stm32f4xx_sdio.o(i.SDIO_GetPowerState), (16 bytes).
    Removing stm32f4xx_sdio.o(i.SDIO_GetResponse), (16 bytes).
    Removing stm32f4xx_sdio.o(i.SDIO_ITConfig), (24 bytes).
    Removing stm32f4xx_sdio.o(i.SDIO_Init), (44 bytes).
    Removing stm32f4xx_sdio.o(i.SDIO_ReadData), (12 bytes).
    Removing stm32f4xx_sdio.o(i.SDIO_SendCEATACmd), (12 bytes).
    Removing stm32f4xx_sdio.o(i.SDIO_SendCommand), (40 bytes).
    Removing stm32f4xx_sdio.o(i.SDIO_SendSDIOSuspendCmd), (12 bytes).
    Removing stm32f4xx_sdio.o(i.SDIO_SetPowerState), (12 bytes).
    Removing stm32f4xx_sdio.o(i.SDIO_SetSDIOOperation), (12 bytes).
    Removing stm32f4xx_sdio.o(i.SDIO_SetSDIOReadWaitMode), (12 bytes).
    Removing stm32f4xx_sdio.o(i.SDIO_StartSDIOReadWait), (12 bytes).
    Removing stm32f4xx_sdio.o(i.SDIO_StopSDIOReadWait), (12 bytes).
    Removing stm32f4xx_sdio.o(i.SDIO_StructInit), (16 bytes).
    Removing stm32f4xx_sdio.o(i.SDIO_WriteData), (12 bytes).
    Removing stm32f4xx_spi.o(.rev16_text), (4 bytes).
    Removing stm32f4xx_spi.o(.revsh_text), (4 bytes).
    Removing stm32f4xx_spi.o(i.I2S_Cmd), (20 bytes).
    Removing stm32f4xx_spi.o(i.I2S_FullDuplexConfig), (58 bytes).
    Removing stm32f4xx_spi.o(i.I2S_Init), (212 bytes).
    Removing stm32f4xx_spi.o(i.I2S_StructInit), (18 bytes).
    Removing stm32f4xx_spi.o(i.SPI_BiDirectionalLineConfig), (22 bytes).
    Removing stm32f4xx_spi.o(i.SPI_CalculateCRC), (20 bytes).
    Removing stm32f4xx_spi.o(i.SPI_Cmd), (20 bytes).
    Removing stm32f4xx_spi.o(i.SPI_DataSizeConfig), (16 bytes).
    Removing stm32f4xx_spi.o(i.SPI_GetCRC), (12 bytes).
    Removing stm32f4xx_spi.o(i.SPI_GetCRCPolynomial), (4 bytes).
    Removing stm32f4xx_spi.o(i.SPI_I2S_ClearFlag), (6 bytes).
    Removing stm32f4xx_spi.o(i.SPI_I2S_ClearITPendingBit), (14 bytes).
    Removing stm32f4xx_spi.o(i.SPI_I2S_DMACmd), (16 bytes).
    Removing stm32f4xx_spi.o(i.SPI_I2S_DeInit), (132 bytes).
    Removing stm32f4xx_spi.o(i.SPI_I2S_GetFlagStatus), (14 bytes).
    Removing stm32f4xx_spi.o(i.SPI_I2S_GetITStatus), (44 bytes).
    Removing stm32f4xx_spi.o(i.SPI_I2S_ITConfig), (24 bytes).
    Removing stm32f4xx_spi.o(i.SPI_I2S_ReceiveData), (4 bytes).
    Removing stm32f4xx_spi.o(i.SPI_I2S_SendData), (4 bytes).
    Removing stm32f4xx_spi.o(i.SPI_Init), (56 bytes).
    Removing stm32f4xx_spi.o(i.SPI_NSSInternalSoftwareConfig), (24 bytes).
    Removing stm32f4xx_spi.o(i.SPI_SSOutputCmd), (20 bytes).
    Removing stm32f4xx_spi.o(i.SPI_StructInit), (24 bytes).
    Removing stm32f4xx_spi.o(i.SPI_TIModeCmd), (20 bytes).
    Removing stm32f4xx_spi.o(i.SPI_TransmitCRC), (10 bytes).
    Removing stm32f4xx_syscfg.o(.rev16_text), (4 bytes).
    Removing stm32f4xx_syscfg.o(.revsh_text), (4 bytes).
    Removing stm32f4xx_syscfg.o(i.SYSCFG_CompensationCellCmd), (12 bytes).
    Removing stm32f4xx_syscfg.o(i.SYSCFG_DeInit), (24 bytes).
    Removing stm32f4xx_syscfg.o(i.SYSCFG_ETH_MediaInterfaceConfig), (12 bytes).
    Removing stm32f4xx_syscfg.o(i.SYSCFG_EXTILineConfig), (48 bytes).
    Removing stm32f4xx_syscfg.o(i.SYSCFG_GetCompensationCellStatus), (20 bytes).
    Removing stm32f4xx_syscfg.o(i.SYSCFG_MemoryRemapConfig), (12 bytes).
    Removing stm32f4xx_syscfg.o(i.SYSCFG_MemorySwappingBank), (12 bytes).
    Removing stm32f4xx_tim.o(.rev16_text), (4 bytes).
    Removing stm32f4xx_tim.o(.revsh_text), (4 bytes).
    Removing stm32f4xx_tim.o(i.TI1_Config), (46 bytes).
    Removing stm32f4xx_tim.o(i.TI2_Config), (54 bytes).
    Removing stm32f4xx_tim.o(i.TIM_BDTRConfig), (34 bytes).
    Removing stm32f4xx_tim.o(i.TIM_BDTRStructInit), (18 bytes).
    Removing stm32f4xx_tim.o(i.TIM_CCPreloadControl), (20 bytes).
    Removing stm32f4xx_tim.o(i.TIM_CCxCmd), (22 bytes).
    Removing stm32f4xx_tim.o(i.TIM_CCxNCmd), (22 bytes).
    Removing stm32f4xx_tim.o(i.TIM_ClearFlag), (6 bytes).
    Removing stm32f4xx_tim.o(i.TIM_ClearOC1Ref), (12 bytes).
    Removing stm32f4xx_tim.o(i.TIM_ClearOC2Ref), (20 bytes).
    Removing stm32f4xx_tim.o(i.TIM_ClearOC3Ref), (12 bytes).
    Removing stm32f4xx_tim.o(i.TIM_ClearOC4Ref), (20 bytes).
    Removing stm32f4xx_tim.o(i.TIM_CounterModeConfig), (12 bytes).
    Removing stm32f4xx_tim.o(i.TIM_CtrlPWMOutputs), (22 bytes).
    Removing stm32f4xx_tim.o(i.TIM_DMACmd), (16 bytes).
    Removing stm32f4xx_tim.o(i.TIM_DMAConfig), (8 bytes).
    Removing stm32f4xx_tim.o(i.TIM_DeInit), (336 bytes).
    Removing stm32f4xx_tim.o(i.TIM_ETRClockMode1Config), (18 bytes).
    Removing stm32f4xx_tim.o(i.TIM_ETRClockMode2Config), (18 bytes).
    Removing stm32f4xx_tim.o(i.TIM_ETRConfig), (24 bytes).
    Removing stm32f4xx_tim.o(i.TIM_EncoderInterfaceConfig), (50 bytes).
    Removing stm32f4xx_tim.o(i.TIM_ForcedOC1Config), (12 bytes).
    Removing stm32f4xx_tim.o(i.TIM_ForcedOC2Config), (20 bytes).
    Removing stm32f4xx_tim.o(i.TIM_ForcedOC3Config), (12 bytes).
    Removing stm32f4xx_tim.o(i.TIM_ForcedOC4Config), (20 bytes).
    Removing stm32f4xx_tim.o(i.TIM_GenerateEvent), (4 bytes).
    Removing stm32f4xx_tim.o(i.TIM_GetCapture2), (4 bytes).
    Removing stm32f4xx_tim.o(i.TIM_GetCapture3), (4 bytes).
    Removing stm32f4xx_tim.o(i.TIM_GetCapture4), (4 bytes).
    Removing stm32f4xx_tim.o(i.TIM_GetCounter), (4 bytes).
    Removing stm32f4xx_tim.o(i.TIM_GetFlagStatus), (14 bytes).
    Removing stm32f4xx_tim.o(i.TIM_GetPrescaler), (4 bytes).
    Removing stm32f4xx_tim.o(i.TIM_ICInit), (172 bytes).
    Removing stm32f4xx_tim.o(i.TIM_ICStructInit), (16 bytes).
    Removing stm32f4xx_tim.o(i.TIM_ITConfig), (16 bytes).
    Removing stm32f4xx_tim.o(i.TIM_ITRxExternalClockConfig), (18 bytes).
    Removing stm32f4xx_tim.o(i.TIM_InternalClockConfig), (10 bytes).
    Removing stm32f4xx_tim.o(i.TIM_OC1FastConfig), (12 bytes).
    Removing stm32f4xx_tim.o(i.TIM_OC1NPolarityConfig), (12 bytes).
    Removing stm32f4xx_tim.o(i.TIM_OC1PolarityConfig), (12 bytes).
    Removing stm32f4xx_tim.o(i.TIM_OC2FastConfig), (20 bytes).
    Removing stm32f4xx_tim.o(i.TIM_OC2Init), (128 bytes).
    Removing stm32f4xx_tim.o(i.TIM_OC2NPolarityConfig), (20 bytes).
    Removing stm32f4xx_tim.o(i.TIM_OC2PolarityConfig), (20 bytes).
    Removing stm32f4xx_tim.o(i.TIM_OC2PreloadConfig), (20 bytes).
    Removing stm32f4xx_tim.o(i.TIM_OC3FastConfig), (12 bytes).
    Removing stm32f4xx_tim.o(i.TIM_OC3Init), (124 bytes).
    Removing stm32f4xx_tim.o(i.TIM_OC3NPolarityConfig), (20 bytes).
    Removing stm32f4xx_tim.o(i.TIM_OC3PolarityConfig), (20 bytes).
    Removing stm32f4xx_tim.o(i.TIM_OC3PreloadConfig), (12 bytes).
    Removing stm32f4xx_tim.o(i.TIM_OC4FastConfig), (20 bytes).
    Removing stm32f4xx_tim.o(i.TIM_OC4Init), (96 bytes).
    Removing stm32f4xx_tim.o(i.TIM_OC4PolarityConfig), (20 bytes).
    Removing stm32f4xx_tim.o(i.TIM_OC4PreloadConfig), (20 bytes).
    Removing stm32f4xx_tim.o(i.TIM_OCStructInit), (20 bytes).
    Removing stm32f4xx_tim.o(i.TIM_PWMIConfig), (108 bytes).
    Removing stm32f4xx_tim.o(i.TIM_PrescalerConfig), (6 bytes).
    Removing stm32f4xx_tim.o(i.TIM_RemapConfig), (6 bytes).
    Removing stm32f4xx_tim.o(i.TIM_SelectCCDMA), (20 bytes).
    Removing stm32f4xx_tim.o(i.TIM_SelectCOM), (20 bytes).
    Removing stm32f4xx_tim.o(i.TIM_SelectHallSensor), (20 bytes).
    Removing stm32f4xx_tim.o(i.TIM_SelectInputTrigger), (12 bytes).
    Removing stm32f4xx_tim.o(i.TIM_SelectMasterSlaveMode), (16 bytes).
    Removing stm32f4xx_tim.o(i.TIM_SelectOCxM), (74 bytes).
    Removing stm32f4xx_tim.o(i.TIM_SelectOnePulseMode), (16 bytes).
    Removing stm32f4xx_tim.o(i.TIM_SelectOutputTrigger), (16 bytes).
    Removing stm32f4xx_tim.o(i.TIM_SelectSlaveMode), (16 bytes).
    Removing stm32f4xx_tim.o(i.TIM_SetAutoreload), (4 bytes).
    Removing stm32f4xx_tim.o(i.TIM_SetClockDivision), (16 bytes).
    Removing stm32f4xx_tim.o(i.TIM_SetCompare2), (4 bytes).
    Removing stm32f4xx_tim.o(i.TIM_SetCompare3), (4 bytes).
    Removing stm32f4xx_tim.o(i.TIM_SetCompare4), (4 bytes).
    Removing stm32f4xx_tim.o(i.TIM_SetCounter), (4 bytes).
    Removing stm32f4xx_tim.o(i.TIM_SetIC1Prescaler), (16 bytes).
    Removing stm32f4xx_tim.o(i.TIM_SetIC2Prescaler), (24 bytes).
    Removing stm32f4xx_tim.o(i.TIM_SetIC3Prescaler), (16 bytes).
    Removing stm32f4xx_tim.o(i.TIM_SetIC4Prescaler), (24 bytes).
    Removing stm32f4xx_tim.o(i.TIM_TIxExternalClockConfig), (46 bytes).
    Removing stm32f4xx_tim.o(i.TIM_TimeBaseStructInit), (18 bytes).
    Removing stm32f4xx_tim.o(i.TIM_UpdateDisableConfig), (20 bytes).
    Removing stm32f4xx_tim.o(i.TIM_UpdateRequestConfig), (20 bytes).
    Removing stm32f4xx_usart.o(.rev16_text), (4 bytes).
    Removing stm32f4xx_usart.o(.revsh_text), (4 bytes).
    Removing stm32f4xx_usart.o(i.USART_ClearITPendingBit), (12 bytes).
    Removing stm32f4xx_usart.o(i.USART_ClockInit), (28 bytes).
    Removing stm32f4xx_usart.o(i.USART_ClockStructInit), (12 bytes).
    Removing stm32f4xx_usart.o(i.USART_DMACmd), (16 bytes).
    Removing stm32f4xx_usart.o(i.USART_DeInit), (172 bytes).
    Removing stm32f4xx_usart.o(i.USART_HalfDuplexCmd), (20 bytes).
    Removing stm32f4xx_usart.o(i.USART_IrDACmd), (20 bytes).
    Removing stm32f4xx_usart.o(i.USART_IrDAConfig), (16 bytes).
    Removing stm32f4xx_usart.o(i.USART_LINBreakDetectLengthConfig), (16 bytes).
    Removing stm32f4xx_usart.o(i.USART_LINCmd), (20 bytes).
    Removing stm32f4xx_usart.o(i.USART_OneBitMethodCmd), (20 bytes).
    Removing stm32f4xx_usart.o(i.USART_OverSampling8Cmd), (20 bytes).
    Removing stm32f4xx_usart.o(i.USART_ReceiverWakeUpCmd), (20 bytes).
    Removing stm32f4xx_usart.o(i.USART_SendBreak), (10 bytes).
    Removing stm32f4xx_usart.o(i.USART_SetAddress), (16 bytes).
    Removing stm32f4xx_usart.o(i.USART_SetGuardTime), (16 bytes).
    Removing stm32f4xx_usart.o(i.USART_SetPrescaler), (16 bytes).
    Removing stm32f4xx_usart.o(i.USART_SmartCardCmd), (20 bytes).
    Removing stm32f4xx_usart.o(i.USART_SmartCardNACKCmd), (20 bytes).
    Removing stm32f4xx_usart.o(i.USART_StructInit), (22 bytes).
    Removing stm32f4xx_usart.o(i.USART_WakeUpConfig), (16 bytes).
    Removing stm32f4xx_wwdg.o(.rev16_text), (4 bytes).
    Removing stm32f4xx_wwdg.o(.revsh_text), (4 bytes).
    Removing stm32f4xx_wwdg.o(i.WWDG_ClearFlag), (12 bytes).
    Removing stm32f4xx_wwdg.o(i.WWDG_DeInit), (24 bytes).
    Removing stm32f4xx_wwdg.o(i.WWDG_Enable), (16 bytes).
    Removing stm32f4xx_wwdg.o(i.WWDG_EnableIT), (16 bytes).
    Removing stm32f4xx_wwdg.o(i.WWDG_GetFlagStatus), (20 bytes).
    Removing stm32f4xx_wwdg.o(i.WWDG_SetCounter), (16 bytes).
    Removing stm32f4xx_wwdg.o(i.WWDG_SetPrescaler), (20 bytes).
    Removing stm32f4xx_wwdg.o(i.WWDG_SetWindowValue), (28 bytes).
    Removing cjson.o(i.cJSON_AddItemReferenceToArray), (22 bytes).
    Removing cjson.o(i.cJSON_AddItemReferenceToObject), (26 bytes).
    Removing cjson.o(i.cJSON_AddItemToArray), (28 bytes).
    Removing cjson.o(i.cJSON_AddItemToObject), (48 bytes).
    Removing cjson.o(i.cJSON_AddItemToObjectCS), (56 bytes).
    Removing cjson.o(i.cJSON_CreateArray), (16 bytes).
    Removing cjson.o(i.cJSON_CreateBool), (24 bytes).
    Removing cjson.o(i.cJSON_CreateDoubleArray), (58 bytes).
    Removing cjson.o(i.cJSON_CreateFalse), (16 bytes).
    Removing cjson.o(i.cJSON_CreateFloatArray), (62 bytes).
    Removing cjson.o(i.cJSON_CreateIntArray), (62 bytes).
    Removing cjson.o(i.cJSON_CreateNull), (16 bytes).
    Removing cjson.o(i.cJSON_CreateNumber), (48 bytes).
    Removing cjson.o(i.cJSON_CreateObject), (16 bytes).
    Removing cjson.o(i.cJSON_CreateString), (28 bytes).
    Removing cjson.o(i.cJSON_CreateStringArray), (54 bytes).
    Removing cjson.o(i.cJSON_CreateTrue), (16 bytes).
    Removing cjson.o(i.cJSON_DeleteItemFromArray), (14 bytes).
    Removing cjson.o(i.cJSON_DeleteItemFromObject), (14 bytes).
    Removing cjson.o(i.cJSON_DetachItemFromArray), (52 bytes).
    Removing cjson.o(i.cJSON_DetachItemFromObject), (50 bytes).
    Removing cjson.o(i.cJSON_Duplicate), (118 bytes).
    Removing cjson.o(i.cJSON_GetArrayItem), (18 bytes).
    Removing cjson.o(i.cJSON_GetArraySize), (16 bytes).
    Removing cjson.o(i.cJSON_GetErrorPtr), (12 bytes).
    Removing cjson.o(i.cJSON_InitHooks), (44 bytes).
    Removing cjson.o(i.cJSON_InsertItemInArray), (44 bytes).
    Removing cjson.o(i.cJSON_Minify), (144 bytes).
    Removing cjson.o(i.cJSON_Print), (10 bytes).
    Removing cjson.o(i.cJSON_PrintBuffered), (44 bytes).
    Removing cjson.o(i.cJSON_PrintUnformatted), (10 bytes).
    Removing cjson.o(i.cJSON_ReplaceItemInArray), (62 bytes).
    Removing cjson.o(i.cJSON_ReplaceItemInObject), (62 bytes).
    Removing cjson.o(i.cJSON_strdup), (40 bytes).
    Removing cjson.o(i.create_reference), (44 bytes).
    Removing cjson.o(i.ensure), (112 bytes).
    Removing cjson.o(i.print_array), (492 bytes).
    Removing cjson.o(i.print_number), (456 bytes).
    Removing cjson.o(i.print_object), (884 bytes).
    Removing cjson.o(i.print_string), (6 bytes).
    Removing cjson.o(i.print_string_ptr), (368 bytes).
    Removing cjson.o(i.print_value), (188 bytes).
    Removing cjson.o(i.update), (28 bytes).
    Removing delay.o(.rev16_text), (4 bytes).
    Removing delay.o(.revsh_text), (4 bytes).
    Removing esp8266.o(.rev16_text), (4 bytes).
    Removing esp8266.o(.revsh_text), (4 bytes).
    Removing led.o(.rev16_text), (4 bytes).
    Removing led.o(.revsh_text), (4 bytes).
    Removing led.o(i.led_init), (100 bytes).
    Removing mqttkit.o(i.MQTT_PacketCmdResp), (124 bytes).
    Removing mqttkit.o(i.MQTT_PacketDisConnect), (44 bytes).
    Removing mqttkit.o(i.MQTT_PacketPing), (44 bytes).
    Removing mqttkit.o(i.MQTT_PacketPublishAck), (70 bytes).
    Removing mqttkit.o(i.MQTT_PacketPublishComp), (70 bytes).
    Removing mqttkit.o(i.MQTT_PacketPublishRec), (70 bytes).
    Removing mqttkit.o(i.MQTT_PacketPublishRel), (70 bytes).
    Removing mqttkit.o(i.MQTT_PacketSaveBinData), (176 bytes).
    Removing mqttkit.o(i.MQTT_PacketUnSubscribe), (210 bytes).
    Removing mqttkit.o(i.MQTT_UnPacketCmd), (130 bytes).
    Removing mqttkit.o(i.MQTT_UnPacketPublishComp), (24 bytes).
    Removing mqttkit.o(i.MQTT_UnPacketPublishRec), (24 bytes).
    Removing mqttkit.o(i.MQTT_UnPacketPublishRel), (30 bytes).
    Removing mqttkit.o(i.MQTT_UnPacketUnSubscribe), (20 bytes).
    Removing onenet.o(.rev16_text), (4 bytes).
    Removing onenet.o(.revsh_text), (4 bytes).
    Removing onenet.o(i.OneNET_Publish), (116 bytes).
    Removing onenet.o(.data), (1 bytes).
    Removing onenet.o(.data), (1 bytes).
    Removing onenet.o(.data), (1 bytes).
    Removing pwm.o(.rev16_text), (4 bytes).
    Removing pwm.o(.revsh_text), (4 bytes).
    Removing usart.o(.rev16_text), (4 bytes).
    Removing usart.o(.revsh_text), (4 bytes).
    Removing usart.o(.bss), (200 bytes).
    Removing usart.o(.data), (2 bytes).
    Removing dht11.o(.rev16_text), (4 bytes).
    Removing dht11.o(.revsh_text), (4 bytes).
    Removing adc.o(.rev16_text), (4 bytes).
    Removing adc.o(.revsh_text), (4 bytes).
    Removing bmp280.o(.rev16_text), (4 bytes).
    Removing bmp280.o(.revsh_text), (4 bytes).
    Removing bmp280.o(i.calibration_H), (116 bytes).
    Removing bmp280.o(i.iicDevReadByte), (62 bytes).
    Removing bmp280.o(i.iicDevReadCal), (312 bytes).
    Removing bmp280.o(i.iicDevReadCal1), (174 bytes).
    Removing bmp280.o(i.iicDevWrite), (64 bytes).
    Removing light.o(.rev16_text), (4 bytes).
    Removing light.o(.revsh_text), (4 bytes).
    Removing mq2.o(.rev16_text), (4 bytes).
    Removing mq2.o(.revsh_text), (4 bytes).
    Removing mq2.o(i.MQ2_GetData), (36 bytes).
    Removing mq135.o(.rev16_text), (4 bytes).
    Removing mq135.o(.revsh_text), (4 bytes).
    Removing rain.o(.rev16_text), (4 bytes).
    Removing rain.o(.revsh_text), (4 bytes).
    Removing mfrc522.o(.rev16_text), (4 bytes).
    Removing mfrc522.o(.revsh_text), (4 bytes).
    Removing mfrc522.o(i.AntennaOff), (8 bytes).
    Removing mfrc522.o(i.AntennaOn), (26 bytes).
    Removing mfrc522.o(i.CalulateCRC), (112 bytes).
    Removing mfrc522.o(i.ClearBitMask), (24 bytes).
    Removing mfrc522.o(i.Delay1_us), (4 bytes).
    Removing mfrc522.o(i.Link_Data), (2 bytes).
    Removing mfrc522.o(i.MFRC522_Anticoll), (92 bytes).
    Removing mfrc522.o(i.MFRC522_Auth), (82 bytes).
    Removing mfrc522.o(i.MFRC522_Halt), (44 bytes).
    Removing mfrc522.o(i.MFRC522_Initializtion), (74 bytes).
    Removing mfrc522.o(i.MFRC522_Read), (50 bytes).
    Removing mfrc522.o(i.MFRC522_Request), (46 bytes).
    Removing mfrc522.o(i.MFRC522_Reset), (68 bytes).
    Removing mfrc522.o(i.MFRC522_SelectTag), (106 bytes).
    Removing mfrc522.o(i.MFRC522_ToCard), (282 bytes).
    Removing mfrc522.o(i.MFRC522_Write), (132 bytes).
    Removing mfrc522.o(i.Read_MFRC522), (52 bytes).
    Removing mfrc522.o(i.SPI3_Receive), (120 bytes).
    Removing mfrc522.o(i.SPI3_Send), (92 bytes).
    Removing mfrc522.o(i.SetBitMask), (24 bytes).
    Removing mfrc522.o(i.Write_MFRC522), (48 bytes).
    Removing mfrc522.o(i.read_64byte), (76 bytes).
    Removing mfrc522.o(i.write_64byte), (188 bytes).
    Removing mfrc522.o(.bss), (18 bytes).
    Removing mfrc522.o(.bss), (60 bytes).
    Removing mfrc522.o(.bss), (128 bytes).
    Removing mfrc522.o(.data), (5 bytes).
    Removing mfrc522.o(.data), (11 bytes).
    Removing mfrc522.o(.data), (1 bytes).
    Removing mfrc522.o(.data), (2 bytes).
    Removing mfrc522.o(.data), (1 bytes).
    Removing mfrc522.o(.data), (1 bytes).
    Removing mfrc522.o(.data), (2 bytes).
    Removing step.o(.rev16_text), (4 bytes).
    Removing step.o(.revsh_text), (4 bytes).
    Removing step.o(.data), (2 bytes).
    Removing beep.o(.rev16_text), (4 bytes).
    Removing beep.o(.revsh_text), (4 bytes).
    Removing key.o(.rev16_text), (4 bytes).
    Removing key.o(.revsh_text), (4 bytes).
    Removing key.o(.data), (6 bytes).
    Removing key.o(.data), (6 bytes).
    Removing key.o(.data), (1 bytes).
    Removing key.o(.data), (1 bytes).
    Removing oled.o(.rev16_text), (4 bytes).
    Removing oled.o(.revsh_text), (4 bytes).
    Removing oled.o(i.Delay_1ms), (18 bytes).
    Removing oled.o(i.Delay_50ms), (20 bytes).
    Removing oled.o(i.OLED_Display_Off), (30 bytes).
    Removing oled.o(i.OLED_Display_On), (30 bytes).
    Removing oled.o(i.OLED_DrawBMP), (64 bytes).
    Removing oled.o(i.OLED_On), (58 bytes).
    Removing oled.o(i.OLED_ShowCHinese), (80 bytes).
    Removing oled.o(i.OLED_ShowNum), (140 bytes).
    Removing oled.o(i.fill_picture), (60 bytes).
    Removing oled.o(i.oled_pow), (16 bytes).
    Removing oled.o(.constdata), (160 bytes).
    Removing oled.o(.data), (896 bytes).
    Removing tasks.o(.rev16_text), (4 bytes).
    Removing tasks.o(.revsh_text), (4 bytes).
    Removing tasks.o(.data), (4 bytes).
    Removing tasks.o(.data), (1 bytes).
    Removing tasks.o(.data), (1 bytes).
    Removing tasks.o(.data), (1 bytes).
    Removing timer.o(.rev16_text), (4 bytes).
    Removing timer.o(.revsh_text), (4 bytes).
    Removing timer.o(i.timer_init), (94 bytes).
    Removing password.o(.rev16_text), (4 bytes).
    Removing password.o(.revsh_text), (4 bytes).
    Removing password.o(i.password_init), (4 bytes).
    Removing w25q128.o(.rev16_text), (4 bytes).
    Removing w25q128.o(.revsh_text), (4 bytes).
    Removing w25q128.o(i.W25Qxx_Read_ID), (64 bytes).
    Removing cdcmple.o(.text), (48 bytes).
    Removing dneg.o(.text), (6 bytes).

915 unused section(s) (total 36997 bytes) removed from the image.

==============================================================================

Memory Map of the image

  Image Entry point : 0x08000189

  Load Region LR_IROM1 (Base: 0x08000000, Size: 0x0000907c, Max: 0x00080000, ABSOLUTE)

    Execution Region ER_IROM1 (Exec base: 0x08000000, Load base: 0x08000000, Size: 0x00008f64, Max: 0x00080000, ABSOLUTE)

    Exec Addr    Load Addr    Size         Type   Attr      Idx    E Section Name        Object

    0x08000000   0x08000000   0x00000188   Data   RO          386    RESET               startup_stm32f40_41xxx.o
    0x08000188   0x08000188   0x00000000   Code   RO         7053  * .ARM.Collect$$$$00000000  mc_w.l(entry.o)
    0x08000188   0x08000188   0x00000004   Code   RO         7418    .ARM.Collect$$$$00000001  mc_w.l(entry2.o)
    0x0800018c   0x0800018c   0x00000004   Code   RO         7421    .ARM.Collect$$$$00000004  mc_w.l(entry5.o)
    0x08000190   0x08000190   0x00000000   Code   RO         7423    .ARM.Collect$$$$00000008  mc_w.l(entry7b.o)
    0x08000190   0x08000190   0x00000000   Code   RO         7425    .ARM.Collect$$$$0000000A  mc_w.l(entry8b.o)
    0x08000190   0x08000190   0x00000008   Code   RO         7426    .ARM.Collect$$$$0000000B  mc_w.l(entry9a.o)
    0x08000198   0x08000198   0x00000004   Code   RO         7433    .ARM.Collect$$$$0000000E  mc_w.l(entry12b.o)
    0x0800019c   0x0800019c   0x00000000   Code   RO         7428    .ARM.Collect$$$$0000000F  mc_w.l(entry10a.o)
    0x0800019c   0x0800019c   0x00000000   Code   RO         7430    .ARM.Collect$$$$00000011  mc_w.l(entry11a.o)
    0x0800019c   0x0800019c   0x00000004   Code   RO         7419    .ARM.Collect$$$$00002712  mc_w.l(entry2.o)
    0x080001a0   0x080001a0   0x00000024   Code   RO          387    .text               startup_stm32f40_41xxx.o
    0x080001c4   0x080001c4   0x0000000c   Code   RO         7056    .text               mc_w.l(tolower.o)
    0x080001d0   0x080001d0   0x00000024   Code   RO         7058    .text               mc_w.l(memcpya.o)
    0x080001f4   0x080001f4   0x00000024   Code   RO         7060    .text               mc_w.l(memseta.o)
    0x08000218   0x08000218   0x00000018   Code   RO         7062    .text               mc_w.l(strcat.o)
    0x08000230   0x08000230   0x00000024   Code   RO         7064    .text               mc_w.l(strstr.o)
    0x08000254   0x08000254   0x00000014   Code   RO         7066    .text               mc_w.l(strchr.o)
    0x08000268   0x08000268   0x0000000e   Code   RO         7068    .text               mc_w.l(strlen.o)
    0x08000276   0x08000276   0x00000028   Code   RO         7070    .text               mc_w.l(strncat.o)
    0x0800029e   0x0800029e   0x00000012   Code   RO         7072    .text               mc_w.l(strcpy.o)
    0x080002b0   0x080002b0   0x0000001e   Code   RO         7074    .text               mc_w.l(strncmp.o)
    0x080002ce   0x080002ce   0x0000014e   Code   RO         7367    .text               mf_w.l(dadd.o)
    0x0800041c   0x0800041c   0x000000e4   Code   RO         7369    .text               mf_w.l(dmul.o)
    0x08000500   0x08000500   0x000000de   Code   RO         7371    .text               mf_w.l(ddiv.o)
    0x080005de   0x080005de   0x00000022   Code   RO         7373    .text               mf_w.l(dflti.o)
    0x08000600   0x08000600   0x0000001a   Code   RO         7375    .text               mf_w.l(dfltui.o)
    0x0800061a   0x0800061a   0x0000003e   Code   RO         7377    .text               mf_w.l(dfixi.o)
    0x08000658   0x08000658   0x00000026   Code   RO         7379    .text               mf_w.l(f2d.o)
    0x0800067e   0x0800067e   0x00000002   PAD
    0x08000680   0x08000680   0x00000030   Code   RO         7383    .text               mf_w.l(cdrcmple.o)
    0x080006b0   0x080006b0   0x00000038   Code   RO         7385    .text               mf_w.l(d2f.o)
    0x080006e8   0x080006e8   0x0000002c   Code   RO         7435    .text               mc_w.l(uidiv.o)
    0x08000714   0x08000714   0x00000062   Code   RO         7437    .text               mc_w.l(uldiv.o)
    0x08000776   0x08000776   0x0000001e   Code   RO         7439    .text               mc_w.l(llshl.o)
    0x08000794   0x08000794   0x00000020   Code   RO         7441    .text               mc_w.l(llushr.o)
    0x080007b4   0x080007b4   0x00000024   Code   RO         7443    .text               mc_w.l(llsshr.o)
    0x080007d8   0x080007d8   0x00000000   Code   RO         7454    .text               mc_w.l(iusefp.o)
    0x080007d8   0x080007d8   0x0000006e   Code   RO         7455    .text               mf_w.l(fepilogue.o)
    0x08000846   0x08000846   0x000000ba   Code   RO         7457    .text               mf_w.l(depilogue.o)
    0x08000900   0x08000900   0x0000002e   Code   RO         7461    .text               mf_w.l(dscalb.o)
    0x0800092e   0x0800092e   0x00000030   Code   RO         7463    .text               mf_w.l(dfixul.o)
    0x0800095e   0x0800095e   0x00000002   PAD
    0x08000960   0x08000960   0x00000024   Code   RO         7465    .text               mc_w.l(init.o)
    0x08000984   0x08000984   0x000000a2   Code   RO         7467    .text               mf_w.l(dsqrt.o)
    0x08000a26   0x08000a26   0x00000002   PAD
    0x08000a28   0x08000a28   0x00000158   Code   RO         5968    i.ADC1_Config       adc.o
    0x08000b80   0x08000b80   0x00000014   Code   RO          443    i.ADC_Cmd           stm32f4xx_adc.o
    0x08000b94   0x08000b94   0x0000002c   Code   RO          444    i.ADC_CommonInit    stm32f4xx_adc.o
    0x08000bc0   0x08000bc0   0x00000014   Code   RO          447    i.ADC_DMACmd        stm32f4xx_adc.o
    0x08000bd4   0x08000bd4   0x00000014   Code   RO          448    i.ADC_DMARequestAfterLastTransferCmd  stm32f4xx_adc.o
    0x08000be8   0x08000be8   0x0000004c   Code   RO          463    i.ADC_Init          stm32f4xx_adc.o
    0x08000c34   0x08000c34   0x00000074   Code   RO          468    i.ADC_RegularChannelConfig  stm32f4xx_adc.o
    0x08000ca8   0x08000ca8   0x0000000a   Code   RO          470    i.ADC_SoftwareStartConv  stm32f4xx_adc.o
    0x08000cb2   0x08000cb2   0x00000002   PAD
    0x08000cb4   0x08000cb4   0x00000038   Code   RO         6523    i.Beep_Init         beep.o
    0x08000cec   0x08000cec   0x00000024   Code   RO         6524    i.Beep_Set          beep.o
    0x08000d10   0x08000d10   0x00000002   Code   RO            3    i.BusFault_Handler  stm32f4xx_it.o
    0x08000d12   0x08000d12   0x00000002   PAD
    0x08000d14   0x08000d14   0x00000050   Code   RO         5909    i.DHT11_Check       dht11.o
    0x08000d64   0x08000d64   0x0000003c   Code   RO         5910    i.DHT11_Init        dht11.o
    0x08000da0   0x08000da0   0x0000004c   Code   RO         5911    i.DHT11_Read_Bit    dht11.o
    0x08000dec   0x08000dec   0x0000001a   Code   RO         5912    i.DHT11_Read_Byte   dht11.o
    0x08000e06   0x08000e06   0x00000002   PAD
    0x08000e08   0x08000e08   0x0000002c   Code   RO         5913    i.DHT11_Rst         dht11.o
    0x08000e34   0x08000e34   0x00000014   Code   RO         1382    i.DMA_Cmd           stm32f4xx_dma.o
    0x08000e48   0x08000e48   0x00000124   Code   RO         1383    i.DMA_DeInit        stm32f4xx_dma.o
    0x08000f6c   0x08000f6c   0x00000054   Code   RO         1394    i.DMA_Init          stm32f4xx_dma.o
    0x08000fc0   0x08000fc0   0x00000002   Code   RO            4    i.DebugMon_Handler  stm32f4xx_it.o
    0x08000fc2   0x08000fc2   0x00000002   PAD
    0x08000fc4   0x08000fc4   0x0000001c   Code   RO         5478    i.ESP8266_Clear     esp8266.o
    0x08000fe0   0x08000fe0   0x00000060   Code   RO         5479    i.ESP8266_GetIPD    esp8266.o
    0x08001040   0x08001040   0x00000178   Code   RO         5480    i.ESP8266_Init      esp8266.o
    0x080011b8   0x080011b8   0x00000048   Code   RO         5481    i.ESP8266_SendCmd   esp8266.o
    0x08001200   0x08001200   0x00000048   Code   RO         5482    i.ESP8266_SendData  esp8266.o
    0x08001248   0x08001248   0x00000020   Code   RO         5483    i.ESP8266_WaitRecive  esp8266.o
    0x08001268   0x08001268   0x00000078   Code   RO         2116    i.GPIO_Init         stm32f4xx_gpio.o
    0x080012e0   0x080012e0   0x00000020   Code   RO         2117    i.GPIO_PinAFConfig  stm32f4xx_gpio.o
    0x08001300   0x08001300   0x0000000e   Code   RO         2120    i.GPIO_ReadInputDataBit  stm32f4xx_gpio.o
    0x0800130e   0x0800130e   0x00000004   Code   RO         2123    i.GPIO_ResetBits    stm32f4xx_gpio.o
    0x08001312   0x08001312   0x00000004   Code   RO         2124    i.GPIO_SetBits      stm32f4xx_gpio.o
    0x08001316   0x08001316   0x0000000a   Code   RO         2128    i.GPIO_WriteBit     stm32f4xx_gpio.o
    0x08001320   0x08001320   0x00000028   Code   RO         6803    i.Get_Onenet_Cmd    tasks.o
    0x08001348   0x08001348   0x000000dc   Code   RO         6804    i.Get_Value         tasks.o
    0x08001424   0x08001424   0x00000002   Code   RO            5    i.HardFault_Handler  stm32f4xx_it.o
    0x08001426   0x08001426   0x00000002   PAD
    0x08001428   0x08001428   0x0000006c   Code   RO          218    i.Hardware_Init     main.o
    0x08001494   0x08001494   0x0000002c   Code   RO         5994    i.IIC_Ack           bmp280.o
    0x080014c0   0x080014c0   0x00000040   Code   RO         5995    i.IIC_Init          bmp280.o
    0x08001500   0x08001500   0x0000002c   Code   RO         5996    i.IIC_NAck          bmp280.o
    0x0800152c   0x0800152c   0x00000030   Code   RO         6594    i.IIC_Oled_Start    oled.o
    0x0800155c   0x0800155c   0x00000030   Code   RO         6595    i.IIC_Oled_Stop     oled.o
    0x0800158c   0x0800158c   0x00000020   Code   RO         6596    i.IIC_Oled_Wait_Ack  oled.o
    0x080015ac   0x080015ac   0x0000005c   Code   RO         5997    i.IIC_Read_Byte     bmp280.o
    0x08001608   0x08001608   0x0000004c   Code   RO         5998    i.IIC_Send_Byte     bmp280.o
    0x08001654   0x08001654   0x00000030   Code   RO         5999    i.IIC_Start         bmp280.o
    0x08001684   0x08001684   0x00000030   Code   RO         6000    i.IIC_Stop          bmp280.o
    0x080016b4   0x080016b4   0x00000044   Code   RO         6001    i.IIC_Wait_Ack      bmp280.o
    0x080016f8   0x080016f8   0x00000020   Code   RO         6163    i.LIGHT_ADC_Read    light.o
    0x08001718   0x08001718   0x00000044   Code   RO         6164    i.LIGHT_GetData     light.o
    0x0800175c   0x0800175c   0x0000007c   Code   RO         6165    i.LIGHT_GetIntensity_lx  light.o
    0x080017d8   0x080017d8   0x00000004   Code   RO         6166    i.LIGHT_Init        light.o
    0x080017dc   0x080017dc   0x0000000c   Code   RO         6239    i.MQ135_ADC_Read    mq135.o
    0x080017e8   0x080017e8   0x00000024   Code   RO         6240    i.MQ135_GetData     mq135.o
    0x0800180c   0x0800180c   0x000000d4   Code   RO         6241    i.MQ135_GetData_PPM  mq135.o
    0x080018e0   0x080018e0   0x00000004   Code   RO         6242    i.MQ135_Init        mq135.o
    0x080018e4   0x080018e4   0x0000000c   Code   RO         6201    i.MQ2_ADC_Read      mq2.o
    0x080018f0   0x080018f0   0x000000f4   Code   RO         6203    i.MQ2_GetData_PPM   mq2.o
    0x080019e4   0x080019e4   0x00000004   Code   RO         6204    i.MQ2_Init          mq2.o
    0x080019e8   0x080019e8   0x0000001c   Code   RO         5556    i.MQTT_DeleteBuffer  mqttkit.o
    0x08001a04   0x08001a04   0x00000022   Code   RO         5557    i.MQTT_DumpLength   mqttkit.o
    0x08001a26   0x08001a26   0x00000052   Code   RO         5558    i.MQTT_NewBuffer    mqttkit.o
    0x08001a78   0x08001a78   0x00000264   Code   RO         5560    i.MQTT_PacketConnect  mqttkit.o
    0x08001cdc   0x08001cdc   0x00000170   Code   RO         5563    i.MQTT_PacketPublish  mqttkit.o
    0x08001e4c   0x08001e4c   0x00000058   Code   RO         5569    i.MQTT_PacketSaveData  mqttkit.o
    0x08001ea4   0x08001ea4   0x000000de   Code   RO         5570    i.MQTT_PacketSubscribe  mqttkit.o
    0x08001f82   0x08001f82   0x0000003e   Code   RO         5572    i.MQTT_ReadLength   mqttkit.o
    0x08001fc0   0x08001fc0   0x0000001a   Code   RO         5574    i.MQTT_UnPacketConnectAck  mqttkit.o
    0x08001fda   0x08001fda   0x00000002   PAD
    0x08001fdc   0x08001fdc   0x00000150   Code   RO         5575    i.MQTT_UnPacketPublish  mqttkit.o
    0x0800212c   0x0800212c   0x00000018   Code   RO         5576    i.MQTT_UnPacketPublishAck  mqttkit.o
    0x08002144   0x08002144   0x00000060   Code   RO         5580    i.MQTT_UnPacketRecv  mqttkit.o
    0x080021a4   0x080021a4   0x0000002c   Code   RO         5581    i.MQTT_UnPacketSubscribe  mqttkit.o
    0x080021d0   0x080021d0   0x00000002   Code   RO            6    i.MemManage_Handler  stm32f4xx_it.o
    0x080021d2   0x080021d2   0x00000002   Code   RO            7    i.NMI_Handler       stm32f4xx_it.o
    0x080021d4   0x080021d4   0x00000064   Code   RO          393    i.NVIC_Init         misc.o
    0x08002238   0x08002238   0x00000014   Code   RO          394    i.NVIC_PriorityGroupConfig  misc.o
    0x0800224c   0x0800224c   0x0000003a   Code   RO         6597    i.OLED_Clear        oled.o
    0x08002286   0x08002286   0x00000002   PAD
    0x08002288   0x08002288   0x0000013c   Code   RO         6601    i.OLED_Init         oled.o
    0x080023c4   0x080023c4   0x0000002a   Code   RO         6603    i.OLED_Set_Pos      oled.o
    0x080023ee   0x080023ee   0x00000002   PAD
    0x080023f0   0x080023f0   0x00000088   Code   RO         6605    i.OLED_ShowChar     oled.o
    0x08002478   0x08002478   0x00000036   Code   RO         6607    i.OLED_ShowString   oled.o
    0x080024ae   0x080024ae   0x0000000c   Code   RO         6608    i.OLED_WR_Byte      oled.o
    0x080024ba   0x080024ba   0x00000002   PAD
    0x080024bc   0x080024bc   0x00000104   Code   RO         5742    i.OneNET_SendPropertySetReply  onenet.o
    0x080025c0   0x080025c0   0x000000a0   Code   RO         5743    i.OneNET_Subscribe  onenet.o
    0x08002660   0x08002660   0x00000244   Code   RO         5744    i.OneNet_DevLink    onenet.o
    0x080028a4   0x080028a4   0x000002d4   Code   RO         5745    i.OneNet_FillBuf    onenet.o
    0x08002b78   0x08002b78   0x00000240   Code   RO         5746    i.OneNet_RevPro     onenet.o
    0x08002db8   0x08002db8   0x000000e8   Code   RO         5747    i.OneNet_SendData   onenet.o
    0x08002ea0   0x08002ea0   0x00000010   Code   RO         5812    i.PWM_GetCompare1   pwm.o
    0x08002eb0   0x08002eb0   0x000000a0   Code   RO         5813    i.PWM_Init          pwm.o
    0x08002f50   0x08002f50   0x0000002c   Code   RO         5814    i.PWM_Set           pwm.o
    0x08002f7c   0x08002f7c   0x0000000c   Code   RO         5815    i.PWM_SetCompare1   pwm.o
    0x08002f88   0x08002f88   0x00000002   Code   RO            8    i.PendSV_Handler    stm32f4xx_it.o
    0x08002f8a   0x08002f8a   0x00000002   PAD
    0x08002f8c   0x08002f8c   0x00000024   Code   RO         6277    i.RAIN_ADC_Read     rain.o
    0x08002fb0   0x08002fb0   0x0000002a   Code   RO         6278    i.RAIN_GetData      rain.o
    0x08002fda   0x08002fda   0x00000004   Code   RO         6279    i.RAIN_Init         rain.o
    0x08002fde   0x08002fde   0x00000002   PAD
    0x08002fe0   0x08002fe0   0x00000018   Code   RO         2980    i.RCC_AHB1PeriphClockCmd  stm32f4xx_rcc.o
    0x08002ff8   0x08002ff8   0x00000018   Code   RO         2989    i.RCC_APB1PeriphClockCmd  stm32f4xx_rcc.o
    0x08003010   0x08003010   0x00000018   Code   RO         2992    i.RCC_APB2PeriphClockCmd  stm32f4xx_rcc.o
    0x08003028   0x08003028   0x00000090   Code   RO         3001    i.RCC_GetClocksFreq  stm32f4xx_rcc.o
    0x080030b8   0x080030b8   0x00000064   Code   RO         5914    i.Read_DHT11        dht11.o
    0x0800311c   0x0800311c   0x00000024   Code   RO         6002    i.SDA_IN            bmp280.o
    0x08003140   0x08003140   0x00000030   Code   RO         6003    i.SDA_OUT           bmp280.o
    0x08003170   0x08003170   0x00000064   Code   RO         6963    i.SPI_TransmissionByte  w25q128.o
    0x080031d4   0x080031d4   0x00000078   Code   RO         6328    i.STM32_SPI3_Init   mfrc522.o
    0x0800324c   0x0800324c   0x00000002   Code   RO            9    i.SVC_Handler       stm32f4xx_it.o
    0x0800324e   0x0800324e   0x00000002   PAD
    0x08003250   0x08003250   0x000000b4   Code   RO          181    i.SetSysClock       system_stm32f4xx.o
    0x08003304   0x08003304   0x00000094   Code   RO         6477    i.Set_Servo2_Angle  step.o
    0x08003398   0x08003398   0x00000064   Code   RO         6478    i.Step_Motor_Init   step.o
    0x080033fc   0x080033fc   0x00000064   Code   RO         6479    i.Step_Motor_One    step.o
    0x08003460   0x08003460   0x00000064   Code   RO         6480    i.Step_Motor_One_U  step.o
    0x080034c4   0x080034c4   0x00000002   Code   RO           10    i.SysTick_Handler   stm32f4xx_it.o
    0x080034c6   0x080034c6   0x00000002   PAD
    0x080034c8   0x080034c8   0x0000005c   Code   RO          183    i.SystemInit        system_stm32f4xx.o
    0x08003524   0x08003524   0x00000022   Code   RO         6849    i.TIM2_IRQHandler   timer.o
    0x08003546   0x08003546   0x00000014   Code   RO         4313    i.TIM_ARRPreloadConfig  stm32f4xx_tim.o
    0x0800355a   0x0800355a   0x00000006   Code   RO         4320    i.TIM_ClearITPendingBit  stm32f4xx_tim.o
    0x08003560   0x08003560   0x00000014   Code   RO         4325    i.TIM_Cmd           stm32f4xx_tim.o
    0x08003574   0x08003574   0x00000004   Code   RO         4340    i.TIM_GetCapture1   stm32f4xx_tim.o
    0x08003578   0x08003578   0x00000018   Code   RO         4346    i.TIM_GetITStatus   stm32f4xx_tim.o
    0x08003590   0x08003590   0x00000060   Code   RO         4354    i.TIM_OC1Init       stm32f4xx_tim.o
    0x080035f0   0x080035f0   0x0000000c   Code   RO         4357    i.TIM_OC1PreloadConfig  stm32f4xx_tim.o
    0x080035fc   0x080035fc   0x00000004   Code   RO         4387    i.TIM_SetCompare1   stm32f4xx_tim.o
    0x08003600   0x08003600   0x0000007c   Code   RO         4397    i.TIM_TimeBaseInit  stm32f4xx_tim.o
    0x0800367c   0x0800367c   0x00000064   Code   RO         5856    i.USART1_IRQHandler  usart.o
    0x080036e0   0x080036e0   0x0000004c   Code   RO         5484    i.USART3_IRQHandler  esp8266.o
    0x0800372c   0x0800372c   0x00000006   Code   RO         4858    i.USART_ClearFlag   stm32f4xx_usart.o
    0x08003732   0x08003732   0x00000014   Code   RO         4862    i.USART_Cmd         stm32f4xx_usart.o
    0x08003746   0x08003746   0x0000000e   Code   RO         4865    i.USART_GetFlagStatus  stm32f4xx_usart.o
    0x08003754   0x08003754   0x0000003e   Code   RO         4866    i.USART_GetITStatus  stm32f4xx_usart.o
    0x08003792   0x08003792   0x00000030   Code   RO         4868    i.USART_ITConfig    stm32f4xx_usart.o
    0x080037c2   0x080037c2   0x00000002   PAD
    0x080037c4   0x080037c4   0x000000ac   Code   RO         4869    i.USART_Init        stm32f4xx_usart.o
    0x08003870   0x08003870   0x00000008   Code   RO         4876    i.USART_ReceiveData  stm32f4xx_usart.o
    0x08003878   0x08003878   0x00000008   Code   RO         4879    i.USART_SendData    stm32f4xx_usart.o
    0x08003880   0x08003880   0x0000004c   Code   RO         6805    i.Update_Value      tasks.o
    0x080038cc   0x080038cc   0x00000002   Code   RO           11    i.UsageFault_Handler  stm32f4xx_it.o
    0x080038ce   0x080038ce   0x00000030   Code   RO         5857    i.Usart_SendString  usart.o
    0x080038fe   0x080038fe   0x00000002   PAD
    0x08003900   0x08003900   0x00000058   Code   RO         6964    i.W25Qxx_Erase_Sector  w25q128.o
    0x08003958   0x08003958   0x00000060   Code   RO         6965    i.W25Qxx_Init       w25q128.o
    0x080039b8   0x080039b8   0x00000020   Code   RO         6966    i.W25Qxx_Lock       w25q128.o
    0x080039d8   0x080039d8   0x00000050   Code   RO         6967    i.W25Qxx_ReadData   w25q128.o
    0x08003a28   0x08003a28   0x00000024   Code   RO         6969    i.W25Qxx_Read_Status1  w25q128.o
    0x08003a4c   0x08003a4c   0x00000020   Code   RO         6970    i.W25Qxx_UnLock     w25q128.o
    0x08003a6c   0x08003a6c   0x0000008c   Code   RO         6971    i.W25Qxx_WriteData  w25q128.o
    0x08003af8   0x08003af8   0x00000068   Code   RO         6609    i.Write_IIC_Byte    oled.o
    0x08003b60   0x08003b60   0x0000002e   Code   RO         6610    i.Write_IIC_Command  oled.o
    0x08003b8e   0x08003b8e   0x0000002e   Code   RO         6611    i.Write_IIC_Data    oled.o
    0x08003bbc   0x08003bbc   0x00000020   Code   RO         7311    i.__0printf         mc_w.l(printfa.o)
    0x08003bdc   0x08003bdc   0x00000034   Code   RO         7312    i.__0snprintf       mc_w.l(printfa.o)
    0x08003c10   0x08003c10   0x00000028   Code   RO         7313    i.__0sprintf        mc_w.l(printfa.o)
    0x08003c38   0x08003c38   0x00000030   Code   RO         7401    i.__ARM_fpclassify  m_wm.l(fpclassify.o)
    0x08003c68   0x08003c68   0x00000c50   Code   RO         7039    i.__hardfp_pow      m_wm.l(pow.o)
    0x080048b8   0x080048b8   0x000000f8   Code   RO         7403    i.__kernel_poly     m_wm.l(poly.o)
    0x080049b0   0x080049b0   0x00000030   Code   RO         7387    i.__mathlib_dbl_divzero  m_wm.l(dunder.o)
    0x080049e0   0x080049e0   0x00000014   Code   RO         7389    i.__mathlib_dbl_infnan2  m_wm.l(dunder.o)
    0x080049f4   0x080049f4   0x00000004   PAD
    0x080049f8   0x080049f8   0x00000020   Code   RO         7390    i.__mathlib_dbl_invalid  m_wm.l(dunder.o)
    0x08004a18   0x08004a18   0x00000020   Code   RO         7391    i.__mathlib_dbl_overflow  m_wm.l(dunder.o)
    0x08004a38   0x08004a38   0x00000020   Code   RO         7393    i.__mathlib_dbl_underflow  m_wm.l(dunder.o)
    0x08004a58   0x08004a58   0x0000000e   Code   RO         7471    i.__scatterload_copy  mc_w.l(handlers.o)
    0x08004a66   0x08004a66   0x00000002   Code   RO         7472    i.__scatterload_null  mc_w.l(handlers.o)
    0x08004a68   0x08004a68   0x0000000e   Code   RO         7473    i.__scatterload_zeroinit  mc_w.l(handlers.o)
    0x08004a76   0x08004a76   0x00000002   PAD
    0x08004a78   0x08004a78   0x0000000c   Code   RO         7449    i.__set_errno       mc_w.l(errno.o)
    0x08004a84   0x08004a84   0x00000184   Code   RO         7318    i._fp_digits        mc_w.l(printfa.o)
    0x08004c08   0x08004c08   0x000006b4   Code   RO         7319    i._printf_core      mc_w.l(printfa.o)
    0x080052bc   0x080052bc   0x00000024   Code   RO         7320    i._printf_post_padding  mc_w.l(printfa.o)
    0x080052e0   0x080052e0   0x0000002e   Code   RO         7321    i._printf_pre_padding  mc_w.l(printfa.o)
    0x0800530e   0x0800530e   0x00000016   Code   RO         7322    i._snputc           mc_w.l(printfa.o)
    0x08005324   0x08005324   0x0000000a   Code   RO         7323    i._sputc            mc_w.l(printfa.o)
    0x0800532e   0x0800532e   0x00000002   PAD
    0x08005330   0x08005330   0x00000104   Code   RO         6004    i.bme280GetData     bmp280.o
    0x08005434   0x08005434   0x00000014   Code   RO         6005    i.bme280Init        bmp280.o
    0x08005448   0x08005448   0x0000009c   Code   RO         6555    i.button_scan       key.o
    0x080054e4   0x080054e4   0x00000048   Code   RO         5123    i.cJSON_Delete      cjson.o
    0x0800552c   0x0800552c   0x0000001c   Code   RO         5132    i.cJSON_GetObjectItem  cjson.o
    0x08005548   0x08005548   0x0000001c   Code   RO         5136    i.cJSON_New_Item    cjson.o
    0x08005564   0x08005564   0x00000008   Code   RO         5137    i.cJSON_Parse       cjson.o
    0x0800556c   0x0800556c   0x00000060   Code   RO         5138    i.cJSON_ParseWithOpts  cjson.o
    0x080055cc   0x080055cc   0x00000042   Code   RO         5144    i.cJSON_strcasecmp  cjson.o
    0x0800560e   0x0800560e   0x00000002   PAD
    0x08005610   0x08005610   0x000000a0   Code   RO         6007    i.calibration_P     bmp280.o
    0x080056b0   0x080056b0   0x00000038   Code   RO         6008    i.calibration_T     bmp280.o
    0x080056e8   0x080056e8   0x00000034   Code   RO         5452    i.delay_ms          delay.o
    0x0800571c   0x0800571c   0x00000034   Code   RO         5453    i.delay_us          delay.o
    0x08005750   0x08005750   0x0000002c   Code   RO         5915    i.dht11_IN          dht11.o
    0x0800577c   0x0800577c   0x0000002c   Code   RO         5916    i.dht11_OUT         dht11.o
    0x080057a8   0x080057a8   0x00000050   Code   RO          219    i.door              main.o
    0x080057f8   0x080057f8   0x00000018   Code   RO         7029    i.fabs              m_wm.l(fabs.o)
    0x08005810   0x08005810   0x00000024   Code   RO         5858    i.fputc             usart.o
    0x08005834   0x08005834   0x00000050   Code   RO         7339    i.free              mc_w.l(malloc.o)
    0x08005884   0x08005884   0x00000058   Code   RO         6009    i.iicDevRead        bmp280.o
    0x080058dc   0x080058dc   0x00000032   Code   RO         6014    i.iicDevWriteByte   bmp280.o
    0x0800590e   0x0800590e   0x00000002   PAD
    0x08005910   0x08005910   0x00000088   Code   RO         6556    i.key_4X4_Init      key.o
    0x08005998   0x08005998   0x00000100   Code   RO          220    i.main              main.o
    0x08005a98   0x08005a98   0x0000006c   Code   RO         7340    i.malloc            mc_w.l(malloc.o)
    0x08005b04   0x08005b04   0x00000028   Code   RO         6613    i.oled_fill         oled.o
    0x08005b2c   0x08005b2c   0x00000054   Code   RO         6615    i.oled_show_changed  oled.o
    0x08005b80   0x08005b80   0x00000088   Code   RO         6616    i.oled_show_char    oled.o
    0x08005c08   0x08005c08   0x00000088   Code   RO         6617    i.oled_show_chinese  oled.o
    0x08005c90   0x08005c90   0x00000054   Code   RO         6618    i.oled_show_input   oled.o
    0x08005ce4   0x08005ce4   0x00000054   Code   RO         6619    i.oled_show_new     oled.o
    0x08005d38   0x08005d38   0x00000054   Code   RO         6620    i.oled_show_old     oled.o
    0x08005d8c   0x08005d8c   0x0000003c   Code   RO         6621    i.oled_show_right   oled.o
    0x08005dc8   0x08005dc8   0x00000054   Code   RO         6622    i.oled_show_set     oled.o
    0x08005e1c   0x08005e1c   0x0000003c   Code   RO         6623    i.oled_show_wrong   oled.o
    0x08005e58   0x08005e58   0x00000088   Code   RO         5148    i.parse_array       cjson.o
    0x08005ee0   0x08005ee0   0x000000a6   Code   RO         5149    i.parse_hex4        cjson.o
    0x08005f86   0x08005f86   0x00000002   PAD
    0x08005f88   0x08005f88   0x0000018c   Code   RO         5150    i.parse_number      cjson.o
    0x08006114   0x08006114   0x000000b4   Code   RO         5151    i.parse_object      cjson.o
    0x080061c8   0x080061c8   0x0000015c   Code   RO         5152    i.parse_string      cjson.o
    0x08006324   0x08006324   0x000000b4   Code   RO         5153    i.parse_value       cjson.o
    0x080063d8   0x080063d8   0x00000054   Code   RO         6875    i.password_check    password.o
    0x0800642c   0x0800642c   0x0000004c   Code   RO         6876    i.password_compare  password.o
    0x08006478   0x08006478   0x000000b0   Code   RO         6877    i.password_get_input  password.o
    0x08006528   0x08006528   0x00000018   Code   RO         6879    i.password_input_clear  password.o
    0x08006540   0x08006540   0x00000044   Code   RO         6880    i.password_input_right_action  password.o
    0x08006584   0x08006584   0x0000003c   Code   RO         6881    i.password_input_wrong_action  password.o
    0x080065c0   0x080065c0   0x0000002e   Code   RO         6882    i.password_old_right_action  password.o
    0x080065ee   0x080065ee   0x00000012   Code   RO         6883    i.password_old_wrong_action  password.o
    0x08006600   0x08006600   0x00000020   Code   RO         6884    i.password_save     password.o
    0x08006620   0x08006620   0x00000050   Code   RO         6015    i.readData          bmp280.o
    0x08006670   0x08006670   0x000000b0   Code   RO         6016    i.readTrim          bmp280.o
    0x08006720   0x08006720   0x00000026   Code   RO         6017    i.setup             bmp280.o
    0x08006746   0x08006746   0x00000014   Code   RO         5160    i.skip              cjson.o
    0x0800675a   0x0800675a   0x0000006e   Code   RO         7408    i.sqrt              m_wm.l(sqrt.o)
    0x080067c8   0x080067c8   0x00000048   Code   RO         6806    i.timer_isr         tasks.o
    0x08006810   0x08006810   0x000000cc   Code   RO         5859    i.uart3_init        usart.o
    0x080068dc   0x080068dc   0x000000cc   Code   RO         5860    i.uart_init         usart.o
    0x080069a8   0x080069a8   0x0000000a   Code   RO         6018    i.writeReg          bmp280.o
    0x080069b2   0x080069b2   0x00000007   Data   RO         5162    .constdata          cjson.o
    0x080069b9   0x080069b9   0x00002478   Data   RO         6624    .constdata          oled.o
    0x08008e31   0x08008e31   0x00000007   PAD
    0x08008e38   0x08008e38   0x00000088   Data   RO         7042    .constdata          m_wm.l(pow.o)
    0x08008ec0   0x08008ec0   0x00000008   Data   RO         7405    .constdata          m_wm.l(qnan.o)
    0x08008ec8   0x08008ec8   0x0000007c   Data   RO         5749    .conststring        onenet.o
    0x08008f44   0x08008f44   0x00000020   Data   RO         7469    Region$$Table       anon$$obj.o


    Execution Region RW_IRAM1 (Exec base: 0x20000000, Load base: 0x08008f64, Size: 0x000057f8, Max: 0x00020000, ABSOLUTE)

    Exec Addr    Load Addr    Size         Type   Attr      Idx    E Section Name        Object

    0x20000000   0x08008f64   0x00000014   Data   RW          184    .data               system_stm32f4xx.o
    0x20000014   0x08008f78   0x00000001   Data   RW          221    .data               main.o
    0x20000015   0x08008f79   0x00000001   Data   RW          222    .data               main.o
    0x20000016   0x08008f7a   0x00000001   Data   RW          223    .data               main.o
    0x20000017   0x08008f7b   0x00000001   Data   RW          224    .data               main.o
    0x20000018   0x08008f7c   0x00000001   Data   RW          225    .data               main.o
    0x20000019   0x08008f7d   0x00000005   Data   RW          226    .data               main.o
    0x2000001e   0x08008f82   0x00000002   Data   RW          227    .data               main.o
    0x20000020   0x08008f84   0x00000002   Data   RW          228    .data               main.o
    0x20000022   0x08008f86   0x00000002   Data   RW          229    .data               main.o
    0x20000024   0x08008f88   0x00000004   Data   RW          230    .data               main.o
    0x20000028   0x08008f8c   0x00000004   Data   RW          231    .data               main.o
    0x2000002c   0x08008f90   0x00000004   Data   RW          232    .data               main.o
    0x20000030   0x08008f94   0x00000004   Data   RW          233    .data               main.o
    0x20000034   0x08008f98   0x00000004   Data   RW          234    .data               main.o
    0x20000038   0x08008f9c   0x00000010   Data   RW         3033    .data               stm32f4xx_rcc.o
    0x20000048   0x08008fac   0x0000000c   Data   RW         5163    .data               cjson.o
    0x20000054   0x08008fb8   0x00000004   Data   RW         5486    .data               esp8266.o
    0x20000058   0x08008fbc   0x00000002   Data   RW         5750    .data               onenet.o
    0x2000005a   0x08008fbe   0x00000001   Data   RW         5816    .data               pwm.o
    0x2000005b   0x08008fbf   0x00000001   PAD
    0x2000005c   0x08008fc0   0x00000002   Data   RW         5863    .data               usart.o
    0x2000005e   0x08008fc2   0x00000002   PAD
    0x20000060   0x08008fc4   0x00000004   Data   RW         5969    .data               adc.o
    0x20000064   0x08008fc8   0x00000034   Data   RW         6019    .data               bmp280.o
    0x20000098   0x08008ffc   0x0000000a   Data   RW         6481    .data               step.o
    0x200000a2   0x08009006   0x00000002   Data   RW         6483    .data               step.o
    0x200000a4   0x08009008   0x00000001   Data   RW         6525    .data               beep.o
    0x200000a5   0x08009009   0x00000003   PAD
    0x200000a8   0x0800900c   0x00000048   Data   RW         6559    .data               key.o
    0x200000f0   0x08009054   0x00000014   Data   RW         6807    .data               tasks.o
    0x20000104   0x08009068   0x00000003   Data   RW         6886    .data               password.o
    0x20000107   0x0800906b   0x00000001   PAD
    0x20000108   0x0800906c   0x00000004   Data   RW         7434    .data               mc_w.l(stdout.o)
    0x2000010c   0x08009070   0x00000004   Data   RW         7445    .data               mc_w.l(mvars.o)
    0x20000110   0x08009074   0x00000004   Data   RW         7446    .data               mc_w.l(mvars.o)
    0x20000114   0x08009078   0x00000004   Data   RW         7450    .data               mc_w.l(errno.o)
    0x20000118        -       0x00000400   Zero   RW         5485    .bss                esp8266.o
    0x20000518        -       0x00000200   Zero   RW         5748    .bss                onenet.o
    0x20000718        -       0x000000c8   Zero   RW         5861    .bss                usart.o
    0x200007e0        -       0x00000014   Zero   RW         6885    .bss                password.o
    0x200007f4   0x0800907c   0x00000004   PAD
    0x200007f8        -       0x00001000   Zero   RW          385    HEAP                startup_stm32f40_41xxx.o
    0x200017f8        -       0x00004000   Zero   RW          384    STACK               startup_stm32f40_41xxx.o


==============================================================================

Image component sizes


      Code (inc. data)   RO Data    RW Data    ZI Data      Debug   Object Name

       344         38          0          4          0       1397   adc.o
        92         12          0          1          0       1573   beep.o
      1506        128          0         52          0      13620   bmp280.o
      1724         94          7         12          0      13414   cjson.o
       104         16          0          0          0       1082   delay.o
       474         28          0          0          0       5056   dht11.o
       752        324          0          4       1024       5443   esp8266.o
       292         16          0         72          0       2464   key.o
       228         52          0          0          0       2550   light.o
       444        134          0         36          0     249005   main.o
       120         10          0          0          0        590   mfrc522.o
       120         14          0          0          0       1499   misc.o
       264         40          0          0          0       2574   mq135.o
       260         52          0          0          0       1956   mq2.o
      2022         56          0          0          0      14658   mqttkit.o
      1794         94       9336          0          0      15128   oled.o
      2532       1360        124          2        512       9545   onenet.o
       584        140          0          3         20       6145   password.o
       232         26          0          1          0       2406   pwm.o
        82         16          0          0          0       1891   rain.o
        36          8        392          0      20480        820   startup_stm32f40_41xxx.o
       448         74          0         12          0       3410   step.o
       306         20          0          0          0       5459   stm32f4xx_adc.o
       396         24          0          0          0       3238   stm32f4xx_dma.o
       184          0          0          0          0       4027   stm32f4xx_gpio.o
        18          0          0          0          0      68842   stm32f4xx_it.o
       216         30          0         16          0       4635   stm32f4xx_rcc.o
       310         36          0          0          0       7106   stm32f4xx_tim.o
       338          8          0          0          0       6087   stm32f4xx_usart.o
       272         36          0         20          0       1721   system_stm32f4xx.o
       408        112          0         20          0       4131   tasks.o
        34          0          0          0          0        530   timer.o
       592         86          0          2        200       4160   usart.o
       604         74          0          0          0       5652   w25q128.o

    ----------------------------------------------------------------------
     18168       3158       9898        264      22240     471814   Object Totals
         0          0         32          0          0          0   (incl. Generated)
        36          0          7          7          4          0   (incl. Padding)

    ----------------------------------------------------------------------

      Code (inc. data)   RO Data    RW Data    ZI Data      Debug   Library Member Name

       164         44          0          0          0        620   dunder.o
        24          0          0          0          0        124   fabs.o
        48          0          0          0          0        124   fpclassify.o
       248          0          0          0          0        152   poly.o
      3152        296        136          0          0        352   pow.o
         0          0          8          0          0          0   qnan.o
       110          0          0          0          0        148   sqrt.o
         0          0          0          0          0          0   entry.o
         0          0          0          0          0          0   entry10a.o
         0          0          0          0          0          0   entry11a.o
         4          0          0          0          0          0   entry12b.o
         8          4          0          0          0          0   entry2.o
         4          0          0          0          0          0   entry5.o
         0          0          0          0          0          0   entry7b.o
         0          0          0          0          0          0   entry8b.o
         8          4          0          0          0          0   entry9a.o
        12          6          0          4          0         68   errno.o
        30          0          0          0          0          0   handlers.o
        36          8          0          0          0         68   init.o
         0          0          0          0          0          0   iusefp.o
        30          0          0          0          0         68   llshl.o
        36          0          0          0          0         68   llsshr.o
        32          0          0          0          0         68   llushr.o
       188         20          0          0          0        160   malloc.o
        36          0          0          0          0         68   memcpya.o
        36          0          0          0          0        108   memseta.o
         0          0          0          8          0          0   mvars.o
      2342        100          0          0          0        772   printfa.o
         0          0          0          4          0          0   stdout.o
        24          0          0          0          0         68   strcat.o
        20          0          0          0          0         68   strchr.o
        18          0          0          0          0         68   strcpy.o
        14          0          0          0          0         68   strlen.o
        40          0          0          0          0         76   strncat.o
        30          0          0          0          0         80   strncmp.o
        36          0          0          0          0         80   strstr.o
        12          0          0          0          0         68   tolower.o
        44          0          0          0          0         80   uidiv.o
        98          0          0          0          0         92   uldiv.o
        48          0          0          0          0         68   cdrcmple.o
        56          0          0          0          0         88   d2f.o
       334          0          0          0          0        148   dadd.o
       222          0          0          0          0        100   ddiv.o
       186          0          0          0          0        176   depilogue.o
        62          0          0          0          0         80   dfixi.o
        48          0          0          0          0         68   dfixul.o
        34          0          0          0          0         76   dflti.o
        26          0          0          0          0         76   dfltui.o
       228          0          0          0          0         96   dmul.o
        46          0          0          0          0         80   dscalb.o
       162          0          0          0          0        100   dsqrt.o
        38          0          0          0          0         68   f2d.o
       110          0          0          0          0        168   fepilogue.o

    ----------------------------------------------------------------------
      8498        482        144         16          0       5108   Library Totals
        14          0          0          0          0          0   (incl. Padding)

    ----------------------------------------------------------------------

      Code (inc. data)   RO Data    RW Data    ZI Data      Debug   Library Name

      3746        340        144          0          0       1520   m_wm.l
      3138        142          0         16          0       2196   mc_w.l
      1600          0          0          0          0       1392   mf_w.l

    ----------------------------------------------------------------------
      8498        482        144         16          0       5108   Library Totals

    ----------------------------------------------------------------------

==============================================================================


      Code (inc. data)   RO Data    RW Data    ZI Data      Debug   

     26666       3640      10042        280      22240     454898   Grand Totals
     26666       3640      10042        280      22240     454898   ELF Image Totals
     26666       3640      10042        280          0          0   ROM Totals

==============================================================================

    Total RO  Size (Code + RO Data)                36708 (  35.85kB)
    Total RW  Size (RW Data + ZI Data)             22520 (  21.99kB)
    Total ROM Size (Code + RO Data + RW Data)      36988 (  36.12kB)

==============================================================================

