Component: ARM Compiler 5.06 update 7 (build 960) Tool: armlink [4d3601]

==============================================================================

Section Cross References

    system_stm32f4xx.o(i.SystemCoreClockUpdate) refers to system_stm32f4xx.o(.data) for .data
    system_stm32f4xx.o(i.SystemInit) refers to system_stm32f4xx.o(i.SetSysClock) for SetSysClock
    main.o(i.Hardware_Init) refers to led.o(i.led_init) for led_init
    main.o(i.Hardware_Init) refers to pwm.o(i.PWM_Init) for PWM_Init
    main.o(i.Hardware_Init) refers to usart.o(i.uart_init) for uart_init
    main.o(i.Hardware_Init) refers to usart.o(i.uart3_init) for uart3_init
    main.o(i.Hardware_Init) refers to bmp280.o(i.IIC_Init) for IIC_Init
    main.o(i.Hardware_Init) refers to adc.o(i.ADC1_Config) for ADC1_Config
    main.o(i.Hardware_Init) refers to oled.o(i.OLED_Init) for OLED_Init
    main.o(i.Hardware_Init) refers to oled.o(i.OLED_Clear) for OLED_Clear
    main.o(i.Hardware_Init) refers to beep.o(i.Beep_Init) for Beep_Init
    main.o(i.Hardware_Init) refers to key.o(i.key_4X4_Init) for key_4X4_Init
    main.o(i.Hardware_Init) refers to light.o(i.LIGHT_Init) for LIGHT_Init
    main.o(i.Hardware_Init) refers to mq2.o(i.MQ2_Init) for MQ2_Init
    main.o(i.Hardware_Init) refers to mq135.o(i.MQ135_Init) for MQ135_Init
    main.o(i.Hardware_Init) refers to rain.o(i.RAIN_Init) for RAIN_Init
    main.o(i.Hardware_Init) refers to mfrc522.o(i.STM32_SPI3_Init) for STM32_SPI3_Init
    main.o(i.Hardware_Init) refers to su_03t.o(i.SU_03T_Init) for SU_03T_Init
    main.o(i.Hardware_Init) refers to printfa.o(i.__0printf) for __2printf
    main.o(i.door) refers to password.o(i.password_check) for password_check
    main.o(i.door) refers to oled.o(i.oled_show_input) for oled_show_input
    main.o(i.door) refers to password.o(i.password_get_input) for password_get_input
    main.o(i.door) refers to oled.o(i.oled_show_old) for oled_show_old
    main.o(i.door) refers to password.o(i.password_compare) for password_compare
    main.o(i.door) refers to password.o(i.password_old_wrong_action) for password_old_wrong_action
    main.o(i.door) refers to password.o(i.password_input_wrong_action) for password_input_wrong_action
    main.o(i.door) refers to password.o(i.password_input_right_action) for password_input_right_action
    main.o(i.door) refers to password.o(i.password_old_right_action) for password_old_right_action
    main.o(i.door) refers to main.o(.data) for .data
    main.o(i.main) refers to misc.o(i.NVIC_PriorityGroupConfig) for NVIC_PriorityGroupConfig
    main.o(i.main) refers to main.o(i.Hardware_Init) for Hardware_Init
    main.o(i.main) refers to bmp280.o(i.bme280Init) for bme280Init
    main.o(i.main) refers to pwm.o(i.PWM_SetCompare1) for PWM_SetCompare1
    main.o(i.main) refers to delay.o(i.delay_ms) for delay_ms
    main.o(i.main) refers to oled.o(i.OLED_ShowString) for OLED_ShowString
    main.o(i.main) refers to printfa.o(i.__0printf) for __2printf
    main.o(i.main) refers to esp8266.o(i.ESP8266_Init) for ESP8266_Init
    main.o(i.main) refers to oled.o(i.OLED_Clear) for OLED_Clear
    main.o(i.main) refers to onenet.o(i.OneNet_DevLink) for OneNet_DevLink
    main.o(i.main) refers to onenet.o(i.OneNET_Subscribe) for OneNET_Subscribe
    main.o(i.main) refers to timer.o(i.timer_init) for timer_init
    main.o(i.main) refers to key.o(i.button_scan) for button_scan
    main.o(i.main) refers to main.o(i.door) for door
    main.o(i.main) refers to tasks.o(i.timer_isr) for timer_isr
    main.o(i.main) refers to main.o(.data) for .data
    startup_stm32f40_41xxx.o(RESET) refers to startup_stm32f40_41xxx.o(STACK) for __initial_sp
    startup_stm32f40_41xxx.o(RESET) refers to startup_stm32f40_41xxx.o(.text) for Reset_Handler
    startup_stm32f40_41xxx.o(RESET) refers to stm32f4xx_it.o(i.NMI_Handler) for NMI_Handler
    startup_stm32f40_41xxx.o(RESET) refers to stm32f4xx_it.o(i.HardFault_Handler) for HardFault_Handler
    startup_stm32f40_41xxx.o(RESET) refers to stm32f4xx_it.o(i.MemManage_Handler) for MemManage_Handler
    startup_stm32f40_41xxx.o(RESET) refers to stm32f4xx_it.o(i.BusFault_Handler) for BusFault_Handler
    startup_stm32f40_41xxx.o(RESET) refers to stm32f4xx_it.o(i.UsageFault_Handler) for UsageFault_Handler
    startup_stm32f40_41xxx.o(RESET) refers to stm32f4xx_it.o(i.SVC_Handler) for SVC_Handler
    startup_stm32f40_41xxx.o(RESET) refers to stm32f4xx_it.o(i.DebugMon_Handler) for DebugMon_Handler
    startup_stm32f40_41xxx.o(RESET) refers to stm32f4xx_it.o(i.PendSV_Handler) for PendSV_Handler
    startup_stm32f40_41xxx.o(RESET) refers to stm32f4xx_it.o(i.SysTick_Handler) for SysTick_Handler
    startup_stm32f40_41xxx.o(RESET) refers to timer.o(i.TIM2_IRQHandler) for TIM2_IRQHandler
    startup_stm32f40_41xxx.o(RESET) refers to usart.o(i.USART1_IRQHandler) for USART1_IRQHandler
    startup_stm32f40_41xxx.o(RESET) refers to esp8266.o(i.USART3_IRQHandler) for USART3_IRQHandler
[...]
    Removing stm32f4xx_adc.o(i.ADC_GetSoftwareStartConvStatus), (14 bytes).
    Removing stm32f4xx_adc.o(i.ADC_GetSoftwareStartInjectedConvCmdStatus), (14 bytes).
    Removing stm32f4xx_adc.o(i.ADC_ITConfig), (18 bytes).
    Removing stm32f4xx_adc.o(i.ADC_InjectedChannelConfig), (74 bytes).
    Removing stm32f4xx_adc.o(i.ADC_InjectedDiscModeCmd), (20 bytes).
    Removing stm32f4xx_adc.o(i.ADC_InjectedSequencerLengthConfig), (16 bytes).
    Removing stm32f4xx_adc.o(i.ADC_MultiModeDMARequestAfterLastTransferCmd), (32 bytes).
    Removing stm32f4xx_adc.o(i.ADC_SetInjectedOffset), (10 bytes).
    Removing stm32f4xx_adc.o(i.ADC_SoftwareStartInjectedConv), (10 bytes).
    Removing stm32f4xx_adc.o(i.ADC_StructInit), (20 bytes).
    Removing stm32f4xx_adc.o(i.ADC_TempSensorVrefintCmd), (32 bytes).
    Removing stm32f4xx_adc.o(i.ADC_VBATCmd), (32 bytes).
    Removing stm32f4xx_can.o(.rev16_text), (4 bytes).
    Removing stm32f4xx_can.o(.revsh_text), (4 bytes).
    Removing stm32f4xx_can.o(i.CAN_CancelTransmit), (36 bytes).
    Removing stm32f4xx_can.o(i.CAN_ClearFlag), (48 bytes).
    Removing stm32f4xx_can.o(i.CAN_ClearITPendingBit), (120 bytes).
    Removing stm32f4xx_can.o(i.CAN_DBGFreeze), (20 bytes).
    Removing stm32f4xx_can.o(i.CAN_DeInit), (44 bytes).
    Removing stm32f4xx_can.o(i.CAN_FIFORelease), (22 bytes).
    Removing stm32f4xx_can.o(i.CAN_FilterInit), (204 bytes).
    Removing stm32f4xx_can.o(i.CAN_GetFlagStatus), (52 bytes).
    Removing stm32f4xx_can.o(i.CAN_GetITStatus), (168 bytes).
    Removing stm32f4xx_can.o(i.CAN_GetLSBTransmitErrorCounter), (8 bytes).
    Removing stm32f4xx_can.o(i.CAN_GetLastErrorCode), (10 bytes).
    Removing stm32f4xx_can.o(i.CAN_GetReceiveErrorCounter), (6 bytes).
    Removing stm32f4xx_can.o(i.CAN_ITConfig), (16 bytes).
    Removing stm32f4xx_can.o(i.CAN_Init), (232 bytes).
    Removing stm32f4xx_can.o(i.CAN_MessagePending), (22 bytes).
    Removing stm32f4xx_can.o(i.CAN_OperatingModeRequest), (140 bytes).
    Removing stm32f4xx_can.o(i.CAN_Receive), (142 bytes).
    Removing stm32f4xx_can.o(i.CAN_SlaveStartBank), (44 bytes).
    Removing stm32f4xx_can.o(i.CAN_Sleep), (30 bytes).
    Removing stm32f4xx_can.o(i.CAN_StructInit), (32 bytes).
    Removing stm32f4xx_can.o(i.CAN_TTComModeCmd), (90 bytes).
    Removing stm32f4xx_can.o(i.CAN_Transmit), (190 bytes).
    Removing stm32f4xx_can.o(i.CAN_TransmitStatus), (108 bytes).
    Removing stm32f4xx_can.o(i.CAN_WakeUp), (40 bytes).
    Removing stm32f4xx_can.o(i.CheckITStatus), (12 bytes).
    Removing stm32f4xx_crc.o(.rev16_text), (4 bytes).
    Removing stm32f4xx_crc.o(.revsh_text), (4 bytes).
    Removing stm32f4xx_crc.o(i.CRC_CalcBlockCRC), (28 bytes).
    Removing stm32f4xx_crc.o(i.CRC_CalcCRC), (12 bytes).
    Removing stm32f4xx_crc.o(i.CRC_GetCRC), (12 bytes).
    Removing stm32f4xx_crc.o(i.CRC_GetIDRegister), (12 bytes).
    Removing stm32f4xx_crc.o(i.CRC_ResetDR), (12 bytes).
    Removing stm32f4xx_crc.o(i.CRC_SetIDRegister), (12 bytes).
    Removing stm32f4xx_cryp.o(.rev16_text), (4 bytes).
    Removing stm32f4xx_cryp.o(.revsh_text), (4 bytes).
    Removing stm32f4xx_cryp.o(i.CRYP_Cmd), (28 bytes).
    Removing stm32f4xx_cryp.o(i.CRYP_DMACmd), (28 bytes).
    Removing stm32f4xx_cryp.o(i.CRYP_DataIn), (12 bytes).
    Removing stm32f4xx_cryp.o(i.CRYP_DataOut), (12 bytes).
    Removing stm32f4xx_cryp.o(i.CRYP_DeInit), (22 bytes).
    Removing stm32f4xx_cryp.o(i.CRYP_FIFOFlush), (16 bytes).
    Removing stm32f4xx_cryp.o(i.CRYP_GetCmdStatus), (20 bytes).
    Removing stm32f4xx_cryp.o(i.CRYP_GetFlagStatus), (28 bytes).
    Removing stm32f4xx_cryp.o(i.CRYP_GetITStatus), (20 bytes).
    Removing stm32f4xx_cryp.o(i.CRYP_ITConfig), (28 bytes).
    Removing stm32f4xx_cryp.o(i.CRYP_IVInit), (24 bytes).
    Removing stm32f4xx_cryp.o(i.CRYP_IVStructInit), (12 bytes).
    Removing stm32f4xx_cryp.o(i.CRYP_Init), (92 bytes).
    Removing stm32f4xx_cryp.o(i.CRYP_KeyInit), (40 bytes).
    Removing stm32f4xx_cryp.o(i.CRYP_KeyStructInit), (20 bytes).
    Removing stm32f4xx_cryp.o(i.CRYP_PhaseConfig), (20 bytes).
    Removing stm32f4xx_cryp.o(i.CRYP_RestoreContext), (136 bytes).
    Removing stm32f4xx_cryp.o(i.CRYP_SaveContext), (220 bytes).
    Removing stm32f4xx_cryp.o(i.CRYP_StructInit), (12 bytes).
    Removing stm32f4xx_cryp_aes.o(.rev16_text), (4 bytes).
    Removing stm32f4xx_cryp_aes.o(.revsh_text), (4 bytes).
    Removing stm32f4xx_cryp_aes.o(i.CRYP_AES_CBC), (438 bytes).
    Removing stm32f4xx_cryp_aes.o(i.CRYP_AES_CCM), (1444 bytes).
    Removing stm32f4xx_cryp_aes.o(i.CRYP_AES_CTR), (382 bytes).
    Removing stm32f4xx_cryp_aes.o(i.CRYP_AES_ECB), (402 bytes).
    Removing stm32f4xx_cryp_aes.o(i.CRYP_AES_GCM), (1078 bytes).
    Removing stm32f4xx_cryp_des.o(.rev16_text), (4 bytes).
    Removing stm32f4xx_cryp_des.o(.revsh_text), (4 bytes).
    Removing stm32f4xx_cryp_des.o(i.CRYP_DES_CBC), (218 bytes).
    Removing stm32f4xx_cryp_des.o(i.CRYP_DES_ECB), (196 bytes).
    Removing stm32f4xx_cryp_tdes.o(.rev16_text), (4 bytes).
    Removing stm32f4xx_cryp_tdes.o(.revsh_text), (4 bytes).
    Removing stm32f4xx_cryp_tdes.o(i.CRYP_TDES_CBC), (250 bytes).
    Removing stm32f4xx_cryp_tdes.o(i.CRYP_TDES_ECB), (226 bytes).
    Removing stm32f4xx_dac.o(.rev16_text), (4 bytes).
    Removing stm32f4xx_dac.o(.revsh_text), (4 bytes).
    Removing stm32f4xx_dac.o(i.DAC_ClearFlag), (12 bytes).
    Removing stm32f4xx_dac.o(i.DAC_ClearITPendingBit), (12 bytes).
    Removing stm32f4xx_dac.o(i.DAC_Cmd), (24 bytes).
    Removing stm32f4xx_dac.o(i.DAC_DMACmd), (24 bytes).
    Removing stm32f4xx_dac.o(i.DAC_DeInit), (24 bytes).
    Removing stm32f4xx_dac.o(i.DAC_DualSoftwareTriggerCmd), (28 bytes).
    Removing stm32f4xx_dac.o(i.DAC_GetDataOutputValue), (24 bytes).
    Removing stm32f4xx_dac.o(i.DAC_GetFlagStatus), (24 bytes).
    Removing stm32f4xx_dac.o(i.DAC_GetITStatus), (36 bytes).
    Removing stm32f4xx_dac.o(i.DAC_ITConfig), (24 bytes).
    Removing stm32f4xx_dac.o(i.DAC_Init), (40 bytes).
    Removing stm32f4xx_dac.o(i.DAC_SetChannel1Data), (20 bytes).
    Removing stm32f4xx_dac.o(i.DAC_SetChannel2Data), (20 bytes).
    Removing stm32f4xx_dac.o(i.DAC_SetDualChannelData), (28 bytes).
    Removing stm32f4xx_dac.o(i.DAC_SoftwareTriggerCmd), (28 bytes).
    Removing stm32f4xx_dac.o(i.DAC_StructInit), (12 bytes).
    Removing stm32f4xx_dac.o(i.DAC_WaveGenerationCmd), (24 bytes).
    Removing stm32f4xx_dbgmcu.o(.rev16_text), (4 bytes).
    Removing stm32f4xx_dbgmcu.o(.revsh_text), (4 bytes).
    Removing stm32f4xx_dbgmcu.o(i.DBGMCU_APB1PeriphConfig), (24 bytes).
    Removing stm32f4xx_dbgmcu.o(i.DBGMCU_APB2PeriphConfig), (24 bytes).
    Removing stm32f4xx_dbgmcu.o(i.DBGMCU_Config), (24 bytes).
    Removing stm32f4xx_dbgmcu.o(i.DBGMCU_GetDEVID), (16 bytes).
    Removing stm32f4xx_dbgmcu.o(i.DBGMCU_GetREVID), (12 bytes).
    Removing stm32f4xx_dcmi.o(.rev16_text), (4 bytes).
    Removing stm32f4xx_dcmi.o(.revsh_text), (4 bytes).
    Removing stm32f4xx_dcmi.o(i.DCMI_CROPCmd), (28 bytes).
    Removing stm32f4xx_dcmi.o(i.DCMI_CROPConfig), (24 bytes).
    Removing stm32f4xx_dcmi.o(i.DCMI_CaptureCmd), (28 bytes).
    Removing stm32f4xx_dcmi.o(i.DCMI_ClearFlag), (12 bytes).
    Removing stm32f4xx_dcmi.o(i.DCMI_ClearITPendingBit), (12 bytes).
    Removing stm32f4xx_dcmi.o(i.DCMI_Cmd), (28 bytes).
    Removing stm32f4xx_dcmi.o(i.DCMI_DeInit), (28 bytes).
    Removing stm32f4xx_dcmi.o(i.DCMI_GetFlagStatus), (36 bytes).
    Removing stm32f4xx_dcmi.o(i.DCMI_GetITStatus), (20 bytes).
    Removing stm32f4xx_dcmi.o(i.DCMI_ITConfig), (28 bytes).
    Removing stm32f4xx_dcmi.o(i.DCMI_Init), (60 bytes).
    Removing stm32f4xx_dcmi.o(i.DCMI_JPEGCmd), (28 bytes).
    Removing stm32f4xx_dcmi.o(i.DCMI_ReadData), (12 bytes).
    Removing stm32f4xx_dcmi.o(i.DCMI_SetEmbeddedSynchroCodes), (24 bytes).
    Removing stm32f4xx_dcmi.o(i.DCMI_StructInit), (18 bytes).
    Removing stm32f4xx_dma.o(.rev16_text), (4 bytes).
    Removing stm32f4xx_dma.o(.revsh_text), (4 bytes).
    Removing stm32f4xx_dma.o(i.DMA_ClearFlag), (44 bytes).
    Removing stm32f4xx_dma.o(i.DMA_ClearITPendingBit), (44 bytes).
    Removing stm32f4xx_dma.o(i.DMA_DoubleBufferModeCmd), (20 bytes).
    Removing stm32f4xx_dma.o(i.DMA_DoubleBufferModeConfig), (22 bytes).
    Removing stm32f4xx_dma.o(i.DMA_FlowControllerConfig), (20 bytes).
    Removing stm32f4xx_dma.o(i.DMA_GetCmdStatus), (14 bytes).
    Removing stm32f4xx_dma.o(i.DMA_GetCurrDataCounter), (6 bytes).
    Removing stm32f4xx_dma.o(i.DMA_GetCurrentMemoryTarget), (14 bytes).
    Removing stm32f4xx_dma.o(i.DMA_GetFIFOStatus), (8 bytes).
    Removing stm32f4xx_dma.o(i.DMA_GetFlagStatus), (52 bytes).
    Removing stm32f4xx_dma.o(i.DMA_GetITStatus), (84 bytes).
    Removing stm32f4xx_dma.o(i.DMA_ITConfig), (44 bytes).
    Removing stm32f4xx_dma.o(i.DMA_MemoryTargetConfig), (10 bytes).
    Removing stm32f4xx_dma.o(i.DMA_PeriphIncOffsetSizeConfig), (20 bytes).
    Removing stm32f4xx_dma.o(i.DMA_SetCurrDataCounter), (4 bytes).
    Removing stm32f4xx_dma.o(i.DMA_StructInit), (34 bytes).
    Removing stm32f4xx_dma2d.o(.rev16_text), (4 bytes).
    Removing stm32f4xx_dma2d.o(.revsh_text), (4 bytes).
    Removing stm32f4xx_dma2d.o(i.DMA2D_AbortTransfer), (16 bytes).
    Removing stm32f4xx_dma2d.o(i.DMA2D_BGConfig), (108 bytes).
    Removing stm32f4xx_dma2d.o(i.DMA2D_BGStart), (28 bytes).
    Removing stm32f4xx_dma2d.o(i.DMA2D_BG_StructInit), (26 bytes).
    Removing stm32f4xx_dma2d.o(i.DMA2D_ClearFlag), (12 bytes).
    Removing stm32f4xx_dma2d.o(i.DMA2D_ClearITPendingBit), (12 bytes).
    Removing stm32f4xx_dma2d.o(i.DMA2D_DeInit), (24 bytes).
    Removing stm32f4xx_dma2d.o(i.DMA2D_DeadTimeConfig), (44 bytes).
    Removing stm32f4xx_dma2d.o(i.DMA2D_FGConfig), (108 bytes).
    Removing stm32f4xx_dma2d.o(i.DMA2D_FGStart), (28 bytes).
    Removing stm32f4xx_dma2d.o(i.DMA2D_FG_StructInit), (26 bytes).
    Removing stm32f4xx_dma2d.o(i.DMA2D_GetFlagStatus), (20 bytes).
    Removing stm32f4xx_dma2d.o(i.DMA2D_GetITStatus), (36 bytes).
    Removing stm32f4xx_dma2d.o(i.DMA2D_ITConfig), (24 bytes).
    Removing stm32f4xx_dma2d.o(i.DMA2D_Init), (180 bytes).
    Removing stm32f4xx_dma2d.o(i.DMA2D_LineWatermarkConfig), (12 bytes).
    Removing stm32f4xx_dma2d.o(i.DMA2D_StartTransfer), (16 bytes).
    Removing stm32f4xx_dma2d.o(i.DMA2D_StructInit), (24 bytes).
    Removing stm32f4xx_dma2d.o(i.DMA2D_Suspend), (28 bytes).
    Removing stm32f4xx_exti.o(.rev16_text), (4 bytes).
    Removing stm32f4xx_exti.o(.revsh_text), (4 bytes).
    Removing stm32f4xx_exti.o(i.EXTI_ClearFlag), (12 bytes).
    Removing stm32f4xx_exti.o(i.EXTI_ClearITPendingBit), (12 bytes).
    Removing stm32f4xx_exti.o(i.EXTI_DeInit), (36 bytes).
    Removing stm32f4xx_exti.o(i.EXTI_GenerateSWInterrupt), (16 bytes).
    Removing stm32f4xx_exti.o(i.EXTI_GetFlagStatus), (20 bytes).
    Removing stm32f4xx_exti.o(i.EXTI_GetITStatus), (20 bytes).
    Removing stm32f4xx_exti.o(i.EXTI_Init), (112 bytes).
    Removing stm32f4xx_exti.o(i.EXTI_StructInit), (14 bytes).
    Removing stm32f4xx_flash.o(.rev16_text), (4 bytes).
    Removing stm32f4xx_flash.o(.revsh_text), (4 bytes).
    Removing stm32f4xx_flash.o(i.FLASH_ClearFlag), (12 bytes).
    Removing stm32f4xx_flash.o(i.FLASH_DataCacheCmd), (28 bytes).
    Removing stm32f4xx_flash.o(i.FLASH_DataCacheReset), (16 bytes).
    Removing stm32f4xx_flash.o(i.FLASH_EraseAllBank1Sectors), (92 bytes).
    Removing stm32f4xx_flash.o(i.FLASH_EraseAllBank2Sectors), (92 bytes).
    Removing stm32f4xx_flash.o(i.FLASH_EraseAllSectors), (92 bytes).
    Removing stm32f4xx_flash.o(i.FLASH_EraseSector), (108 bytes).
    Removing stm32f4xx_flash.o(i.FLASH_GetFlagStatus), (20 bytes).
    Removing stm32f4xx_flash.o(i.FLASH_GetStatus), (60 bytes).
    Removing stm32f4xx_flash.o(i.FLASH_ITConfig), (24 bytes).
    Removing stm32f4xx_flash.o(i.FLASH_InstructionCacheCmd), (28 bytes).
    Removing stm32f4xx_flash.o(i.FLASH_InstructionCacheReset), (16 bytes).
    Removing stm32f4xx_flash.o(i.FLASH_Lock), (16 bytes).
    Removing stm32f4xx_flash.o(i.FLASH_OB_BORConfig), (24 bytes).
    Removing stm32f4xx_flash.o(i.FLASH_OB_BootConfig), (24 bytes).
    Removing stm32f4xx_flash.o(i.FLASH_OB_GetBOR), (16 bytes).
    Removing stm32f4xx_flash.o(i.FLASH_OB_GetPCROP), (12 bytes).
    Removing stm32f4xx_flash.o(i.FLASH_OB_GetPCROP1), (12 bytes).
    Removing stm32f4xx_flash.o(i.FLASH_OB_GetRDP), (20 bytes).
    Removing stm32f4xx_flash.o(i.FLASH_OB_GetUser), (16 bytes).
    Removing stm32f4xx_flash.o(i.FLASH_OB_GetWRP), (12 bytes).
    Removing stm32f4xx_flash.o(i.FLASH_OB_GetWRP1), (12 bytes).
    Removing stm32f4xx_flash.o(i.FLASH_OB_Launch), (20 bytes).
    Removing stm32f4xx_flash.o(i.FLASH_OB_Lock), (16 bytes).
    Removing stm32f4xx_flash.o(i.FLASH_OB_PCROP1Config), (36 bytes).
    Removing stm32f4xx_flash.o(i.FLASH_OB_PCROPConfig), (36 bytes).
    Removing stm32f4xx_flash.o(i.FLASH_OB_PCROPSelectionConfig), (20 bytes).
    Removing stm32f4xx_flash.o(i.FLASH_OB_RDPConfig), (24 bytes).
    Removing stm32f4xx_flash.o(i.FLASH_OB_Unlock), (36 bytes).
    Removing stm32f4xx_flash.o(i.FLASH_OB_UserConfig), (40 bytes).
    Removing stm32f4xx_flash.o(i.FLASH_OB_WRP1Config), (36 bytes).
    Removing stm32f4xx_flash.o(i.FLASH_OB_WRPConfig), (36 bytes).
    Removing stm32f4xx_flash.o(i.FLASH_PrefetchBufferCmd), (28 bytes).
    Removing stm32f4xx_flash.o(i.FLASH_ProgramByte), (56 bytes).
    Removing stm32f4xx_flash.o(i.FLASH_ProgramDoubleWord), (64 bytes).
    Removing stm32f4xx_flash.o(i.FLASH_ProgramHalfWord), (60 bytes).
    Removing stm32f4xx_flash.o(i.FLASH_ProgramWord), (60 bytes).
    Removing stm32f4xx_flash.o(i.FLASH_SetLatency), (12 bytes).
    Removing stm32f4xx_flash.o(i.FLASH_Unlock), (36 bytes).
    Removing stm32f4xx_flash.o(i.FLASH_WaitForLastOperation), (30 bytes).
    Removing stm32f4xx_flash_ramfunc.o(.rev16_text), (4 bytes).
    Removing stm32f4xx_flash_ramfunc.o(.revsh_text), (4 bytes).
    Removing stm32f4xx_flash_ramfunc.o(i.FLASH_FlashInterfaceCmd), (28 bytes).
    Removing stm32f4xx_flash_ramfunc.o(i.FLASH_FlashSleepModeCmd), (28 bytes).
    Removing stm32f4xx_fsmc.o(.rev16_text), (4 bytes).
    Removing stm32f4xx_fsmc.o(.revsh_text), (4 bytes).
    Removing stm32f4xx_fsmc.o(i.FSMC_ClearFlag), (38 bytes).
    Removing stm32f4xx_fsmc.o(i.FSMC_ClearITPendingBit), (42 bytes).
    Removing stm32f4xx_fsmc.o(i.FSMC_GetECC), (18 bytes).
    Removing stm32f4xx_fsmc.o(i.FSMC_GetFlagStatus), (40 bytes).
    Removing stm32f4xx_fsmc.o(i.FSMC_GetITStatus), (48 bytes).
    Removing stm32f4xx_fsmc.o(i.FSMC_ITConfig), (72 bytes).
    Removing stm32f4xx_fsmc.o(i.FSMC_NANDCmd), (56 bytes).
    Removing stm32f4xx_fsmc.o(i.FSMC_NANDDeInit), (40 bytes).
    Removing stm32f4xx_fsmc.o(i.FSMC_NANDECCCmd), (56 bytes).
    Removing stm32f4xx_fsmc.o(i.FSMC_NANDInit), (104 bytes).
    Removing stm32f4xx_fsmc.o(i.FSMC_NANDStructInit), (54 bytes).
    Removing stm32f4xx_fsmc.o(i.FSMC_NORSRAMCmd), (32 bytes).
    Removing stm32f4xx_fsmc.o(i.FSMC_NORSRAMDeInit), (38 bytes).
    Removing stm32f4xx_fsmc.o(i.FSMC_NORSRAMInit), (200 bytes).
    Removing stm32f4xx_fsmc.o(i.FSMC_NORSRAMStructInit), (48 bytes).
    Removing stm32f4xx_fsmc.o(i.FSMC_PCCARDCmd), (32 bytes).
    Removing stm32f4xx_fsmc.o(i.FSMC_PCCARDDeInit), (26 bytes).
    Removing stm32f4xx_fsmc.o(i.FSMC_PCCARDInit), (102 bytes).
    Removing stm32f4xx_fsmc.o(i.FSMC_PCCARDStructInit), (60 bytes).
    Removing stm32f4xx_fsmc.o(.constdata), (28 bytes).
    Removing stm32f4xx_gpio.o(.rev16_text), (4 bytes).
    Removing stm32f4xx_gpio.o(.revsh_text), (4 bytes).
    Removing stm32f4xx_gpio.o(i.GPIO_DeInit), (260 bytes).
    Removing stm32f4xx_gpio.o(i.GPIO_PinLockConfig), (24 bytes).
    Removing stm32f4xx_gpio.o(i.GPIO_ReadInputData), (6 bytes).
    Removing stm32f4xx_gpio.o(i.GPIO_ReadOutputData), (6 bytes).
    Removing stm32f4xx_gpio.o(i.GPIO_ReadOutputDataBit), (14 bytes).
    Removing stm32f4xx_gpio.o(i.GPIO_StructInit), (18 bytes).
    Removing stm32f4xx_gpio.o(i.GPIO_ToggleBits), (8 bytes).
    Removing stm32f4xx_gpio.o(i.GPIO_Write), (4 bytes).
    Removing stm32f4xx_hash.o(.rev16_text), (4 bytes).
    Removing stm32f4xx_hash.o(.revsh_text), (4 bytes).
    Removing stm32f4xx_hash.o(i.HASH_AutoStartDigest), (28 bytes).
    Removing stm32f4xx_hash.o(i.HASH_ClearFlag), (12 bytes).
    Removing stm32f4xx_hash.o(i.HASH_ClearITPendingBit), (12 bytes).
    Removing stm32f4xx_hash.o(i.HASH_DMACmd), (28 bytes).
    Removing stm32f4xx_hash.o(i.HASH_DataIn), (12 bytes).
    Removing stm32f4xx_hash.o(i.HASH_DeInit), (22 bytes).
    Removing stm32f4xx_hash.o(i.HASH_GetDigest), (72 bytes).
    Removing stm32f4xx_hash.o(i.HASH_GetFlagStatus), (32 bytes).
    Removing stm32f4xx_hash.o(i.HASH_GetITStatus), (28 bytes).
    Removing stm32f4xx_hash.o(i.HASH_GetInFIFOWordsNbr), (16 bytes).
    Removing stm32f4xx_hash.o(i.HASH_ITConfig), (24 bytes).
    Removing stm32f4xx_hash.o(i.HASH_Init), (68 bytes).
    Removing stm32f4xx_hash.o(i.HASH_Reset), (16 bytes).
    Removing stm32f4xx_hash.o(i.HASH_RestoreContext), (68 bytes).
    Removing stm32f4xx_hash.o(i.HASH_SaveContext), (60 bytes).
    Removing stm32f4xx_hash.o(i.HASH_SetLastWordValidBitsNbr), (24 bytes).
    Removing stm32f4xx_hash.o(i.HASH_StartDigest), (16 bytes).
    Removing stm32f4xx_hash.o(i.HASH_StructInit), (12 bytes).
    Removing stm32f4xx_hash_md5.o(.rev16_text), (4 bytes).
    Removing stm32f4xx_hash_md5.o(.revsh_text), (4 bytes).
    Removing stm32f4xx_hash_md5.o(i.HASH_MD5), (158 bytes).
    Removing stm32f4xx_hash_md5.o(i.HMAC_MD5), (320 bytes).
    Removing stm32f4xx_hash_sha1.o(.rev16_text), (4 bytes).
    Removing stm32f4xx_hash_sha1.o(.revsh_text), (4 bytes).
    Removing stm32f4xx_hash_sha1.o(i.HASH_SHA1), (164 bytes).
    Removing stm32f4xx_hash_sha1.o(i.HMAC_SHA1), (324 bytes).
    Removing stm32f4xx_i2c.o(.rev16_text), (4 bytes).
    Removing stm32f4xx_i2c.o(.revsh_text), (4 bytes).
    Removing stm32f4xx_i2c.o(i.I2C_ARPCmd), (20 bytes).
    Removing stm32f4xx_i2c.o(i.I2C_AcknowledgeConfig), (20 bytes).
    Removing stm32f4xx_i2c.o(i.I2C_AnalogFilterCmd), (20 bytes).
    Removing stm32f4xx_i2c.o(i.I2C_CalculatePEC), (20 bytes).
    Removing stm32f4xx_i2c.o(i.I2C_CheckEvent), (24 bytes).
    Removing stm32f4xx_i2c.o(i.I2C_ClearFlag), (6 bytes).
    Removing stm32f4xx_i2c.o(i.I2C_ClearITPendingBit), (6 bytes).
    Removing stm32f4xx_i2c.o(i.I2C_Cmd), (20 bytes).
    Removing stm32f4xx_i2c.o(i.I2C_DMACmd), (20 bytes).
    Removing stm32f4xx_i2c.o(i.I2C_DMALastTransferCmd), (20 bytes).
    Removing stm32f4xx_i2c.o(i.I2C_DeInit), (68 bytes).
    Removing stm32f4xx_i2c.o(i.I2C_DigitalFilterConfig), (16 bytes).
    Removing stm32f4xx_i2c.o(i.I2C_DualAddressCmd), (20 bytes).
    Removing stm32f4xx_i2c.o(i.I2C_FastModeDutyCycleConfig), (22 bytes).
    Removing stm32f4xx_i2c.o(i.I2C_GeneralCallCmd), (20 bytes).
    Removing stm32f4xx_i2c.o(i.I2C_GenerateSTART), (20 bytes).
    Removing stm32f4xx_i2c.o(i.I2C_GenerateSTOP), (20 bytes).
    Removing stm32f4xx_i2c.o(i.I2C_GetFlagStatus), (42 bytes).
    Removing stm32f4xx_i2c.o(i.I2C_GetITStatus), (36 bytes).
    Removing stm32f4xx_i2c.o(i.I2C_GetLastEvent), (14 bytes).
    Removing stm32f4xx_i2c.o(i.I2C_GetPEC), (6 bytes).
    Removing stm32f4xx_i2c.o(i.I2C_ITConfig), (16 bytes).
    Removing stm32f4xx_i2c.o(i.I2C_Init), (184 bytes).
    Removing stm32f4xx_i2c.o(i.I2C_NACKPositionConfig), (22 bytes).
    Removing stm32f4xx_i2c.o(i.I2C_OwnAddress2Config), (16 bytes).
    Removing stm32f4xx_i2c.o(i.I2C_PECPositionConfig), (22 bytes).
    Removing stm32f4xx_i2c.o(i.I2C_ReadRegister), (10 bytes).
    Removing stm32f4xx_i2c.o(i.I2C_ReceiveData), (6 bytes).
    Removing stm32f4xx_i2c.o(i.I2C_SMBusAlertConfig), (22 bytes).
    Removing stm32f4xx_i2c.o(i.I2C_Send7bitAddress), (16 bytes).
    Removing stm32f4xx_i2c.o(i.I2C_SendData), (4 bytes).
    Removing stm32f4xx_i2c.o(i.I2C_SoftwareResetCmd), (20 bytes).
    Removing stm32f4xx_i2c.o(i.I2C_StretchClockCmd), (20 bytes).
    Removing stm32f4xx_i2c.o(i.I2C_StructInit), (28 bytes).
    Removing stm32f4xx_i2c.o(i.I2C_TransmitPEC), (20 bytes).
    Removing stm32f4xx_iwdg.o(.rev16_text), (4 bytes).
    Removing stm32f4xx_iwdg.o(.revsh_text), (4 bytes).
    Removing stm32f4xx_iwdg.o(i.IWDG_Enable), (16 bytes).
    Removing stm32f4xx_iwdg.o(i.IWDG_GetFlagStatus), (20 bytes).
    Removing stm32f4xx_iwdg.o(i.IWDG_ReloadCounter), (16 bytes).
    Removing stm32f4xx_iwdg.o(i.IWDG_SetPrescaler), (12 bytes).
    Removing stm32f4xx_iwdg.o(i.IWDG_SetReload), (12 bytes).
    Removing stm32f4xx_iwdg.o(i.IWDG_WriteAccessCmd), (12 bytes).
    Removing stm32f4xx_ltdc.o(.rev16_text), (4 bytes).
    Removing stm32f4xx_ltdc.o(.revsh_text), (4 bytes).
    Removing stm32f4xx_ltdc.o(i.LTDC_CLUTCmd), (32 bytes).
    Removing stm32f4xx_ltdc.o(i.LTDC_CLUTInit), (26 bytes).
    Removing stm32f4xx_ltdc.o(i.LTDC_CLUTStructInit), (12 bytes).
    Removing stm32f4xx_ltdc.o(i.LTDC_ClearFlag), (12 bytes).
    Removing stm32f4xx_ltdc.o(i.LTDC_ClearITPendingBit), (12 bytes).
    Removing stm32f4xx_ltdc.o(i.LTDC_Cmd), (28 bytes).
    Removing stm32f4xx_ltdc.o(i.LTDC_ColorKeyingConfig), (64 bytes).
    Removing stm32f4xx_ltdc.o(i.LTDC_ColorKeyingStructInit), (10 bytes).
    Removing stm32f4xx_ltdc.o(i.LTDC_DeInit), (24 bytes).
    Removing stm32f4xx_ltdc.o(i.LTDC_DitherCmd), (28 bytes).
    Removing stm32f4xx_ltdc.o(i.LTDC_GetCDStatus), (20 bytes).
    Removing stm32f4xx_ltdc.o(i.LTDC_GetFlagStatus), (20 bytes).
    Removing stm32f4xx_ltdc.o(i.LTDC_GetITStatus), (36 bytes).
    Removing stm32f4xx_ltdc.o(i.LTDC_GetPosStatus), (28 bytes).
    Removing stm32f4xx_ltdc.o(i.LTDC_GetRGBWidth), (44 bytes).
    Removing stm32f4xx_ltdc.o(i.LTDC_ITConfig), (24 bytes).
    Removing stm32f4xx_ltdc.o(i.LTDC_Init), (168 bytes).
    Removing stm32f4xx_ltdc.o(i.LTDC_LIPConfig), (12 bytes).
    Removing stm32f4xx_ltdc.o(i.LTDC_LayerAddress), (4 bytes).
    Removing stm32f4xx_ltdc.o(i.LTDC_LayerAlpha), (4 bytes).
    Removing stm32f4xx_ltdc.o(i.LTDC_LayerCmd), (20 bytes).
    Removing stm32f4xx_ltdc.o(i.LTDC_LayerInit), (150 bytes).
    Removing stm32f4xx_ltdc.o(i.LTDC_LayerPixelFormat), (96 bytes).
    Removing stm32f4xx_ltdc.o(i.LTDC_LayerPosition), (116 bytes).
    Removing stm32f4xx_ltdc.o(i.LTDC_LayerSize), (86 bytes).
    Removing stm32f4xx_ltdc.o(i.LTDC_LayerStructInit), (44 bytes).
    Removing stm32f4xx_ltdc.o(i.LTDC_PosStructInit), (8 bytes).
    Removing stm32f4xx_ltdc.o(i.LTDC_RGBStructInit), (10 bytes).
    Removing stm32f4xx_ltdc.o(i.LTDC_ReloadConfig), (12 bytes).
    Removing stm32f4xx_ltdc.o(i.LTDC_StructInit), (34 bytes).
    Removing stm32f4xx_pwr.o(.rev16_text), (4 bytes).
    Removing stm32f4xx_pwr.o(.revsh_text), (4 bytes).
    Removing stm32f4xx_pwr.o(i.PWR_BackupAccessCmd), (12 bytes).
    Removing stm32f4xx_pwr.o(i.PWR_BackupRegulatorCmd), (12 bytes).
    Removing stm32f4xx_pwr.o(i.PWR_ClearFlag), (16 bytes).
    Removing stm32f4xx_pwr.o(i.PWR_DeInit), (24 bytes).
    Removing stm32f4xx_pwr.o(i.PWR_EnterSTANDBYMode), (32 bytes).
    Removing stm32f4xx_pwr.o(i.PWR_EnterSTOPMode), (56 bytes).
    Removing stm32f4xx_pwr.o(i.PWR_EnterUnderDriveSTOPMode), (56 bytes).
    Removing stm32f4xx_pwr.o(i.PWR_FlashPowerDownCmd), (12 bytes).
    Removing stm32f4xx_pwr.o(i.PWR_GetFlagStatus), (20 bytes).
    Removing stm32f4xx_pwr.o(i.PWR_LowRegulatorLowVoltageCmd), (16 bytes).
    Removing stm32f4xx_pwr.o(i.PWR_MainRegulatorLowVoltageCmd), (16 bytes).
    Removing stm32f4xx_pwr.o(i.PWR_MainRegulatorModeConfig), (20 bytes).
    Removing stm32f4xx_pwr.o(i.PWR_OverDriveCmd), (12 bytes).
    Removing stm32f4xx_pwr.o(i.PWR_OverDriveSWCmd), (12 bytes).
    Removing stm32f4xx_pwr.o(i.PWR_PVDCmd), (12 bytes).
    Removing stm32f4xx_pwr.o(i.PWR_PVDLevelConfig), (20 bytes).
    Removing stm32f4xx_pwr.o(i.PWR_UnderDriveCmd), (28 bytes).
    Removing stm32f4xx_pwr.o(i.PWR_WakeUpPinCmd), (12 bytes).
    Removing stm32f4xx_rcc.o(.rev16_text), (4 bytes).
    Removing stm32f4xx_rcc.o(.revsh_text), (4 bytes).
    Removing stm32f4xx_rcc.o(i.RCC_AHB1PeriphClockLPModeCmd), (24 bytes).
    Removing stm32f4xx_rcc.o(i.RCC_AHB1PeriphResetCmd), (24 bytes).
    Removing stm32f4xx_rcc.o(i.RCC_AHB2PeriphClockCmd), (24 bytes).
    Removing stm32f4xx_rcc.o(i.RCC_AHB2PeriphClockLPModeCmd), (24 bytes).
    Removing stm32f4xx_rcc.o(i.RCC_AHB2PeriphResetCmd), (24 bytes).
    Removing stm32f4xx_rcc.o(i.RCC_AHB3PeriphClockCmd), (24 bytes).
    Removing stm32f4xx_rcc.o(i.RCC_AHB3PeriphClockLPModeCmd), (24 bytes).
    Removing stm32f4xx_rcc.o(i.RCC_AHB3PeriphResetCmd), (24 bytes).
    Removing stm32f4xx_rcc.o(i.RCC_APB1PeriphClockLPModeCmd), (24 bytes).
    Removing stm32f4xx_rcc.o(i.RCC_APB1PeriphResetCmd), (24 bytes).
    Removing stm32f4xx_rcc.o(i.RCC_APB2PeriphClockLPModeCmd), (24 bytes).
    Removing stm32f4xx_rcc.o(i.RCC_APB2PeriphResetCmd), (24 bytes).
    Removing stm32f4xx_rcc.o(i.RCC_AdjustHSICalibrationValue), (20 bytes).
    Removing stm32f4xx_rcc.o(i.RCC_BackupResetCmd), (12 bytes).
    Removing stm32f4xx_rcc.o(i.RCC_ClearFlag), (16 bytes).
    Removing stm32f4xx_rcc.o(i.RCC_ClearITPendingBit), (12 bytes).
    Removing stm32f4xx_rcc.o(i.RCC_ClockSecuritySystemCmd), (12 bytes).
    Removing stm32f4xx_rcc.o(i.RCC_DeInit), (84 bytes).
    Removing stm32f4xx_rcc.o(i.RCC_GetFlagStatus), (52 bytes).
    Removing stm32f4xx_rcc.o(i.RCC_GetITStatus), (20 bytes).
    Removing stm32f4xx_rcc.o(i.RCC_GetSYSCLKSource), (16 bytes).
    Removing stm32f4xx_rcc.o(i.RCC_HCLKConfig), (20 bytes).
    Removing stm32f4xx_rcc.o(i.RCC_HSEConfig), (16 bytes).
    Removing stm32f4xx_rcc.o(i.RCC_HSICmd), (12 bytes).
    Removing stm32f4xx_rcc.o(i.RCC_I2SCLKConfig), (12 bytes).
    Removing stm32f4xx_rcc.o(i.RCC_ITConfig), (24 bytes).
    Removing stm32f4xx_rcc.o(i.RCC_LSEConfig), (28 bytes).
    Removing stm32f4xx_rcc.o(i.RCC_LSEModeConfig), (28 bytes).
    Removing stm32f4xx_rcc.o(i.RCC_LSICmd), (12 bytes).
    Removing stm32f4xx_rcc.o(i.RCC_LTDCCLKDivConfig), (20 bytes).
    Removing stm32f4xx_rcc.o(i.RCC_MCO1Config), (20 bytes).
    Removing stm32f4xx_rcc.o(i.RCC_MCO2Config), (20 bytes).
    Removing stm32f4xx_rcc.o(i.RCC_PCLK1Config), (20 bytes).
    Removing stm32f4xx_rcc.o(i.RCC_PCLK2Config), (20 bytes).
    Removing stm32f4xx_rcc.o(i.RCC_PLLCmd), (12 bytes).
    Removing stm32f4xx_rcc.o(i.RCC_PLLConfig), (40 bytes).
    Removing stm32f4xx_rcc.o(i.RCC_PLLI2SCmd), (12 bytes).
    Removing stm32f4xx_rcc.o(i.RCC_PLLI2SConfig), (16 bytes).
    Removing stm32f4xx_rcc.o(i.RCC_PLLSAICmd), (12 bytes).
    Removing stm32f4xx_rcc.o(i.RCC_PLLSAIConfig), (20 bytes).
    Removing stm32f4xx_rcc.o(i.RCC_RTCCLKCmd), (12 bytes).
    Removing stm32f4xx_rcc.o(i.RCC_RTCCLKConfig), (48 bytes).
    Removing stm32f4xx_rcc.o(i.RCC_SAIBlockACLKConfig), (20 bytes).
    Removing stm32f4xx_rcc.o(i.RCC_SAIBlockBCLKConfig), (20 bytes).
    Removing stm32f4xx_rcc.o(i.RCC_SAIPLLI2SClkDivConfig), (20 bytes).
    Removing stm32f4xx_rcc.o(i.RCC_SAIPLLSAIClkDivConfig), (28 bytes).
    Removing stm32f4xx_rcc.o(i.RCC_SYSCLKConfig), (20 bytes).
    Removing stm32f4xx_rcc.o(i.RCC_TIMCLKPresConfig), (12 bytes).
    Removing stm32f4xx_rcc.o(i.RCC_WaitForHSEStartUp), (44 bytes).
    Removing stm32f4xx_rng.o(.rev16_text), (4 bytes).
    Removing stm32f4xx_rng.o(.revsh_text), (4 bytes).
    Removing stm32f4xx_rng.o(i.RNG_ClearFlag), (16 bytes).
    Removing stm32f4xx_rng.o(i.RNG_ClearITPendingBit), (16 bytes).
    Removing stm32f4xx_rng.o(i.RNG_Cmd), (28 bytes).
    Removing stm32f4xx_rng.o(i.RNG_DeInit), (22 bytes).
    Removing stm32f4xx_rng.o(i.RNG_GetFlagStatus), (20 bytes).
    Removing stm32f4xx_rng.o(i.RNG_GetITStatus), (20 bytes).
    Removing stm32f4xx_rng.o(i.RNG_GetRandomNumber), (12 bytes).
    Removing stm32f4xx_rng.o(i.RNG_ITConfig), (28 bytes).
    Removing stm32f4xx_rtc.o(.rev16_text), (4 bytes).
    Removing stm32f4xx_rtc.o(.revsh_text), (4 bytes).
    Removing stm32f4xx_rtc.o(i.RTC_AlarmCmd), (84 bytes).
    Removing stm32f4xx_rtc.o(i.RTC_AlarmStructInit), (20 bytes).
    Removing stm32f4xx_rtc.o(i.RTC_AlarmSubSecondConfig), (44 bytes).
    Removing stm32f4xx_rtc.o(i.RTC_Bcd2ToByte), (18 bytes).
    Removing stm32f4xx_rtc.o(i.RTC_BypassShadowCmd), (44 bytes).
    Removing stm32f4xx_rtc.o(i.RTC_ByteToBcd2), (24 bytes).
    Removing stm32f4xx_rtc.o(i.RTC_CalibOutputCmd), (44 bytes).
    Removing stm32f4xx_rtc.o(i.RTC_CalibOutputConfig), (40 bytes).
    Removing stm32f4xx_rtc.o(i.RTC_ClearFlag), (28 bytes).
    Removing stm32f4xx_rtc.o(i.RTC_ClearITPendingBit), (28 bytes).
    Removing stm32f4xx_rtc.o(i.RTC_CoarseCalibCmd), (60 bytes).
    Removing stm32f4xx_rtc.o(i.RTC_CoarseCalibConfig), (52 bytes).
    Removing stm32f4xx_rtc.o(i.RTC_DateStructInit), (14 bytes).
    Removing stm32f4xx_rtc.o(i.RTC_DayLightSavingConfig), (44 bytes).
    Removing stm32f4xx_rtc.o(i.RTC_DeInit), (176 bytes).
    Removing stm32f4xx_rtc.o(i.RTC_EnterInitMode), (60 bytes).
    Removing stm32f4xx_rtc.o(i.RTC_ExitInitMode), (16 bytes).
    Removing stm32f4xx_rtc.o(i.RTC_GetAlarm), (108 bytes).
    Removing stm32f4xx_rtc.o(i.RTC_GetAlarmSubSecond), (28 bytes).
    Removing stm32f4xx_rtc.o(i.RTC_GetDate), (76 bytes).
    Removing stm32f4xx_rtc.o(i.RTC_GetFlagStatus), (28 bytes).
    Removing stm32f4xx_rtc.o(i.RTC_GetITStatus), (56 bytes).
    Removing stm32f4xx_rtc.o(i.RTC_GetStoreOperation), (16 bytes).
    Removing stm32f4xx_rtc.o(i.RTC_GetSubSecond), (16 bytes).
    Removing stm32f4xx_rtc.o(i.RTC_GetTime), (80 bytes).
    Removing stm32f4xx_rtc.o(i.RTC_GetTimeStamp), (136 bytes).
    Removing stm32f4xx_rtc.o(i.RTC_GetTimeStampSubSecond), (12 bytes).
    Removing stm32f4xx_rtc.o(i.RTC_GetWakeUpCounter), (12 bytes).
    Removing stm32f4xx_rtc.o(i.RTC_ITConfig), (64 bytes).
    Removing stm32f4xx_rtc.o(i.RTC_Init), (80 bytes).
    Removing stm32f4xx_rtc.o(i.RTC_OutputConfig), (44 bytes).
    Removing stm32f4xx_rtc.o(i.RTC_OutputTypeConfig), (24 bytes).
    Removing stm32f4xx_rtc.o(i.RTC_ReadBackupRegister), (20 bytes).
    Removing stm32f4xx_rtc.o(i.RTC_RefClockCmd), (60 bytes).
    Removing stm32f4xx_rtc.o(i.RTC_SetAlarm), (164 bytes).
    Removing stm32f4xx_rtc.o(i.RTC_SetDate), (152 bytes).
    Removing stm32f4xx_rtc.o(i.RTC_SetTime), (160 bytes).
    Removing stm32f4xx_rtc.o(i.RTC_SetWakeUpCounter), (28 bytes).
    Removing stm32f4xx_rtc.o(i.RTC_SmoothCalibConfig), (76 bytes).
    Removing stm32f4xx_rtc.o(i.RTC_StructInit), (14 bytes).
    Removing stm32f4xx_rtc.o(i.RTC_SynchroShiftConfig), (88 bytes).
    Removing stm32f4xx_rtc.o(i.RTC_TamperCmd), (24 bytes).
    Removing stm32f4xx_rtc.o(i.RTC_TamperFilterConfig), (24 bytes).
    Removing stm32f4xx_rtc.o(i.RTC_TamperPinSelection), (24 bytes).
    Removing stm32f4xx_rtc.o(i.RTC_TamperPinsPrechargeDuration), (24 bytes).
    Removing stm32f4xx_rtc.o(i.RTC_TamperPullUpCmd), (28 bytes).
    Removing stm32f4xx_rtc.o(i.RTC_TamperSamplingFreqConfig), (24 bytes).
    Removing stm32f4xx_rtc.o(i.RTC_TamperTriggerConfig), (28 bytes).
    Removing stm32f4xx_rtc.o(i.RTC_TimeStampCmd), (48 bytes).
    Removing stm32f4xx_rtc.o(i.RTC_TimeStampOnTamperDetectionCmd), (28 bytes).
    Removing stm32f4xx_rtc.o(i.RTC_TimeStampPinSelection), (24 bytes).
    Removing stm32f4xx_rtc.o(i.RTC_TimeStructInit), (12 bytes).
    Removing stm32f4xx_rtc.o(i.RTC_WaitForSynchro), (76 bytes).
    Removing stm32f4xx_rtc.o(i.RTC_WakeUpClockConfig), (40 bytes).
    Removing stm32f4xx_rtc.o(i.RTC_WakeUpCmd), (88 bytes).
    Removing stm32f4xx_rtc.o(i.RTC_WriteBackupRegister), (20 bytes).
    Removing stm32f4xx_rtc.o(i.RTC_WriteProtectionCmd), (24 bytes).
    Removing stm32f4xx_sai.o(.rev16_text), (4 bytes).
    Removing stm32f4xx_sai.o(.revsh_text), (4 bytes).
    Removing stm32f4xx_sai.o(i.SAI_ClearFlag), (8 bytes).
    Removing stm32f4xx_sai.o(i.SAI_ClearITPendingBit), (8 bytes).
    Removing stm32f4xx_sai.o(i.SAI_Cmd), (20 bytes).
    Removing stm32f4xx_sai.o(i.SAI_CompandingModeConfig), (16 bytes).
    Removing stm32f4xx_sai.o(i.SAI_DMACmd), (20 bytes).
    Removing stm32f4xx_sai.o(i.SAI_DeInit), (24 bytes).
    Removing stm32f4xx_sai.o(i.SAI_FlushFIFO), (10 bytes).
    Removing stm32f4xx_sai.o(i.SAI_FrameInit), (48 bytes).
    Removing stm32f4xx_sai.o(i.SAI_FrameStructInit), (18 bytes).
    Removing stm32f4xx_sai.o(i.SAI_GetCmdStatus), (14 bytes).
    Removing stm32f4xx_sai.o(i.SAI_GetFIFOStatus), (8 bytes).
    Removing stm32f4xx_sai.o(i.SAI_GetFlagStatus), (14 bytes).
    Removing stm32f4xx_sai.o(i.SAI_GetITStatus), (22 bytes).
    Removing stm32f4xx_sai.o(i.SAI_ITConfig), (16 bytes).
    Removing stm32f4xx_sai.o(i.SAI_Init), (68 bytes).
    Removing stm32f4xx_sai.o(i.SAI_MonoModeConfig), (18 bytes).
    Removing stm32f4xx_sai.o(i.SAI_MuteFrameCounterConfig), (18 bytes).
    Removing stm32f4xx_sai.o(i.SAI_MuteModeCmd), (20 bytes).
    Removing stm32f4xx_sai.o(i.SAI_MuteValueConfig), (16 bytes).
    Removing stm32f4xx_sai.o(i.SAI_ReceiveData), (4 bytes).
    Removing stm32f4xx_sai.o(i.SAI_SendData), (4 bytes).
    Removing stm32f4xx_sai.o(i.SAI_SlotInit), (38 bytes).
    Removing stm32f4xx_sai.o(i.SAI_SlotStructInit), (14 bytes).
    Removing stm32f4xx_sai.o(i.SAI_StructInit), (26 bytes).
    Removing stm32f4xx_sai.o(i.SAI_TRIStateConfig), (18 bytes).
    Removing stm32f4xx_sdio.o(.rev16_text), (4 bytes).
    Removing stm32f4xx_sdio.o(.revsh_text), (4 bytes).
    Removing stm32f4xx_sdio.o(i.SDIO_CEATAITCmd), (16 bytes).
    Removing stm32f4xx_sdio.o(i.SDIO_ClearFlag), (12 bytes).
    Removing stm32f4xx_sdio.o(i.SDIO_ClearITPendingBit), (12 bytes).
    Removing stm32f4xx_sdio.o(i.SDIO_ClockCmd), (12 bytes).
    Removing stm32f4xx_sdio.o(i.SDIO_CmdStructInit), (14 bytes).
    Removing stm32f4xx_sdio.o(i.SDIO_CommandCompletionCmd), (12 bytes).
    Removing stm32f4xx_sdio.o(i.SDIO_DMACmd), (12 bytes).
    Removing stm32f4xx_sdio.o(i.SDIO_DataConfig), (48 bytes).
    Removing stm32f4xx_sdio.o(i.SDIO_DataStructInit), (20 bytes).
    Removing stm32f4xx_sdio.o(i.SDIO_DeInit), (24 bytes).
    Removing stm32f4xx_sdio.o(i.SDIO_GetCommandResponse), (12 bytes).
    Removing stm32f4xx_sdio.o(i.SDIO_GetDataCounter), (12 bytes).
    Removing stm32f4xx_sdio.o(i.SDIO_GetFIFOCount), (12 bytes).
    Removing stm32f4xx_sdio.o(i.SDIO_GetFlagStatus), (20 bytes).
    Removing stm32f4xx_sdio.o(i.SDIO_GetITStatus), (20 bytes).
    Removing stm32f4xx_sdio.o(i.SDIO_GetPowerState), (16 bytes).
    Removing stm32f4xx_sdio.o(i.SDIO_GetResponse), (16 bytes).
    Removing stm32f4xx_sdio.o(i.SDIO_ITConfig), (24 bytes).
    Removing stm32f4xx_sdio.o(i.SDIO_Init), (44 bytes).
    Removing stm32f4xx_sdio.o(i.SDIO_ReadData), (12 bytes).
    Removing stm32f4xx_sdio.o(i.SDIO_SendCEATACmd), (12 bytes).
    Removing stm32f4xx_sdio.o(i.SDIO_SendCommand), (40 bytes).
    Removing stm32f4xx_sdio.o(i.SDIO_SendSDIOSuspendCmd), (12 bytes).
    Removing stm32f4xx_sdio.o(i.SDIO_SetPowerState), (12 bytes).
    Removing stm32f4xx_sdio.o(i.SDIO_SetSDIOOperation), (12 bytes).
    Removing stm32f4xx_sdio.o(i.SDIO_SetSDIOReadWaitMode), (12 bytes).
    Removing stm32f4xx_sdio.o(i.SDIO_StartSDIOReadWait), (12 bytes).
    Removing stm32f4xx_sdio.o(i.SDIO_StopSDIOReadWait), (12 bytes).
    Removing stm32f4xx_sdio.o(i.SDIO_StructInit), (16 bytes).
    Removing stm32f4xx_sdio.o(i.SDIO_WriteData), (12 bytes).
    Removing stm32f4xx_spi.o(.rev16_text), (4 bytes).
    Removing stm32f4xx_spi.o(.revsh_text), (4 bytes).
    Removing stm32f4xx_spi.o(i.I2S_Cmd), (20 bytes).
    Removing stm32f4xx_spi.o(i.I2S_FullDuplexConfig), (58 bytes).
    Removing stm32f4xx_spi.o(i.I2S_Init), (212 bytes).
    Removing stm32f4xx_spi.o(i.I2S_StructInit), (18 bytes).
    Removing stm32f4xx_spi.o(i.SPI_BiDirectionalLineConfig), (22 bytes).
    Removing stm32f4xx_spi.o(i.SPI_CalculateCRC), (20 bytes).
    Removing stm32f4xx_spi.o(i.SPI_Cmd), (20 bytes).
    Removing stm32f4xx_spi.o(i.SPI_DataSizeConfig), (16 bytes).
    Removing stm32f4xx_spi.o(i.SPI_GetCRC), (12 bytes).
    Removing stm32f4xx_spi.o(i.SPI_GetCRCPolynomial), (4 bytes).
    Removing stm32f4xx_spi.o(i.SPI_I2S_ClearFlag), (6 bytes).
    Removing stm32f4xx_spi.o(i.SPI_I2S_ClearITPendingBit), (14 bytes).
    Removing stm32f4xx_spi.o(i.SPI_I2S_DMACmd), (16 bytes).
    Removing stm32f4xx_spi.o(i.SPI_I2S_DeInit), (132 bytes).
    Removing stm32f4xx_spi.o(i.SPI_I2S_GetFlagStatus), (14 bytes).
    Removing stm32f4xx_spi.o(i.SPI_I2S_GetITStatus), (44 bytes).
    Removing stm32f4xx_spi.o(i.SPI_I2S_ITConfig), (24 bytes).
    Removing stm32f4xx_spi.o(i.SPI_I2S_ReceiveData), (4 bytes).
    Removing stm32f4xx_spi.o(i.SPI_I2S_SendData), (4 bytes).
    Removing stm32f4xx_spi.o(i.SPI_Init), (56 bytes).
    Removing stm32f4xx_spi.o(i.SPI_NSSInternalSoftwareConfig), (24 bytes).
    Removing stm32f4xx_spi.o(i.SPI_SSOutputCmd), (20 bytes).
    Removing stm32f4xx_spi.o(i.SPI_StructInit), (24 bytes).
    Removing stm32f4xx_spi.o(i.SPI_TIModeCmd), (20 bytes).
    Removing stm32f4xx_spi.o(i.SPI_TransmitCRC), (10 bytes).
    Removing stm32f4xx_syscfg.o(.rev16_text), (4 bytes).
    Removing stm32f4xx_syscfg.o(.revsh_text), (4 bytes).
    Removing stm32f4xx_syscfg.o(i.SYSCFG_CompensationCellCmd), (12 bytes).
    Removing stm32f4xx_syscfg.o(i.SYSCFG_DeInit), (24 bytes).
    Removing stm32f4xx_syscfg.o(i.SYSCFG_ETH_MediaInterfaceConfig), (12 bytes).
    Removing stm32f4xx_syscfg.o(i.SYSCFG_EXTILineConfig), (48 bytes).
    Removing stm32f4xx_syscfg.o(i.SYSCFG_GetCompensationCellStatus), (20 bytes).
    Removing stm32f4xx_syscfg.o(i.SYSCFG_MemoryRemapConfig), (12 bytes).
    Removing stm32f4xx_syscfg.o(i.SYSCFG_MemorySwappingBank), (12 bytes).
    Removing stm32f4xx_tim.o(.rev16_text), (4 bytes).
    Removing stm32f4xx_tim.o(.revsh_text), (4 bytes).
    Removing stm32f4xx_tim.o(i.TI1_Config), (46 bytes).
    Removing stm32f4xx_tim.o(i.TI2_Config), (54 bytes).
    Removing stm32f4xx_tim.o(i.TIM_BDTRConfig), (34 bytes).
    Removing stm32f4xx_tim.o(i.TIM_BDTRStructInit), (18 bytes).
    Removing stm32f4xx_tim.o(i.TIM_CCPreloadControl), (20 bytes).
    Removing stm32f4xx_tim.o(i.TIM_CCxCmd), (22 bytes).
    Removing stm32f4xx_tim.o(i.TIM_CCxNCmd), (22 bytes).
    Removing stm32f4xx_tim.o(i.TIM_ClearFlag), (6 bytes).
    Removing stm32f4xx_tim.o(i.TIM_ClearOC1Ref), (12 bytes).
    Removing stm32f4xx_tim.o(i.TIM_ClearOC2Ref), (20 bytes).
    Removing stm32f4xx_tim.o(i.TIM_ClearOC3Ref), (12 bytes).
    Removing stm32f4xx_tim.o(i.TIM_ClearOC4Ref), (20 bytes).
    Removing stm32f4xx_tim.o(i.TIM_CounterModeConfig), (12 bytes).
    Removing stm32f4xx_tim.o(i.TIM_DMACmd), (16 bytes).
    Removing stm32f4xx_tim.o(i.TIM_DMAConfig), (8 bytes).
    Removing stm32f4xx_tim.o(i.TIM_DeInit), (336 bytes).
    Removing stm32f4xx_tim.o(i.TIM_ETRClockMode1Config), (18 bytes).
    Removing stm32f4xx_tim.o(i.TIM_ETRClockMode2Config), (18 bytes).
    Removing stm32f4xx_tim.o(i.TIM_ETRConfig), (24 bytes).
    Removing stm32f4xx_tim.o(i.TIM_EncoderInterfaceConfig), (50 bytes).
    Removing stm32f4xx_tim.o(i.TIM_ForcedOC1Config), (12 bytes).
    Removing stm32f4xx_tim.o(i.TIM_ForcedOC2Config), (20 bytes).
    Removing stm32f4xx_tim.o(i.TIM_ForcedOC3Config), (12 bytes).
    Removing stm32f4xx_tim.o(i.TIM_ForcedOC4Config), (20 bytes).
    Removing stm32f4xx_tim.o(i.TIM_GenerateEvent), (4 bytes).
    Removing stm32f4xx_tim.o(i.TIM_GetCapture1), (4 bytes).
    Removing stm32f4xx_tim.o(i.TIM_GetCapture3), (4 bytes).
    Removing stm32f4xx_tim.o(i.TIM_GetCapture4), (4 bytes).
    Removing stm32f4xx_tim.o(i.TIM_GetCounter), (4 bytes).
    Removing stm32f4xx_tim.o(i.TIM_GetFlagStatus), (14 bytes).
    Removing stm32f4xx_tim.o(i.TIM_GetPrescaler), (4 bytes).
    Removing stm32f4xx_tim.o(i.TIM_ICInit), (172 bytes).
    Removing stm32f4xx_tim.o(i.TIM_ICStructInit), (16 bytes).
    Removing stm32f4xx_tim.o(i.TIM_ITRxExternalClockConfig), (18 bytes).
    Removing stm32f4xx_tim.o(i.TIM_InternalClockConfig), (10 bytes).
    Removing stm32f4xx_tim.o(i.TIM_OC1FastConfig), (12 bytes).
    Removing stm32f4xx_tim.o(i.TIM_OC1NPolarityConfig), (12 bytes).
    Removing stm32f4xx_tim.o(i.TIM_OC1PolarityConfig), (12 bytes).
    Removing stm32f4xx_tim.o(i.TIM_OC2FastConfig), (20 bytes).
    Removing stm32f4xx_tim.o(i.TIM_OC2NPolarityConfig), (20 bytes).
    Removing stm32f4xx_tim.o(i.TIM_OC2PolarityConfig), (20 bytes).
    Removing stm32f4xx_tim.o(i.TIM_OC3FastConfig), (12 bytes).
    Removing stm32f4xx_tim.o(i.TIM_OC3Init), (124 bytes).
    Removing stm32f4xx_tim.o(i.TIM_OC3NPolarityConfig), (20 bytes).
    Removing stm32f4xx_tim.o(i.TIM_OC3PolarityConfig), (20 bytes).
    Removing stm32f4xx_tim.o(i.TIM_OC3PreloadConfig), (12 bytes).
    Removing stm32f4xx_tim.o(i.TIM_OC4FastConfig), (20 bytes).
    Removing stm32f4xx_tim.o(i.TIM_OC4Init), (96 bytes).
    Removing stm32f4xx_tim.o(i.TIM_OC4PolarityConfig), (20 bytes).
    Removing stm32f4xx_tim.o(i.TIM_OC4PreloadConfig), (20 bytes).
    Removing stm32f4xx_tim.o(i.TIM_OCStructInit), (20 bytes).
    Removing stm32f4xx_tim.o(i.TIM_PWMIConfig), (108 bytes).
    Removing stm32f4xx_tim.o(i.TIM_PrescalerConfig), (6 bytes).
    Removing stm32f4xx_tim.o(i.TIM_RemapConfig), (6 bytes).
    Removing stm32f4xx_tim.o(i.TIM_SelectCCDMA), (20 bytes).
    Removing stm32f4xx_tim.o(i.TIM_SelectCOM), (20 bytes).
    Removing stm32f4xx_tim.o(i.TIM_SelectHallSensor), (20 bytes).
    Removing stm32f4xx_tim.o(i.TIM_SelectInputTrigger), (12 bytes).
    Removing stm32f4xx_tim.o(i.TIM_SelectMasterSlaveMode), (16 bytes).
    Removing stm32f4xx_tim.o(i.TIM_SelectOCxM), (74 bytes).
    Removing stm32f4xx_tim.o(i.TIM_SelectOnePulseMode), (16 bytes).
    Removing stm32f4xx_tim.o(i.TIM_SelectOutputTrigger), (16 bytes).
    Removing stm32f4xx_tim.o(i.TIM_SelectSlaveMode), (16 bytes).
    Removing stm32f4xx_tim.o(i.TIM_SetAutoreload), (4 bytes).
    Removing stm32f4xx_tim.o(i.TIM_SetClockDivision), (16 bytes).
    Removing stm32f4xx_tim.o(i.TIM_SetCompare3), (4 bytes).
    Removing stm32f4xx_tim.o(i.TIM_SetCompare4), (4 bytes).
    Removing stm32f4xx_tim.o(i.TIM_SetCounter), (4 bytes).
    Removing stm32f4xx_tim.o(i.TIM_SetIC1Prescaler), (16 bytes).
    Removing stm32f4xx_tim.o(i.TIM_SetIC2Prescaler), (24 bytes).
    Removing stm32f4xx_tim.o(i.TIM_SetIC3Prescaler), (16 bytes).
    Removing stm32f4xx_tim.o(i.TIM_SetIC4Prescaler), (24 bytes).
    Removing stm32f4xx_tim.o(i.TIM_TIxExternalClockConfig), (46 bytes).
    Removing stm32f4xx_tim.o(i.TIM_TimeBaseStructInit), (18 bytes).
    Removing stm32f4xx_tim.o(i.TIM_UpdateDisableConfig), (20 bytes).
    Removing stm32f4xx_tim.o(i.TIM_UpdateRequestConfig), (20 bytes).
    Removing stm32f4xx_usart.o(.rev16_text), (4 bytes).
    Removing stm32f4xx_usart.o(.revsh_text), (4 bytes).
    Removing stm32f4xx_usart.o(i.USART_ClearITPendingBit), (12 bytes).
    Removing stm32f4xx_usart.o(i.USART_ClockInit), (28 bytes).
    Removing stm32f4xx_usart.o(i.USART_ClockStructInit), (12 bytes).
    Removing stm32f4xx_usart.o(i.USART_DMACmd), (16 bytes).
    Removing stm32f4xx_usart.o(i.USART_DeInit), (172 bytes).
    Removing stm32f4xx_usart.o(i.USART_HalfDuplexCmd), (20 bytes).
    Removing stm32f4xx_usart.o(i.USART_IrDACmd), (20 bytes).
    Removing stm32f4xx_usart.o(i.USART_IrDAConfig), (16 bytes).
    Removing stm32f4xx_usart.o(i.USART_LINBreakDetectLengthConfig), (16 bytes).
    Removing stm32f4xx_usart.o(i.USART_LINCmd), (20 bytes).
    Removing stm32f4xx_usart.o(i.USART_OneBitMethodCmd), (20 bytes).
    Removing stm32f4xx_usart.o(i.USART_OverSampling8Cmd), (20 bytes).
    Removing stm32f4xx_usart.o(i.USART_ReceiverWakeUpCmd), (20 bytes).
    Removing stm32f4xx_usart.o(i.USART_SendBreak), (10 bytes).
    Removing stm32f4xx_usart.o(i.USART_SetAddress), (16 bytes).
    Removing stm32f4xx_usart.o(i.USART_SetGuardTime), (16 bytes).
    Removing stm32f4xx_usart.o(i.USART_SetPrescaler), (16 bytes).
    Removing stm32f4xx_usart.o(i.USART_SmartCardCmd), (20 bytes).
    Removing stm32f4xx_usart.o(i.USART_SmartCardNACKCmd), (20 bytes).
    Removing stm32f4xx_usart.o(i.USART_StructInit), (22 bytes).
    Removing stm32f4xx_usart.o(i.USART_WakeUpConfig), (16 bytes).
    Removing stm32f4xx_wwdg.o(.rev16_text), (4 bytes).
    Removing stm32f4xx_wwdg.o(.revsh_text), (4 bytes).
    Removing stm32f4xx_wwdg.o(i.WWDG_ClearFlag), (12 bytes).
    Removing stm32f4xx_wwdg.o(i.WWDG_DeInit), (24 bytes).
    Removing stm32f4xx_wwdg.o(i.WWDG_Enable), (16 bytes).
    Removing stm32f4xx_wwdg.o(i.WWDG_EnableIT), (16 bytes).
    Removing stm32f4xx_wwdg.o(i.WWDG_GetFlagStatus), (20 bytes).
    Removing stm32f4xx_wwdg.o(i.WWDG_SetCounter), (16 bytes).
    Removing stm32f4xx_wwdg.o(i.WWDG_SetPrescaler), (20 bytes).
    Removing stm32f4xx_wwdg.o(i.WWDG_SetWindowValue), (28 bytes).
    Removing cjson.o(i.cJSON_AddItemReferenceToArray), (22 bytes).
    Removing cjson.o(i.cJSON_AddItemReferenceToObject), (26 bytes).
    Removing cjson.o(i.cJSON_AddItemToArray), (28 bytes).
    Removing cjson.o(i.cJSON_AddItemToObject), (48 bytes).
    Removing cjson.o(i.cJSON_AddItemToObjectCS), (56 bytes).
    Removing cjson.o(i.cJSON_CreateArray), (16 bytes).
    Removing cjson.o(i.cJSON_CreateBool), (24 bytes).
    Removing cjson.o(i.cJSON_CreateDoubleArray), (58 bytes).
    Removing cjson.o(i.cJSON_CreateFalse), (16 bytes).
    Removing cjson.o(i.cJSON_CreateFloatArray), (62 bytes).
    Removing cjson.o(i.cJSON_CreateIntArray), (62 bytes).
    Removing cjson.o(i.cJSON_CreateNull), (16 bytes).
    Removing cjson.o(i.cJSON_CreateNumber), (48 bytes).
    Removing cjson.o(i.cJSON_CreateObject), (16 bytes).
    Removing cjson.o(i.cJSON_CreateString), (28 bytes).
    Removing cjson.o(i.cJSON_CreateStringArray), (54 bytes).
    Removing cjson.o(i.cJSON_CreateTrue), (16 bytes).
    Removing cjson.o(i.cJSON_DeleteItemFromArray), (14 bytes).
    Removing cjson.o(i.cJSON_DeleteItemFromObject), (14 bytes).
    Removing cjson.o(i.cJSON_DetachItemFromArray), (52 bytes).
    Removing cjson.o(i.cJSON_DetachItemFromObject), (50 bytes).
    Removing cjson.o(i.cJSON_Duplicate), (118 bytes).
    Removing cjson.o(i.cJSON_GetArrayItem), (18 bytes).
    Removing cjson.o(i.cJSON_GetArraySize), (16 bytes).
    Removing cjson.o(i.cJSON_GetErrorPtr), (12 bytes).
    Removing cjson.o(i.cJSON_InitHooks), (44 bytes).
    Removing cjson.o(i.cJSON_InsertItemInArray), (44 bytes).
    Removing cjson.o(i.cJSON_Minify), (144 bytes).
    Removing cjson.o(i.cJSON_Print), (10 bytes).
    Removing cjson.o(i.cJSON_PrintBuffered), (44 bytes).
    Removing cjson.o(i.cJSON_PrintUnformatted), (10 bytes).
    Removing cjson.o(i.cJSON_ReplaceItemInArray), (62 bytes).
    Removing cjson.o(i.cJSON_ReplaceItemInObject), (62 bytes).
    Removing cjson.o(i.cJSON_strdup), (40 bytes).
    Removing cjson.o(i.create_reference), (44 bytes).
    Removing cjson.o(i.ensure), (112 bytes).
    Removing cjson.o(i.print_array), (492 bytes).
    Removing cjson.o(i.print_number), (456 bytes).
    Removing cjson.o(i.print_object), (884 bytes).
    Removing cjson.o(i.print_string), (6 bytes).
    Removing cjson.o(i.print_string_ptr), (368 bytes).
    Removing cjson.o(i.print_value), (188 bytes).
    Removing cjson.o(i.update), (28 bytes).
    Removing delay.o(.rev16_text), (4 bytes).
    Removing delay.o(.revsh_text), (4 bytes).
    Removing esp8266.o(.rev16_text), (4 bytes).
    Removing esp8266.o(.revsh_text), (4 bytes).
    Removing led.o(.rev16_text), (4 bytes).
    Removing led.o(.revsh_text), (4 bytes).
    Removing mqttkit.o(i.MQTT_PacketCmdResp), (124 bytes).
    Removing mqttkit.o(i.MQTT_PacketDisConnect), (44 bytes).
    Removing mqttkit.o(i.MQTT_PacketPing), (44 bytes).
    Removing mqttkit.o(i.MQTT_PacketPublishAck), (70 bytes).
    Removing mqttkit.o(i.MQTT_PacketPublishComp), (70 bytes).
    Removing mqttkit.o(i.MQTT_PacketPublishRec), (70 bytes).
    Removing mqttkit.o(i.MQTT_PacketPublishRel), (70 bytes).
    Removing mqttkit.o(i.MQTT_PacketSaveBinData), (176 bytes).
    Removing mqttkit.o(i.MQTT_PacketUnSubscribe), (210 bytes).
    Removing mqttkit.o(i.MQTT_UnPacketCmd), (130 bytes).
    Removing mqttkit.o(i.MQTT_UnPacketPublishComp), (24 bytes).
    Removing mqttkit.o(i.MQTT_UnPacketPublishRec), (24 bytes).
    Removing mqttkit.o(i.MQTT_UnPacketPublishRel), (30 bytes).
    Removing mqttkit.o(i.MQTT_UnPacketUnSubscribe), (20 bytes).
    Removing onenet.o(.rev16_text), (4 bytes).
    Removing onenet.o(.revsh_text), (4 bytes).
    Removing onenet.o(i.OneNET_Publish), (116 bytes).
    Removing onenet.o(.data), (1 bytes).
    Removing onenet.o(.data), (1 bytes).
    Removing onenet.o(.data), (1 bytes).
    Removing pwm.o(.rev16_text), (4 bytes).
    Removing pwm.o(.revsh_text), (4 bytes).
    Removing pwm.o(i.Auto_Fan), (48 bytes).
    Removing pwm.o(i.Auto_Led), (84 bytes).
    Removing pwm.o(i.Get_Fan_Mode), (12 bytes).
    Removing pwm.o(i.Get_Led_Mode), (12 bytes).
    Removing pwm.o(i.PWM_GetCompare1), (16 bytes).
    Removing pwm.o(i.PWM_GetCompareFan), (16 bytes).
    Removing pwm.o(i.PWM_SetCompare2), (12 bytes).
    Removing pwm.o(i.PWM_Set_Fan_compare), (12 bytes).
    Removing usart.o(.rev16_text), (4 bytes).
    Removing usart.o(.revsh_text), (4 bytes).
    Removing usart.o(.bss), (200 bytes).
    Removing usart.o(.data), (2 bytes).
    Removing dht11.o(.rev16_text), (4 bytes).
    Removing dht11.o(.revsh_text), (4 bytes).
    Removing dht11.o(i.DHT11_Check), (80 bytes).
    Removing dht11.o(i.DHT11_Init), (60 bytes).
    Removing dht11.o(i.DHT11_Read_Bit), (76 bytes).
    Removing dht11.o(i.DHT11_Read_Byte), (26 bytes).
    Removing dht11.o(i.DHT11_Rst), (44 bytes).
    Removing dht11.o(i.Read_DHT11), (100 bytes).
    Removing dht11.o(i.dht11_IN), (44 bytes).
    Removing dht11.o(i.dht11_OUT), (44 bytes).
    Removing adc.o(.rev16_text), (4 bytes).
    Removing adc.o(.revsh_text), (4 bytes).
    Removing bmp280.o(.rev16_text), (4 bytes).
    Removing bmp280.o(.revsh_text), (4 bytes).
    Removing bmp280.o(i.bme280GetData), (260 bytes).
    Removing bmp280.o(i.calibration_H), (116 bytes).
    Removing bmp280.o(i.calibration_P), (160 bytes).
    Removing bmp280.o(i.calibration_T), (56 bytes).
    Removing bmp280.o(i.iicDevReadByte), (62 bytes).
    Removing bmp280.o(i.iicDevReadCal), (312 bytes).
    Removing bmp280.o(i.iicDevReadCal1), (174 bytes).
    Removing bmp280.o(i.iicDevWrite), (64 bytes).
    Removing bmp280.o(i.readData), (80 bytes).
    Removing light.o(.rev16_text), (4 bytes).
    Removing light.o(.revsh_text), (4 bytes).
    Removing light.o(i.LIGHT_ADC_Read), (32 bytes).
    Removing light.o(i.LIGHT_GetData), (68 bytes).
    Removing light.o(i.LIGHT_GetIntensity_lx), (124 bytes).
    Removing mq2.o(.rev16_text), (4 bytes).
    Removing mq2.o(.revsh_text), (4 bytes).
    Removing mq2.o(i.MQ2_ADC_Read), (12 bytes).
    Removing mq2.o(i.MQ2_GetData), (36 bytes).
    Removing mq2.o(i.MQ2_GetData_PPM), (272 bytes).
    Removing mq135.o(.rev16_text), (4 bytes).
    Removing mq135.o(.revsh_text), (4 bytes).
    Removing mq135.o(i.MQ135_ADC_Read), (12 bytes).
    Removing mq135.o(i.MQ135_GetData), (36 bytes).
    Removing mq135.o(i.MQ135_GetData_PPM), (212 bytes).
    Removing rain.o(.rev16_text), (4 bytes).
    Removing rain.o(.revsh_text), (4 bytes).
    Removing rain.o(i.RAIN_ADC_Read), (36 bytes).
    Removing rain.o(i.RAIN_GetData), (42 bytes).
    Removing mfrc522.o(.rev16_text), (4 bytes).
    Removing mfrc522.o(.revsh_text), (4 bytes).
    Removing mfrc522.o(i.AntennaOff), (8 bytes).
    Removing mfrc522.o(i.AntennaOn), (26 bytes).
    Removing mfrc522.o(i.CalulateCRC), (112 bytes).
    Removing mfrc522.o(i.ClearBitMask), (24 bytes).
    Removing mfrc522.o(i.Delay1_us), (4 bytes).
    Removing mfrc522.o(i.Link_Data), (2 bytes).
    Removing mfrc522.o(i.MFRC522_Anticoll), (92 bytes).
    Removing mfrc522.o(i.MFRC522_Auth), (82 bytes).
    Removing mfrc522.o(i.MFRC522_Halt), (44 bytes).
    Removing mfrc522.o(i.MFRC522_Initializtion), (74 bytes).
    Removing mfrc522.o(i.MFRC522_Read), (50 bytes).
    Removing mfrc522.o(i.MFRC522_Request), (46 bytes).
    Removing mfrc522.o(i.MFRC522_Reset), (68 bytes).
    Removing mfrc522.o(i.MFRC522_SelectTag), (106 bytes).
    Removing mfrc522.o(i.MFRC522_ToCard), (282 bytes).
    Removing mfrc522.o(i.MFRC522_Write), (132 bytes).
    Removing mfrc522.o(i.Read_MFRC522), (52 bytes).
    Removing mfrc522.o(i.SPI3_Receive), (120 bytes).
    Removing mfrc522.o(i.SPI3_Send), (92 bytes).
    Removing mfrc522.o(i.SetBitMask), (24 bytes).
    Removing mfrc522.o(i.Write_MFRC522), (48 bytes).
    Removing mfrc522.o(i.read_64byte), (76 bytes).
    Removing mfrc522.o(i.write_64byte), (188 bytes).
    Removing mfrc522.o(.bss), (18 bytes).
    Removing mfrc522.o(.bss), (60 bytes).
    Removing mfrc522.o(.bss), (128 bytes).
    Removing mfrc522.o(.data), (5 bytes).
    Removing mfrc522.o(.data), (11 bytes).
    Removing mfrc522.o(.data), (1 bytes).
    Removing mfrc522.o(.data), (2 bytes).
    Removing mfrc522.o(.data), (1 bytes).
    Removing mfrc522.o(.data), (1 bytes).
    Removing mfrc522.o(.data), (2 bytes).
    Removing step.o(.rev16_text), (4 bytes).
    Removing step.o(.revsh_text), (4 bytes).
    Removing step.o(i.Step_Motor_Init), (100 bytes).
    Removing step.o(.data), (2 bytes).
    Removing beep.o(.rev16_text), (4 bytes).
    Removing beep.o(.revsh_text), (4 bytes).
    Removing key.o(.rev16_text), (4 bytes).
    Removing key.o(.revsh_text), (4 bytes).
    Removing key.o(.data), (6 bytes).
    Removing key.o(.data), (6 bytes).
    Removing key.o(.data), (1 bytes).
    Removing key.o(.data), (1 bytes).
    Removing oled.o(.rev16_text), (4 bytes).
    Removing oled.o(.revsh_text), (4 bytes).
    Removing oled.o(i.Delay_1ms), (18 bytes).
    Removing oled.o(i.Delay_50ms), (20 bytes).
    Removing oled.o(i.OLED_Display_Off), (30 bytes).
    Removing oled.o(i.OLED_Display_On), (30 bytes).
    Removing oled.o(i.OLED_DrawBMP), (64 bytes).
    Removing oled.o(i.OLED_On), (58 bytes).
    Removing oled.o(i.OLED_ShowCHinese), (80 bytes).
    Removing oled.o(i.OLED_ShowNum), (140 bytes).
    Removing oled.o(i.fill_picture), (60 bytes).
    Removing oled.o(i.oled_pow), (16 bytes).
    Removing oled.o(.constdata), (160 bytes).
    Removing oled.o(.data), (896 bytes).
    Removing tasks.o(.rev16_text), (4 bytes).
    Removing tasks.o(.revsh_text), (4 bytes).
    Removing tasks.o(i.Get_Value), (220 bytes).
    Removing tasks.o(.data), (4 bytes).
    Removing tasks.o(.data), (1 bytes).
    Removing tasks.o(.data), (1 bytes).
    Removing tasks.o(.data), (1 bytes).
    Removing timer.o(.rev16_text), (4 bytes).
    Removing timer.o(.revsh_text), (4 bytes).
    Removing password.o(.rev16_text), (4 bytes).
    Removing password.o(.revsh_text), (4 bytes).
    Removing password.o(i.password_init), (4 bytes).
    Removing w25q128.o(.rev16_text), (4 bytes).
    Removing w25q128.o(.revsh_text), (4 bytes).
    Removing w25q128.o(i.W25Qxx_Init), (96 bytes).
    Removing w25q128.o(i.W25Qxx_Read_ID), (64 bytes).
    Removing su_03t.o(.rev16_text), (4 bytes).
    Removing su_03t.o(.revsh_text), (4 bytes).
    Removing dfltui.o(.text), (26 bytes).
    Removing f2d.o(.text), (38 bytes).
    Removing cdcmple.o(.text), (48 bytes).
    Removing d2f.o(.text), (56 bytes).
    Removing fepilogue.o(.text), (110 bytes).
    Removing dneg.o(.text), (6 bytes).

960 unused section(s) (total 39390 bytes) removed from the image.

==============================================================================

Memory Map of the image

  Image Entry point : 0x08000189

  Load Region LR_IROM1 (Base: 0x08000000, Size: 0x00008a08, Max: 0x00080000, ABSOLUTE)

    Execution Region ER_IROM1 (Exec base: 0x08000000, Load base: 0x08000000, Size: 0x0000890c, Max: 0x00080000, ABSOLUTE)

    Exec Addr    Load Addr    Size         Type   Attr      Idx    E Section Name        Object

    0x08000000   0x08000000   0x00000188   Data   RO          390    RESET               startup_stm32f40_41xxx.o
    0x08000188   0x08000188   0x00000000   Code   RO         7160  * .ARM.Collect$$$$00000000  mc_w.l(entry.o)
    0x08000188   0x08000188   0x00000004   Code   RO         7525    .ARM.Collect$$$$00000001  mc_w.l(entry2.o)
    0x0800018c   0x0800018c   0x00000004   Code   RO         7528    .ARM.Collect$$$$00000004  mc_w.l(entry5.o)
    0x08000190   0x08000190   0x00000000   Code   RO         7530    .ARM.Collect$$$$00000008  mc_w.l(entry7b.o)
    0x08000190   0x08000190   0x00000000   Code   RO         7532    .ARM.Collect$$$$0000000A  mc_w.l(entry8b.o)
    0x08000190   0x08000190   0x00000008   Code   RO         7533    .ARM.Collect$$$$0000000B  mc_w.l(entry9a.o)
    0x08000198   0x08000198   0x00000004   Code   RO         7540    .ARM.Collect$$$$0000000E  mc_w.l(entry12b.o)
    0x0800019c   0x0800019c   0x00000000   Code   RO         7535    .ARM.Collect$$$$0000000F  mc_w.l(entry10a.o)
    0x0800019c   0x0800019c   0x00000000   Code   RO         7537    .ARM.Collect$$$$00000011  mc_w.l(entry11a.o)
    0x0800019c   0x0800019c   0x00000004   Code   RO         7526    .ARM.Collect$$$$00002712  mc_w.l(entry2.o)
    0x080001a0   0x080001a0   0x00000024   Code   RO          391    .text               startup_stm32f40_41xxx.o
    0x080001c4   0x080001c4   0x0000000c   Code   RO         7163    .text               mc_w.l(tolower.o)
    0x080001d0   0x080001d0   0x00000024   Code   RO         7165    .text               mc_w.l(memcpya.o)
    0x080001f4   0x080001f4   0x00000024   Code   RO         7167    .text               mc_w.l(memseta.o)
    0x08000218   0x08000218   0x00000018   Code   RO         7169    .text               mc_w.l(strcat.o)
    0x08000230   0x08000230   0x00000024   Code   RO         7171    .text               mc_w.l(strstr.o)
    0x08000254   0x08000254   0x00000014   Code   RO         7173    .text               mc_w.l(strchr.o)
    0x08000268   0x08000268   0x0000000e   Code   RO         7175    .text               mc_w.l(strlen.o)
    0x08000276   0x08000276   0x00000028   Code   RO         7177    .text               mc_w.l(strncat.o)
    0x0800029e   0x0800029e   0x00000012   Code   RO         7179    .text               mc_w.l(strcpy.o)
    0x080002b0   0x080002b0   0x0000001e   Code   RO         7181    .text               mc_w.l(strncmp.o)
    0x080002ce   0x080002ce   0x0000014e   Code   RO         7474    .text               mf_w.l(dadd.o)
    0x0800041c   0x0800041c   0x000000e4   Code   RO         7476    .text               mf_w.l(dmul.o)
    0x08000500   0x08000500   0x000000de   Code   RO         7478    .text               mf_w.l(ddiv.o)
    0x080005de   0x080005de   0x00000022   Code   RO         7480    .text               mf_w.l(dflti.o)
    0x08000600   0x08000600   0x0000003e   Code   RO         7484    .text               mf_w.l(dfixi.o)
    0x0800063e   0x0800063e   0x00000002   PAD
    0x08000640   0x08000640   0x00000030   Code   RO         7490    .text               mf_w.l(cdrcmple.o)
    0x08000670   0x08000670   0x0000002c   Code   RO         7542    .text               mc_w.l(uidiv.o)
    0x0800069c   0x0800069c   0x00000062   Code   RO         7544    .text               mc_w.l(uldiv.o)
    0x080006fe   0x080006fe   0x0000001e   Code   RO         7546    .text               mc_w.l(llshl.o)
    0x0800071c   0x0800071c   0x00000020   Code   RO         7548    .text               mc_w.l(llushr.o)
    0x0800073c   0x0800073c   0x00000024   Code   RO         7550    .text               mc_w.l(llsshr.o)
    0x08000760   0x08000760   0x00000000   Code   RO         7561    .text               mc_w.l(iusefp.o)
    0x08000760   0x08000760   0x000000ba   Code   RO         7564    .text               mf_w.l(depilogue.o)
    0x0800081a   0x0800081a   0x0000002e   Code   RO         7568    .text               mf_w.l(dscalb.o)
    0x08000848   0x08000848   0x00000030   Code   RO         7570    .text               mf_w.l(dfixul.o)
    0x08000878   0x08000878   0x00000024   Code   RO         7572    .text               mc_w.l(init.o)
    0x0800089c   0x0800089c   0x000000a2   Code   RO         7574    .text               mf_w.l(dsqrt.o)
    0x0800093e   0x0800093e   0x00000002   PAD
    0x08000940   0x08000940   0x00000158   Code   RO         6043    i.ADC1_Config       adc.o
    0x08000a98   0x08000a98   0x00000014   Code   RO          447    i.ADC_Cmd           stm32f4xx_adc.o
    0x08000aac   0x08000aac   0x0000002c   Code   RO          448    i.ADC_CommonInit    stm32f4xx_adc.o
    0x08000ad8   0x08000ad8   0x00000014   Code   RO          451    i.ADC_DMACmd        stm32f4xx_adc.o
    0x08000aec   0x08000aec   0x00000014   Code   RO          452    i.ADC_DMARequestAfterLastTransferCmd  stm32f4xx_adc.o
    0x08000b00   0x08000b00   0x0000004c   Code   RO          467    i.ADC_Init          stm32f4xx_adc.o
    0x08000b4c   0x08000b4c   0x00000074   Code   RO          472    i.ADC_RegularChannelConfig  stm32f4xx_adc.o
    0x08000bc0   0x08000bc0   0x0000000a   Code   RO          474    i.ADC_SoftwareStartConv  stm32f4xx_adc.o
    0x08000bca   0x08000bca   0x00000002   PAD
    0x08000bcc   0x08000bcc   0x00000038   Code   RO         6598    i.Beep_Init         beep.o
    0x08000c04   0x08000c04   0x00000024   Code   RO         6599    i.Beep_Set          beep.o
    0x08000c28   0x08000c28   0x00000002   Code   RO            3    i.BusFault_Handler  stm32f4xx_it.o
    0x08000c2a   0x08000c2a   0x00000014   Code   RO         1386    i.DMA_Cmd           stm32f4xx_dma.o
    0x08000c3e   0x08000c3e   0x00000002   PAD
    0x08000c40   0x08000c40   0x00000124   Code   RO         1387    i.DMA_DeInit        stm32f4xx_dma.o
    0x08000d64   0x08000d64   0x00000054   Code   RO         1398    i.DMA_Init          stm32f4xx_dma.o
    0x08000db8   0x08000db8   0x00000002   Code   RO            4    i.DebugMon_Handler  stm32f4xx_it.o
    0x08000dba   0x08000dba   0x00000002   PAD
    0x08000dbc   0x08000dbc   0x0000001c   Code   RO         5482    i.ESP8266_Clear     esp8266.o
    0x08000dd8   0x08000dd8   0x00000060   Code   RO         5483    i.ESP8266_GetIPD    esp8266.o
    0x08000e38   0x08000e38   0x00000178   Code   RO         5484    i.ESP8266_Init      esp8266.o
    0x08000fb0   0x08000fb0   0x00000048   Code   RO         5485    i.ESP8266_SendCmd   esp8266.o
    0x08000ff8   0x08000ff8   0x00000048   Code   RO         5486    i.ESP8266_SendData  esp8266.o
    0x08001040   0x08001040   0x00000020   Code   RO         5487    i.ESP8266_WaitRecive  esp8266.o
    0x08001060   0x08001060   0x00000078   Code   RO         2120    i.GPIO_Init         stm32f4xx_gpio.o
    0x080010d8   0x080010d8   0x00000020   Code   RO         2121    i.GPIO_PinAFConfig  stm32f4xx_gpio.o
    0x080010f8   0x080010f8   0x0000000e   Code   RO         2124    i.GPIO_ReadInputDataBit  stm32f4xx_gpio.o
    0x08001106   0x08001106   0x00000004   Code   RO         2127    i.GPIO_ResetBits    stm32f4xx_gpio.o
    0x0800110a   0x0800110a   0x00000004   Code   RO         2128    i.GPIO_SetBits      stm32f4xx_gpio.o
    0x0800110e   0x0800110e   0x0000000a   Code   RO         2132    i.GPIO_WriteBit     stm32f4xx_gpio.o
    0x08001118   0x08001118   0x00000028   Code   RO         6878    i.Get_Onenet_Cmd    tasks.o
    0x08001140   0x08001140   0x00000002   Code   RO            5    i.HardFault_Handler  stm32f4xx_it.o
    0x08001142   0x08001142   0x00000002   PAD
    0x08001144   0x08001144   0x00000068   Code   RO          218    i.Hardware_Init     main.o
    0x080011ac   0x080011ac   0x0000002c   Code   RO         6069    i.IIC_Ack           bmp280.o
    0x080011d8   0x080011d8   0x00000040   Code   RO         6070    i.IIC_Init          bmp280.o
    0x08001218   0x08001218   0x0000002c   Code   RO         6071    i.IIC_NAck          bmp280.o
    0x08001244   0x08001244   0x00000030   Code   RO         6669    i.IIC_Oled_Start    oled.o
    0x08001274   0x08001274   0x00000030   Code   RO         6670    i.IIC_Oled_Stop     oled.o
    0x080012a4   0x080012a4   0x00000020   Code   RO         6671    i.IIC_Oled_Wait_Ack  oled.o
    0x080012c4   0x080012c4   0x0000005c   Code   RO         6072    i.IIC_Read_Byte     bmp280.o
    0x08001320   0x08001320   0x0000004c   Code   RO         6073    i.IIC_Send_Byte     bmp280.o
    0x0800136c   0x0800136c   0x00000030   Code   RO         6074    i.IIC_Start         bmp280.o
    0x0800139c   0x0800139c   0x00000030   Code   RO         6075    i.IIC_Stop          bmp280.o
    0x080013cc   0x080013cc   0x00000044   Code   RO         6076    i.IIC_Wait_Ack      bmp280.o
    0x08001410   0x08001410   0x00000004   Code   RO         6241    i.LIGHT_Init        light.o
    0x08001414   0x08001414   0x00000004   Code   RO         6317    i.MQ135_Init        mq135.o
    0x08001418   0x08001418   0x00000004   Code   RO         6279    i.MQ2_Init          mq2.o
    0x0800141c   0x0800141c   0x0000001c   Code   RO         5560    i.MQTT_DeleteBuffer  mqttkit.o
    0x08001438   0x08001438   0x00000022   Code   RO         5561    i.MQTT_DumpLength   mqttkit.o
    0x0800145a   0x0800145a   0x00000052   Code   RO         5562    i.MQTT_NewBuffer    mqttkit.o
    0x080014ac   0x080014ac   0x00000264   Code   RO         5564    i.MQTT_PacketConnect  mqttkit.o
    0x08001710   0x08001710   0x00000170   Code   RO         5567    i.MQTT_PacketPublish  mqttkit.o
    0x08001880   0x08001880   0x00000058   Code   RO         5573    i.MQTT_PacketSaveData  mqttkit.o
    0x080018d8   0x080018d8   0x000000de   Code   RO         5574    i.MQTT_PacketSubscribe  mqttkit.o
    0x080019b6   0x080019b6   0x0000003e   Code   RO         5576    i.MQTT_ReadLength   mqttkit.o
    0x080019f4   0x080019f4   0x0000001a   Code   RO         5578    i.MQTT_UnPacketConnectAck  mqttkit.o
    0x08001a0e   0x08001a0e   0x00000002   PAD
    0x08001a10   0x08001a10   0x00000150   Code   RO         5579    i.MQTT_UnPacketPublish  mqttkit.o
    0x08001b60   0x08001b60   0x00000018   Code   RO         5580    i.MQTT_UnPacketPublishAck  mqttkit.o
    0x08001b78   0x08001b78   0x00000060   Code   RO         5584    i.MQTT_UnPacketRecv  mqttkit.o
    0x08001bd8   0x08001bd8   0x0000002c   Code   RO         5585    i.MQTT_UnPacketSubscribe  mqttkit.o
    0x08001c04   0x08001c04   0x00000002   Code   RO            6    i.MemManage_Handler  stm32f4xx_it.o
    0x08001c06   0x08001c06   0x00000002   Code   RO            7    i.NMI_Handler       stm32f4xx_it.o
    0x08001c08   0x08001c08   0x00000064   Code   RO          397    i.NVIC_Init         misc.o
    0x08001c6c   0x08001c6c   0x00000014   Code   RO          398    i.NVIC_PriorityGroupConfig  misc.o
    0x08001c80   0x08001c80   0x0000003a   Code   RO         6672    i.OLED_Clear        oled.o
    0x08001cba   0x08001cba   0x00000002   PAD
    0x08001cbc   0x08001cbc   0x0000013c   Code   RO         6676    i.OLED_Init         oled.o
    0x08001df8   0x08001df8   0x0000002a   Code   RO         6678    i.OLED_Set_Pos      oled.o
    0x08001e22   0x08001e22   0x00000002   PAD
    0x08001e24   0x08001e24   0x00000088   Code   RO         6680    i.OLED_ShowChar     oled.o
    0x08001eac   0x08001eac   0x00000036   Code   RO         6682    i.OLED_ShowString   oled.o
    0x08001ee2   0x08001ee2   0x0000000c   Code   RO         6683    i.OLED_WR_Byte      oled.o
    0x08001eee   0x08001eee   0x00000002   PAD
    0x08001ef0   0x08001ef0   0x00000104   Code   RO         5746    i.OneNET_SendPropertySetReply  onenet.o
    0x08001ff4   0x08001ff4   0x000000dc   Code   RO         5747    i.OneNET_Subscribe  onenet.o
    0x080020d0   0x080020d0   0x00000244   Code   RO         5748    i.OneNet_DevLink    onenet.o
    0x08002314   0x08002314   0x000001a8   Code   RO         5749    i.OneNet_FillBuf    onenet.o
    0x080024bc   0x080024bc   0x000002dc   Code   RO         5750    i.OneNet_RevPro     onenet.o
    0x08002798   0x08002798   0x000000e8   Code   RO         5751    i.OneNet_SendData   onenet.o
    0x08002880   0x08002880   0x00000010   Code   RO         5821    i.PWM_GetCompare2   pwm.o
    0x08002890   0x08002890   0x00000134   Code   RO         5823    i.PWM_Init          pwm.o
    0x080029c4   0x080029c4   0x0000002c   Code   RO         5824    i.PWM_Set           pwm.o
    0x080029f0   0x080029f0   0x0000000c   Code   RO         5825    i.PWM_SetCompare1   pwm.o
    0x080029fc   0x080029fc   0x0000001c   Code   RO         5827    i.PWM_Set_Fan       pwm.o
    0x08002a18   0x08002a18   0x00000028   Code   RO         5829    i.PWM_Set_LED       pwm.o
    0x08002a40   0x08002a40   0x00000002   Code   RO            8    i.PendSV_Handler    stm32f4xx_it.o
    0x08002a42   0x08002a42   0x00000004   Code   RO         6354    i.RAIN_Init         rain.o
    0x08002a46   0x08002a46   0x00000002   PAD
    0x08002a48   0x08002a48   0x00000018   Code   RO         2984    i.RCC_AHB1PeriphClockCmd  stm32f4xx_rcc.o
    0x08002a60   0x08002a60   0x00000018   Code   RO         2993    i.RCC_APB1PeriphClockCmd  stm32f4xx_rcc.o
    0x08002a78   0x08002a78   0x00000018   Code   RO         2996    i.RCC_APB2PeriphClockCmd  stm32f4xx_rcc.o
    0x08002a90   0x08002a90   0x00000090   Code   RO         3005    i.RCC_GetClocksFreq  stm32f4xx_rcc.o
    0x08002b20   0x08002b20   0x00000024   Code   RO         6077    i.SDA_IN            bmp280.o
    0x08002b44   0x08002b44   0x00000030   Code   RO         6078    i.SDA_OUT           bmp280.o
    0x08002b74   0x08002b74   0x00000064   Code   RO         7038    i.SPI_TransmissionByte  w25q128.o
    0x08002bd8   0x08002bd8   0x00000078   Code   RO         6403    i.STM32_SPI3_Init   mfrc522.o
    0x08002c50   0x08002c50   0x000000d8   Code   RO         7104    i.SU_03T_Cmd        su_03t.o
    0x08002d28   0x08002d28   0x0000005c   Code   RO         7105    i.SU_03T_Init       su_03t.o
    0x08002d84   0x08002d84   0x00000002   Code   RO            9    i.SVC_Handler       stm32f4xx_it.o
    0x08002d86   0x08002d86   0x00000002   PAD
    0x08002d88   0x08002d88   0x000000b4   Code   RO          181    i.SetSysClock       system_stm32f4xx.o
    0x08002e3c   0x08002e3c   0x0000000c   Code   RO         5830    i.Set_Fan_Mode      pwm.o
    0x08002e48   0x08002e48   0x0000000c   Code   RO         5831    i.Set_Led_Mode      pwm.o
    0x08002e54   0x08002e54   0x00000094   Code   RO         6552    i.Set_Servo2_Angle  step.o
    0x08002ee8   0x08002ee8   0x00000064   Code   RO         6554    i.Step_Motor_One    step.o
    0x08002f4c   0x08002f4c   0x00000064   Code   RO         6555    i.Step_Motor_One_U  step.o
    0x08002fb0   0x08002fb0   0x00000002   Code   RO           10    i.SysTick_Handler   stm32f4xx_it.o
    0x08002fb2   0x08002fb2   0x00000002   PAD
    0x08002fb4   0x08002fb4   0x0000005c   Code   RO          183    i.SystemInit        system_stm32f4xx.o
    0x08003010   0x08003010   0x00000022   Code   RO         6924    i.TIM2_IRQHandler   timer.o
    0x08003032   0x08003032   0x00000014   Code   RO         4317    i.TIM_ARRPreloadConfig  stm32f4xx_tim.o
    0x08003046   0x08003046   0x00000006   Code   RO         4324    i.TIM_ClearITPendingBit  stm32f4xx_tim.o
    0x0800304c   0x0800304c   0x00000014   Code   RO         4329    i.TIM_Cmd           stm32f4xx_tim.o
    0x08003060   0x08003060   0x00000016   Code   RO         4331    i.TIM_CtrlPWMOutputs  stm32f4xx_tim.o
    0x08003076   0x08003076   0x00000004   Code   RO         4345    i.TIM_GetCapture2   stm32f4xx_tim.o
    0x0800307a   0x0800307a   0x00000018   Code   RO         4350    i.TIM_GetITStatus   stm32f4xx_tim.o
    0x08003092   0x08003092   0x00000010   Code   RO         4354    i.TIM_ITConfig      stm32f4xx_tim.o
    0x080030a2   0x080030a2   0x00000002   PAD
    0x080030a4   0x080030a4   0x00000060   Code   RO         4358    i.TIM_OC1Init       stm32f4xx_tim.o
    0x08003104   0x08003104   0x0000000c   Code   RO         4361    i.TIM_OC1PreloadConfig  stm32f4xx_tim.o
    0x08003110   0x08003110   0x00000080   Code   RO         4363    i.TIM_OC2Init       stm32f4xx_tim.o
    0x08003190   0x08003190   0x00000014   Code   RO         4366    i.TIM_OC2PreloadConfig  stm32f4xx_tim.o
    0x080031a4   0x080031a4   0x00000004   Code   RO         4391    i.TIM_SetCompare1   stm32f4xx_tim.o
    0x080031a8   0x080031a8   0x00000004   Code   RO         4392    i.TIM_SetCompare2   stm32f4xx_tim.o
    0x080031ac   0x080031ac   0x0000007c   Code   RO         4401    i.TIM_TimeBaseInit  stm32f4xx_tim.o
    0x08003228   0x08003228   0x00000064   Code   RO         5931    i.USART1_IRQHandler  usart.o
    0x0800328c   0x0800328c   0x0000004c   Code   RO         5488    i.USART3_IRQHandler  esp8266.o
    0x080032d8   0x080032d8   0x00000006   Code   RO         4862    i.USART_ClearFlag   stm32f4xx_usart.o
    0x080032de   0x080032de   0x00000014   Code   RO         4866    i.USART_Cmd         stm32f4xx_usart.o
    0x080032f2   0x080032f2   0x0000000e   Code   RO         4869    i.USART_GetFlagStatus  stm32f4xx_usart.o
    0x08003300   0x08003300   0x0000003e   Code   RO         4870    i.USART_GetITStatus  stm32f4xx_usart.o
    0x0800333e   0x0800333e   0x00000030   Code   RO         4872    i.USART_ITConfig    stm32f4xx_usart.o
    0x0800336e   0x0800336e   0x00000002   PAD
    0x08003370   0x08003370   0x000000ac   Code   RO         4873    i.USART_Init        stm32f4xx_usart.o
    0x0800341c   0x0800341c   0x00000008   Code   RO         4880    i.USART_ReceiveData  stm32f4xx_usart.o
    0x08003424   0x08003424   0x00000008   Code   RO         4883    i.USART_SendData    stm32f4xx_usart.o
    0x0800342c   0x0800342c   0x0000004c   Code   RO         6880    i.Update_Value      tasks.o
    0x08003478   0x08003478   0x00000002   Code   RO           11    i.UsageFault_Handler  stm32f4xx_it.o
    0x0800347a   0x0800347a   0x00000030   Code   RO         5932    i.Usart_SendString  usart.o
    0x080034aa   0x080034aa   0x00000002   PAD
    0x080034ac   0x080034ac   0x00000058   Code   RO         7039    i.W25Qxx_Erase_Sector  w25q128.o
    0x08003504   0x08003504   0x00000020   Code   RO         7041    i.W25Qxx_Lock       w25q128.o
    0x08003524   0x08003524   0x00000050   Code   RO         7042    i.W25Qxx_ReadData   w25q128.o
    0x08003574   0x08003574   0x00000024   Code   RO         7044    i.W25Qxx_Read_Status1  w25q128.o
    0x08003598   0x08003598   0x00000020   Code   RO         7045    i.W25Qxx_UnLock     w25q128.o
    0x080035b8   0x080035b8   0x0000008c   Code   RO         7046    i.W25Qxx_WriteData  w25q128.o
    0x08003644   0x08003644   0x00000068   Code   RO         6684    i.Write_IIC_Byte    oled.o
    0x080036ac   0x080036ac   0x0000002e   Code   RO         6685    i.Write_IIC_Command  oled.o
    0x080036da   0x080036da   0x0000002e   Code   RO         6686    i.Write_IIC_Data    oled.o
    0x08003708   0x08003708   0x00000020   Code   RO         7418    i.__0printf         mc_w.l(printfa.o)
    0x08003728   0x08003728   0x00000034   Code   RO         7419    i.__0snprintf       mc_w.l(printfa.o)
    0x0800375c   0x0800375c   0x00000028   Code   RO         7420    i.__0sprintf        mc_w.l(printfa.o)
    0x08003784   0x08003784   0x00000030   Code   RO         7508    i.__ARM_fpclassify  m_wm.l(fpclassify.o)
    0x080037b4   0x080037b4   0x00000004   PAD
    0x080037b8   0x080037b8   0x00000c50   Code   RO         7146    i.__hardfp_pow      m_wm.l(pow.o)
    0x08004408   0x08004408   0x000000f8   Code   RO         7510    i.__kernel_poly     m_wm.l(poly.o)
    0x08004500   0x08004500   0x00000030   Code   RO         7494    i.__mathlib_dbl_divzero  m_wm.l(dunder.o)
    0x08004530   0x08004530   0x00000014   Code   RO         7496    i.__mathlib_dbl_infnan2  m_wm.l(dunder.o)
    0x08004544   0x08004544   0x00000004   PAD
    0x08004548   0x08004548   0x00000020   Code   RO         7497    i.__mathlib_dbl_invalid  m_wm.l(dunder.o)
    0x08004568   0x08004568   0x00000020   Code   RO         7498    i.__mathlib_dbl_overflow  m_wm.l(dunder.o)
    0x08004588   0x08004588   0x00000020   Code   RO         7500    i.__mathlib_dbl_underflow  m_wm.l(dunder.o)
    0x080045a8   0x080045a8   0x0000000e   Code   RO         7578    i.__scatterload_copy  mc_w.l(handlers.o)
    0x080045b6   0x080045b6   0x00000002   Code   RO         7579    i.__scatterload_null  mc_w.l(handlers.o)
    0x080045b8   0x080045b8   0x0000000e   Code   RO         7580    i.__scatterload_zeroinit  mc_w.l(handlers.o)
    0x080045c6   0x080045c6   0x00000002   PAD
    0x080045c8   0x080045c8   0x0000000c   Code   RO         7556    i.__set_errno       mc_w.l(errno.o)
    0x080045d4   0x080045d4   0x00000184   Code   RO         7425    i._fp_digits        mc_w.l(printfa.o)
    0x08004758   0x08004758   0x000006b4   Code   RO         7426    i._printf_core      mc_w.l(printfa.o)
    0x08004e0c   0x08004e0c   0x00000024   Code   RO         7427    i._printf_post_padding  mc_w.l(printfa.o)
    0x08004e30   0x08004e30   0x0000002e   Code   RO         7428    i._printf_pre_padding  mc_w.l(printfa.o)
    0x08004e5e   0x08004e5e   0x00000016   Code   RO         7429    i._snputc           mc_w.l(printfa.o)
    0x08004e74   0x08004e74   0x0000000a   Code   RO         7430    i._sputc            mc_w.l(printfa.o)
    0x08004e7e   0x08004e7e   0x00000014   Code   RO         6080    i.bme280Init        bmp280.o
    0x08004e92   0x08004e92   0x00000002   PAD
    0x08004e94   0x08004e94   0x0000009c   Code   RO         6630    i.button_scan       key.o
    0x08004f30   0x08004f30   0x00000048   Code   RO         5127    i.cJSON_Delete      cjson.o
    0x08004f78   0x08004f78   0x0000001c   Code   RO         5136    i.cJSON_GetObjectItem  cjson.o
    0x08004f94   0x08004f94   0x0000001c   Code   RO         5140    i.cJSON_New_Item    cjson.o
    0x08004fb0   0x08004fb0   0x00000008   Code   RO         5141    i.cJSON_Parse       cjson.o
    0x08004fb8   0x08004fb8   0x00000060   Code   RO         5142    i.cJSON_ParseWithOpts  cjson.o
    0x08005018   0x08005018   0x00000042   Code   RO         5148    i.cJSON_strcasecmp  cjson.o
    0x0800505a   0x0800505a   0x00000002   PAD
    0x0800505c   0x0800505c   0x00000034   Code   RO         5456    i.delay_ms          delay.o
    0x08005090   0x08005090   0x00000034   Code   RO         5457    i.delay_us          delay.o
    0x080050c4   0x080050c4   0x00000050   Code   RO          219    i.door              main.o
    0x08005114   0x08005114   0x00000018   Code   RO         7136    i.fabs              m_wm.l(fabs.o)
    0x0800512c   0x0800512c   0x00000024   Code   RO         5933    i.fputc             usart.o
    0x08005150   0x08005150   0x00000050   Code   RO         7446    i.free              mc_w.l(malloc.o)
    0x080051a0   0x080051a0   0x00000058   Code   RO         6084    i.iicDevRead        bmp280.o
    0x080051f8   0x080051f8   0x00000032   Code   RO         6089    i.iicDevWriteByte   bmp280.o
    0x0800522a   0x0800522a   0x00000002   PAD
    0x0800522c   0x0800522c   0x00000088   Code   RO         6631    i.key_4X4_Init      key.o
    0x080052b4   0x080052b4   0x00000064   Code   RO         5542    i.led_init          led.o
    0x08005318   0x08005318   0x0000011c   Code   RO          220    i.main              main.o
    0x08005434   0x08005434   0x0000006c   Code   RO         7447    i.malloc            mc_w.l(malloc.o)
    0x080054a0   0x080054a0   0x00000028   Code   RO         6688    i.oled_fill         oled.o
    0x080054c8   0x080054c8   0x00000054   Code   RO         6690    i.oled_show_changed  oled.o
    0x0800551c   0x0800551c   0x00000088   Code   RO         6691    i.oled_show_char    oled.o
    0x080055a4   0x080055a4   0x00000088   Code   RO         6692    i.oled_show_chinese  oled.o
    0x0800562c   0x0800562c   0x00000054   Code   RO         6693    i.oled_show_input   oled.o
    0x08005680   0x08005680   0x00000054   Code   RO         6694    i.oled_show_new     oled.o
    0x080056d4   0x080056d4   0x00000054   Code   RO         6695    i.oled_show_old     oled.o
    0x08005728   0x08005728   0x0000003c   Code   RO         6696    i.oled_show_right   oled.o
    0x08005764   0x08005764   0x00000054   Code   RO         6697    i.oled_show_set     oled.o
    0x080057b8   0x080057b8   0x0000003c   Code   RO         6698    i.oled_show_wrong   oled.o
    0x080057f4   0x080057f4   0x00000088   Code   RO         5152    i.parse_array       cjson.o
    0x0800587c   0x0800587c   0x000000a6   Code   RO         5153    i.parse_hex4        cjson.o
    0x08005922   0x08005922   0x00000002   PAD
    0x08005924   0x08005924   0x0000018c   Code   RO         5154    i.parse_number      cjson.o
    0x08005ab0   0x08005ab0   0x000000b4   Code   RO         5155    i.parse_object      cjson.o
    0x08005b64   0x08005b64   0x0000015c   Code   RO         5156    i.parse_string      cjson.o
    0x08005cc0   0x08005cc0   0x000000b4   Code   RO         5157    i.parse_value       cjson.o
    0x08005d74   0x08005d74   0x00000054   Code   RO         6950    i.password_check    password.o
    0x08005dc8   0x08005dc8   0x0000004c   Code   RO         6951    i.password_compare  password.o
    0x08005e14   0x08005e14   0x000000b0   Code   RO         6952    i.password_get_input  password.o
    0x08005ec4   0x08005ec4   0x00000018   Code   RO         6954    i.password_input_clear  password.o
    0x08005edc   0x08005edc   0x00000044   Code   RO         6955    i.password_input_right_action  password.o
    0x08005f20   0x08005f20   0x0000003c   Code   RO         6956    i.password_input_wrong_action  password.o
    0x08005f5c   0x08005f5c   0x0000002e   Code   RO         6957    i.password_old_right_action  password.o
    0x08005f8a   0x08005f8a   0x00000012   Code   RO         6958    i.password_old_wrong_action  password.o
    0x08005f9c   0x08005f9c   0x00000020   Code   RO         6959    i.password_save     password.o
    0x08005fbc   0x08005fbc   0x000000b0   Code   RO         6091    i.readTrim          bmp280.o
    0x0800606c   0x0800606c   0x00000026   Code   RO         6092    i.setup             bmp280.o
    0x08006092   0x08006092   0x00000014   Code   RO         5164    i.skip              cjson.o
    0x080060a6   0x080060a6   0x0000006e   Code   RO         7515    i.sqrt              m_wm.l(sqrt.o)
    0x08006114   0x08006114   0x0000005e   Code   RO         6925    i.timer_init        timer.o
    0x08006172   0x08006172   0x00000002   PAD
    0x08006174   0x08006174   0x00000048   Code   RO         6881    i.timer_isr         tasks.o
    0x080061bc   0x080061bc   0x000000cc   Code   RO         5934    i.uart3_init        usart.o
    0x08006288   0x08006288   0x000000cc   Code   RO         5935    i.uart_init         usart.o
    0x08006354   0x08006354   0x0000000a   Code   RO         6093    i.writeReg          bmp280.o
    0x0800635e   0x0800635e   0x00000007   Data   RO         5166    .constdata          cjson.o
    0x08006365   0x08006365   0x00002478   Data   RO         6699    .constdata          oled.o
    0x080087dd   0x080087dd   0x00000003   PAD
    0x080087e0   0x080087e0   0x00000088   Data   RO         7149    .constdata          m_wm.l(pow.o)
    0x08008868   0x08008868   0x00000008   Data   RO         7512    .constdata          m_wm.l(qnan.o)
    0x08008870   0x08008870   0x0000007c   Data   RO         5753    .conststring        onenet.o
    0x080088ec   0x080088ec   0x00000020   Data   RO         7576    Region$$Table       anon$$obj.o


    Execution Region RW_IRAM1 (Exec base: 0x20000000, Load base: 0x0800890c, Size: 0x000057d8, Max: 0x00020000, ABSOLUTE)

    Exec Addr    Load Addr    Size         Type   Attr      Idx    E Section Name        Object

    0x20000000   0x0800890c   0x00000014   Data   RW          184    .data               system_stm32f4xx.o
    0x20000014   0x08008920   0x00000001   Data   RW          221    .data               main.o
    0x20000015   0x08008921   0x00000010   Data   RW         3037    .data               stm32f4xx_rcc.o
    0x20000025   0x08008931   0x00000003   PAD
    0x20000028   0x08008934   0x0000000c   Data   RW         5167    .data               cjson.o
    0x20000034   0x08008940   0x00000004   Data   RW         5490    .data               esp8266.o
    0x20000038   0x08008944   0x00000002   Data   RW         5754    .data               onenet.o
    0x2000003a   0x08008946   0x00000005   Data   RW         5832    .data               pwm.o
    0x2000003f   0x0800894b   0x00000001   PAD
    0x20000040   0x0800894c   0x00000002   Data   RW         5938    .data               usart.o
    0x20000042   0x0800894e   0x00000002   PAD
    0x20000044   0x08008950   0x00000004   Data   RW         6044    .data               adc.o
    0x20000048   0x08008954   0x00000034   Data   RW         6094    .data               bmp280.o
    0x2000007c   0x08008988   0x0000000a   Data   RW         6556    .data               step.o
    0x20000086   0x08008992   0x00000002   Data   RW         6558    .data               step.o
    0x20000088   0x08008994   0x00000001   Data   RW         6600    .data               beep.o
    0x20000089   0x08008995   0x00000003   PAD
    0x2000008c   0x08008998   0x00000048   Data   RW         6634    .data               key.o
    0x200000d4   0x080089e0   0x00000014   Data   RW         6882    .data               tasks.o
    0x200000e8   0x080089f4   0x00000003   Data   RW         6961    .data               password.o
    0x200000eb   0x080089f7   0x00000001   Data   RW         7106    .data               su_03t.o
    0x200000ec   0x080089f8   0x00000004   Data   RW         7541    .data               mc_w.l(stdout.o)
    0x200000f0   0x080089fc   0x00000004   Data   RW         7552    .data               mc_w.l(mvars.o)
    0x200000f4   0x08008a00   0x00000004   Data   RW         7553    .data               mc_w.l(mvars.o)
    0x200000f8   0x08008a04   0x00000004   Data   RW         7557    .data               mc_w.l(errno.o)
    0x200000fc        -       0x00000400   Zero   RW         5489    .bss                esp8266.o
    0x200004fc        -       0x00000200   Zero   RW         5752    .bss                onenet.o
    0x200006fc        -       0x000000c8   Zero   RW         5936    .bss                usart.o
    0x200007c4        -       0x00000014   Zero   RW         6960    .bss                password.o
    0x200007d8        -       0x00001000   Zero   RW          389    HEAP                startup_stm32f40_41xxx.o
    0x200017d8        -       0x00004000   Zero   RW          388    STACK               startup_stm32f40_41xxx.o


==============================================================================

Image component sizes


      Code (inc. data)   RO Data    RW Data    ZI Data      Debug   Object Name

       344         38          0          4          0       1433   adc.o
        92         12          0          1          0       1625   beep.o
       950         54          0         52          0      11049   bmp280.o
      1724         94          7         12          0      13622   cjson.o
       104         16          0          0          0       1106   delay.o
       752        324          0          4       1024       5563   esp8266.o
       292         16          0         72          0       2516   key.o
       100         18          0          0          0        555   led.o
         4          0          0          0          0        461   light.o
       468        152          0          1          0     249117   main.o
       120         10          0          0          0        602   mfrc522.o
       120         14          0          0          0       1535   misc.o
         4          0          0          0          0        457   mq135.o
         4          0          0          0          0        447   mq2.o
      2022         56          0          0          0      14870   mqttkit.o
      1794         94       9336          0          0      15456   oled.o
      2448       1292        124          2        512       9837   onenet.o
       584        140          0          3         20       6293   password.o
       472         62          0          5          0       5478   pwm.o
         4          0          0          0          0        460   rain.o
        36          8        392          0      20480        828   startup_stm32f40_41xxx.o
       348         60          0         12          0       2904   step.o
       306         20          0          0          0       5563   stm32f4xx_adc.o
       396         24          0          0          0       3298   stm32f4xx_dma.o
       184          0          0          0          0       4123   stm32f4xx_gpio.o
        18          0          0          0          0      69014   stm32f4xx_it.o
       216         30          0         16          0       4711   stm32f4xx_rcc.o
       500         44          0          0          0      10433   stm32f4xx_tim.o
       338          8          0          0          0       6199   stm32f4xx_usart.o
       308         50          0          1          0       1645   su_03t.o
       272         36          0         20          0       1769   system_stm32f4xx.o
       188         50          0         20          0       3659   tasks.o
       128          0          0          0          0       1155   timer.o
       592         86          0          2        200       4256   usart.o
       508         60          0          0          0       5198   w25q128.o

    ----------------------------------------------------------------------
     16778       2868       9894        236      22236     467237   Object Totals
         0          0         32          0          0          0   (incl. Generated)
        38          0          3          9          0          0   (incl. Padding)

    ----------------------------------------------------------------------

      Code (inc. data)   RO Data    RW Data    ZI Data      Debug   Library Member Name

       164         44          0          0          0        620   dunder.o
        24          0          0          0          0        124   fabs.o
        48          0          0          0          0        124   fpclassify.o
       248          0          0          0          0        152   poly.o
      3152        296        136          0          0        352   pow.o
         0          0          8          0          0          0   qnan.o
       110          0          0          0          0        148   sqrt.o
         0          0          0          0          0          0   entry.o
         0          0          0          0          0          0   entry10a.o
         0          0          0          0          0          0   entry11a.o
         4          0          0          0          0          0   entry12b.o
         8          4          0          0          0          0   entry2.o
         4          0          0          0          0          0   entry5.o
         0          0          0          0          0          0   entry7b.o
         0          0          0          0          0          0   entry8b.o
         8          4          0          0          0          0   entry9a.o
        12          6          0          4          0         68   errno.o
        30          0          0          0          0          0   handlers.o
        36          8          0          0          0         68   init.o
         0          0          0          0          0          0   iusefp.o
        30          0          0          0          0         68   llshl.o
        36          0          0          0          0         68   llsshr.o
        32          0          0          0          0         68   llushr.o
       188         20          0          0          0        160   malloc.o
        36          0          0          0          0         68   memcpya.o
        36          0          0          0          0        108   memseta.o
         0          0          0          8          0          0   mvars.o
      2342        100          0          0          0        772   printfa.o
         0          0          0          4          0          0   stdout.o
        24          0          0          0          0         68   strcat.o
        20          0          0          0          0         68   strchr.o
        18          0          0          0          0         68   strcpy.o
        14          0          0          0          0         68   strlen.o
        40          0          0          0          0         76   strncat.o
        30          0          0          0          0         80   strncmp.o
        36          0          0          0          0         80   strstr.o
        12          0          0          0          0         68   tolower.o
        44          0          0          0          0         80   uidiv.o
        98          0          0          0          0         92   uldiv.o
        48          0          0          0          0         68   cdrcmple.o
       334          0          0          0          0        148   dadd.o
       222          0          0          0          0        100   ddiv.o
       186          0          0          0          0        176   depilogue.o
        62          0          0          0          0         80   dfixi.o
        48          0          0          0          0         68   dfixul.o
        34          0          0          0          0         76   dflti.o
       228          0          0          0          0         96   dmul.o
        46          0          0          0          0         80   dscalb.o
       162          0          0          0          0        100   dsqrt.o

    ----------------------------------------------------------------------
      8268        482        144         16          0       4708   Library Totals
        14          0          0          0          0          0   (incl. Padding)

    ----------------------------------------------------------------------

      Code (inc. data)   RO Data    RW Data    ZI Data      Debug   Library Name

      3746        340        144          0          0       1520   m_wm.l
      3138        142          0         16          0       2196   mc_w.l
      1370          0          0          0          0        992   mf_w.l

    ----------------------------------------------------------------------
      8268        482        144         16          0       4708   Library Totals

    ----------------------------------------------------------------------

==============================================================================


      Code (inc. data)   RO Data    RW Data    ZI Data      Debug   

     25046       3350      10038        252      22236     451381   Grand Totals
     25046       3350      10038        252      22236     451381   ELF Image Totals
     25046       3350      10038        252          0          0   ROM Totals

==============================================================================

    Total RO  Size (Code + RO Data)                35084 (  34.26kB)
    Total RW  Size (RW Data + ZI Data)             22488 (  21.96kB)
    Total ROM Size (Code + RO Data + RW Data)      35336 (  34.51kB)

==============================================================================

